Component: ARM Compiler 5.06 update 7 (build 960) Tool: armlink [4d3601]

==============================================================================

Section Cross References

    main.o(i.main) refers to thread.o(i.rt_thread_create) for rt_thread_create
    main.o(i.main) refers to thread.o(i.rt_thread_startup) for rt_thread_startup
    main.o(i.main) refers to led_thread.o(i.led_thread) for led_thread
    systick.o(i.delay_1ms) refers to systick.o(.data) for delay
    systick.o(i.delay_decrement) refers to systick.o(.data) for delay
    systick.o(i.systick_config) refers to systick.o(i.NVIC_SetPriority) for NVIC_SetPriority
    systick.o(i.systick_config) refers to system_gd32f4xx.o(.data) for SystemCoreClock
    led.o(i.led_init) refers to gd32f4xx_rcu.o(i.rcu_periph_clock_enable) for rcu_periph_clock_enable
    led.o(i.led_init) refers to gd32f4xx_gpio.o(i.gpio_mode_set) for gpio_mode_set
    led.o(i.led_init) refers to gd32f4xx_gpio.o(i.gpio_output_options_set) for gpio_output_options_set
    led.o(i.led_init) refers to gd32f4xx_gpio.o(i.gpio_bit_set) for gpio_bit_set
    led.o(i.led_off) refers to gd32f4xx_gpio.o(i.gpio_bit_set) for gpio_bit_set
    led.o(i.led_on) refers to gd32f4xx_gpio.o(i.gpio_bit_reset) for gpio_bit_reset
    usart.o(i.USART2_IRQHandler) refers to gd32f4xx_usart.o(i.usart_interrupt_flag_get) for usart_interrupt_flag_get
    usart.o(i.USART2_IRQHandler) refers to gd32f4xx_usart.o(i.usart_flag_get) for usart_flag_get
    usart.o(i.USART2_IRQHandler) refers to gd32f4xx_usart.o(i.usart_data_receive) for usart_data_receive
    usart.o(i.USART2_IRQHandler) refers to gd32f4xx_usart.o(i.usart_flag_clear) for usart_flag_clear
    usart.o(i.USART2_IRQHandler) refers to gd32f4xx_usart.o(i.usart_interrupt_flag_clear) for usart_interrupt_flag_clear
    usart.o(i.USART2_IRQHandler) refers to usart.o(i.usart_send_data_num) for usart_send_data_num
    usart.o(i.USART2_IRQHandler) refers to memseta.o(.text) for __aeabi_memclr
    usart.o(i.USART2_IRQHandler) refers to usart.o(.data) for usart_rx_num
    usart.o(i.USART2_IRQHandler) refers to usart.o(.bss) for usart_rx_buffer
    usart.o(i.fputc) refers to gd32f4xx_usart.o(i.usart_data_transmit) for usart_data_transmit
    usart.o(i.fputc) refers to gd32f4xx_usart.o(i.usart_flag_get) for usart_flag_get
    usart.o(i.usart0_init) refers to gd32f4xx_rcu.o(i.rcu_periph_clock_enable) for rcu_periph_clock_enable
    usart.o(i.usart0_init) refers to gd32f4xx_gpio.o(i.gpio_af_set) for gpio_af_set
    usart.o(i.usart0_init) refers to gd32f4xx_gpio.o(i.gpio_mode_set) for gpio_mode_set
    usart.o(i.usart0_init) refers to gd32f4xx_gpio.o(i.gpio_output_options_set) for gpio_output_options_set
    usart.o(i.usart0_init) refers to gd32f4xx_usart.o(i.usart_deinit) for usart_deinit
    usart.o(i.usart0_init) refers to gd32f4xx_usart.o(i.usart_baudrate_set) for usart_baudrate_set
    usart.o(i.usart0_init) refers to gd32f4xx_usart.o(i.usart_parity_config) for usart_parity_config
    usart.o(i.usart0_init) refers to gd32f4xx_usart.o(i.usart_word_length_set) for usart_word_length_set
    usart.o(i.usart0_init) refers to gd32f4xx_usart.o(i.usart_stop_bit_set) for usart_stop_bit_set
    usart.o(i.usart0_init) refers to gd32f4xx_usart.o(i.usart_hardware_flow_rts_config) for usart_hardware_flow_rts_config
    usart.o(i.usart0_init) refers to gd32f4xx_usart.o(i.usart_hardware_flow_cts_config) for usart_hardware_flow_cts_config
    usart.o(i.usart0_init) refers to gd32f4xx_usart.o(i.usart_hardware_flow_coherence_config) for usart_hardware_flow_coherence_config
    usart.o(i.usart0_init) refers to gd32f4xx_usart.o(i.usart_receive_config) for usart_receive_config
    usart.o(i.usart0_init) refers to gd32f4xx_usart.o(i.usart_transmit_config) for usart_transmit_config
    usart.o(i.usart0_init) refers to gd32f4xx_usart.o(i.usart_interrupt_enable) for usart_interrupt_enable
    usart.o(i.usart0_init) refers to gd32f4xx_misc.o(i.nvic_irq_enable) for nvic_irq_enable
    usart.o(i.usart0_init) refers to gd32f4xx_usart.o(i.usart_enable) for usart_enable
    usart.o(i.usart2_init) refers to gd32f4xx_rcu.o(i.rcu_periph_clock_enable) for rcu_periph_clock_enable
    usart.o(i.usart2_init) refers to gd32f4xx_gpio.o(i.gpio_af_set) for gpio_af_set
    usart.o(i.usart2_init) refers to gd32f4xx_gpio.o(i.gpio_mode_set) for gpio_mode_set
    usart.o(i.usart2_init) refers to gd32f4xx_gpio.o(i.gpio_output_options_set) for gpio_output_options_set
    usart.o(i.usart2_init) refers to gd32f4xx_usart.o(i.usart_deinit) for usart_deinit
    usart.o(i.usart2_init) refers to gd32f4xx_usart.o(i.usart_baudrate_set) for usart_baudrate_set
    usart.o(i.usart2_init) refers to gd32f4xx_usart.o(i.usart_parity_config) for usart_parity_config
    usart.o(i.usart2_init) refers to gd32f4xx_usart.o(i.usart_word_length_set) for usart_word_length_set
    usart.o(i.usart2_init) refers to gd32f4xx_usart.o(i.usart_stop_bit_set) for usart_stop_bit_set
[...]
    i.rt_object_init                         0x0800316c   Section        0  object.o(i.rt_object_init)
    i.rt_object_is_systemobject              0x080031c2   Section        0  object.o(i.rt_object_is_systemobject)
    i.rt_schedule                            0x080031d4   Section        0  scheduler.o(i.rt_schedule)
    i.rt_schedule_insert_thread              0x080032f0   Section        0  scheduler.o(i.rt_schedule_insert_thread)
    i.rt_schedule_remove_thread              0x0800338c   Section        0  scheduler.o(i.rt_schedule_remove_thread)
    i.rt_sem_init                            0x080033e0   Section        0  ipc.o(i.rt_sem_init)
    i.rt_show_version                        0x08003408   Section        0  kservice.o(i.rt_show_version)
    i.rt_smem_alloc                          0x080034cc   Section        0  mem.o(i.rt_smem_alloc)
    i.rt_smem_free                           0x080035e0   Section        0  mem.o(i.rt_smem_free)
    i.rt_smem_init                           0x0800361c   Section        0  mem.o(i.rt_smem_init)
    i.rt_sprintf                             0x0800370c   Section        0  kservice.o(i.rt_sprintf)
    i.rt_strerror                            0x08003730   Section        0  kservice.o(i.rt_strerror)
    i.rt_strlen                              0x08003750   Section        0  kservice.o(i.rt_strlen)
    i.rt_strncpy                             0x08003762   Section        0  kservice.o(i.rt_strncpy)
    i.rt_system_heap_init                    0x08003798   Section        0  kservice.o(i.rt_system_heap_init)
    i.rt_system_scheduler_init               0x080037cc   Section        0  scheduler.o(i.rt_system_scheduler_init)
    i.rt_system_scheduler_start              0x08003800   Section        0  scheduler.o(i.rt_system_scheduler_start)
    i.rt_system_timer_init                   0x08003828   Section        0  timer.o(i.rt_system_timer_init)
    i.rt_system_timer_thread_init            0x08003844   Section        0  timer.o(i.rt_system_timer_thread_init)
    i.rt_thread_create                       0x08003846   Section        0  thread.o(i.rt_thread_create)
    i.rt_thread_defunct_dequeue              0x08003898   Section        0  idle.o(i.rt_thread_defunct_dequeue)
    i.rt_thread_defunct_enqueue              0x080038d4   Section        0  idle.o(i.rt_thread_defunct_enqueue)
    i.rt_thread_delay                        0x080038f0   Section        0  thread.o(i.rt_thread_delay)
    i.rt_thread_idle_entry                   0x080038fc   Section        0  idle.o(i.rt_thread_idle_entry)
    rt_thread_idle_entry                     0x080038fd   Thumb Code     8  idle.o(i.rt_thread_idle_entry)
    i.rt_thread_idle_init                    0x08003904   Section        0  idle.o(i.rt_thread_idle_init)
    i.rt_thread_init                         0x0800396c   Section        0  thread.o(i.rt_thread_init)
    i.rt_thread_resume                       0x080039a0   Section        0  thread.o(i.rt_thread_resume)
    i.rt_thread_self                         0x080039dc   Section        0  thread.o(i.rt_thread_self)
    i.rt_thread_sleep                        0x080039e8   Section        0  thread.o(i.rt_thread_sleep)
    i.rt_thread_startup                      0x08003a2c   Section        0  thread.o(i.rt_thread_startup)
    i.rt_thread_suspend                      0x08003a54   Section        0  thread.o(i.rt_thread_suspend)
    i.rt_tick_get                            0x08003a9c   Section        0  clock.o(i.rt_tick_get)
    i.rt_tick_increase                       0x08003aa8   Section        0  clock.o(i.rt_tick_increase)
    i.rt_timer_check                         0x08003af8   Section        0  timer.o(i.rt_timer_check)
    i.rt_timer_control                       0x08003b9c   Section        0  timer.o(i.rt_timer_control)
    i.rt_timer_detach                        0x08003c04   Section        0  timer.o(i.rt_timer_detach)
    i.rt_timer_init                          0x08003c2c   Section        0  timer.o(i.rt_timer_init)
    i.rt_timer_start                         0x08003c5c   Section        0  timer.o(i.rt_timer_start)
    i.rt_timer_stop                          0x08003d54   Section        0  timer.o(i.rt_timer_stop)
    i.rt_vsnprintf                           0x08003d84   Section        0  kservice.o(i.rt_vsnprintf)
    i.rt_vsprintf                            0x080040c4   Section        0  kservice.o(i.rt_vsprintf)
    i.rti_board_end                          0x080040da   Section        0  components.o(i.rti_board_end)
    rti_board_end                            0x080040db   Thumb Code     4  components.o(i.rti_board_end)
    i.rti_board_start                        0x080040de   Section        0  components.o(i.rti_board_start)
    rti_board_start                          0x080040df   Thumb Code     4  components.o(i.rti_board_start)
    i.rti_end                                0x080040e2   Section        0  components.o(i.rti_end)
    rti_end                                  0x080040e3   Thumb Code     4  components.o(i.rti_end)
    i.rti_start                              0x080040e6   Section        0  components.o(i.rti_start)
    rti_start                                0x080040e7   Thumb Code     4  components.o(i.rti_start)
    i.rtthread_startup                       0x080040ea   Section        0  components.o(i.rtthread_startup)
    i.sd_interrupts_process                  0x08004114   Section        0  sdcard.o(i.sd_interrupts_process)
    i.sd_transfer_stop                       0x08004244   Section        0  sdcard.o(i.sd_transfer_stop)
    i.sdio_command_index_get                 0x08004268   Section        0  gd32f4xx_sdio.o(i.sdio_command_index_get)
    i.sdio_command_response_config           0x08004274   Section        0  gd32f4xx_sdio.o(i.sdio_command_response_config)
    i.sdio_csm_enable                        0x080042ac   Section        0  gd32f4xx_sdio.o(i.sdio_csm_enable)
    i.sdio_flag_clear                        0x080042c0   Section        0  gd32f4xx_sdio.o(i.sdio_flag_clear)
    i.sdio_interrupt_disable                 0x080042cc   Section        0  gd32f4xx_sdio.o(i.sdio_interrupt_disable)
    i.sdio_interrupt_flag_clear              0x080042dc   Section        0  gd32f4xx_sdio.o(i.sdio_interrupt_flag_clear)
    i.sdio_interrupt_flag_get                0x080042e8   Section        0  gd32f4xx_sdio.o(i.sdio_interrupt_flag_get)
    i.sdio_response_get                      0x080042fc   Section        0  gd32f4xx_sdio.o(i.sdio_response_get)
    i.sdio_wait_type_set                     0x08004338   Section        0  gd32f4xx_sdio.o(i.sdio_wait_type_set)
    i.shell_auto_complete                    0x08004354   Section        0  shell.o(i.shell_auto_complete)
    shell_auto_complete                      0x08004355   Thumb Code    34  shell.o(i.shell_auto_complete)
    i.show_wait_queue                        0x08004384   Section        0  cmd.o(i.show_wait_queue)
    show_wait_queue                          0x08004385   Thumb Code    42  cmd.o(i.show_wait_queue)
    i.skip_atoi                              0x080043bc   Section        0  kservice.o(i.skip_atoi)
    skip_atoi                                0x080043bd   Thumb Code    38  kservice.o(i.skip_atoi)
    i.str_common                             0x080043e2   Section        0  msh.o(i.str_common)
    str_common                               0x080043e3   Thumb Code    32  msh.o(i.str_common)
    i.system_clock_168m_8m_hxtal             0x08004404   Section        0  system_gd32f4xx.o(i.system_clock_168m_8m_hxtal)
    system_clock_168m_8m_hxtal               0x08004405   Thumb Code   258  system_gd32f4xx.o(i.system_clock_168m_8m_hxtal)
    i.system_clock_config                    0x08004514   Section        0  system_gd32f4xx.o(i.system_clock_config)
    system_clock_config                      0x08004515   Thumb Code     8  system_gd32f4xx.o(i.system_clock_config)
    i.uart_init                              0x0800451c   Section        0  board.o(i.uart_init)
    uart_init                                0x0800451d   Thumb Code    14  board.o(i.uart_init)
    i.usage_fault_track                      0x0800452c   Section        0  cpuport.o(i.usage_fault_track)
    usage_fault_track                        0x0800452d   Thumb Code   122  cpuport.o(i.usage_fault_track)
    i.usart0_init                            0x08004614   Section        0  usart.o(i.usart0_init)
    i.usart_baudrate_set                     0x080046f0   Section        0  gd32f4xx_usart.o(i.usart_baudrate_set)
    i.usart_data_receive                     0x080047d8   Section        0  gd32f4xx_usart.o(i.usart_data_receive)
    i.usart_data_transmit                    0x080047e2   Section        0  gd32f4xx_usart.o(i.usart_data_transmit)
    i.usart_deinit                           0x080047ec   Section        0  gd32f4xx_usart.o(i.usart_deinit)
    i.usart_enable                           0x080048c8   Section        0  gd32f4xx_usart.o(i.usart_enable)
    i.usart_flag_clear                       0x080048d2   Section        0  gd32f4xx_usart.o(i.usart_flag_clear)
    i.usart_flag_get                         0x08004906   Section        0  gd32f4xx_usart.o(i.usart_flag_get)
    i.usart_hardware_flow_coherence_config   0x08004924   Section        0  gd32f4xx_usart.o(i.usart_hardware_flow_coherence_config)
    i.usart_hardware_flow_cts_config         0x0800493c   Section        0  gd32f4xx_usart.o(i.usart_hardware_flow_cts_config)
    i.usart_hardware_flow_rts_config         0x08004950   Section        0  gd32f4xx_usart.o(i.usart_hardware_flow_rts_config)
    i.usart_interrupt_enable                 0x08004964   Section        0  gd32f4xx_usart.o(i.usart_interrupt_enable)
    i.usart_interrupt_flag_clear             0x0800497e   Section        0  gd32f4xx_usart.o(i.usart_interrupt_flag_clear)
    i.usart_interrupt_flag_get               0x08004998   Section        0  gd32f4xx_usart.o(i.usart_interrupt_flag_get)
    i.usart_parity_config                    0x080049d0   Section        0  gd32f4xx_usart.o(i.usart_parity_config)
    i.usart_receive_config                   0x080049e0   Section        0  gd32f4xx_usart.o(i.usart_receive_config)
    i.usart_send_data_num                    0x080049f0   Section        0  usart.o(i.usart_send_data_num)
    i.usart_stop_bit_set                     0x08004a20   Section        0  gd32f4xx_usart.o(i.usart_stop_bit_set)
    i.usart_transmit_config                  0x08004a30   Section        0  gd32f4xx_usart.o(i.usart_transmit_config)
    i.usart_word_length_set                  0x08004a40   Section        0  gd32f4xx_usart.o(i.usart_word_length_set)
    i.version                                0x08004a50   Section        0  cmd.o(i.version)
    .constdata                               0x08004a5a   Section      290  kservice.o(.constdata)
    small_digits                             0x08004b5a   Data          17  kservice.o(.constdata)
    large_digits                             0x08004b6b   Data          17  kservice.o(.constdata)
    .conststring                             0x08004b7c   Section       88  kservice.o(.conststring)
    .conststring                             0x08004bd4   Section       68  cmd.o(.conststring)
    .rodata.name                             0x08004c18   Section      220  cmd.o(.rodata.name)
    .rodata.name                             0x08004cf4   Section       27  msh.o(.rodata.name)
    .rti_fn.0                                0x08004d10   Section        4  components.o(.rti_fn.0)
    __tagsym$$used                           0x08004d10   Number         0  components.o(.rti_fn.0)
    .rti_fn.0.end                            0x08004d14   Section        4  components.o(.rti_fn.0.end)
    __tagsym$$used                           0x08004d14   Number         0  components.o(.rti_fn.0.end)
    .rti_fn.1                                0x08004d18   Section        4  board.o(.rti_fn.1)
    __tagsym$$used                           0x08004d18   Number         0  board.o(.rti_fn.1)
    .rti_fn.1.end                            0x08004d1c   Section        4  components.o(.rti_fn.1.end)
    __tagsym$$used                           0x08004d1c   Number         0  components.o(.rti_fn.1.end)
    .rti_fn.6                                0x08004d20   Section        4  shell.o(.rti_fn.6)
    __tagsym$$used                           0x08004d20   Number         0  shell.o(.rti_fn.6)
    .rti_fn.6.end                            0x08004d24   Section        4  components.o(.rti_fn.6.end)
    __tagsym$$used                           0x08004d24   Number         0  components.o(.rti_fn.6.end)
    FSymTab                                  0x08004d28   Section       84  cmd.o(FSymTab)
    __tagsym$$used                           0x08004d28   Number         0  cmd.o(FSymTab)
    __tagsym$$used                           0x08004d34   Number         0  cmd.o(FSymTab)
    __tagsym$$used                           0x08004d40   Number         0  cmd.o(FSymTab)
    __tagsym$$used                           0x08004d4c   Number         0  cmd.o(FSymTab)
    __tagsym$$used                           0x08004d58   Number         0  cmd.o(FSymTab)
    __tagsym$$used                           0x08004d64   Number         0  cmd.o(FSymTab)
    __tagsym$$used                           0x08004d70   Number         0  cmd.o(FSymTab)
    FSymTab                                  0x08004d7c   Section       12  msh.o(FSymTab)
    __tagsym$$used                           0x08004d7c   Number         0  msh.o(FSymTab)
    .data                                    0x20000000   Section        4  usart.o(.data)
    .data                                    0x20000004   Section       36  sdcard.o(.data)
    cardtype                                 0x2000000c   Data           1  sdcard.o(.data)
    sd_rca                                   0x2000000e   Data           2  sdcard.o(.data)
    transmode                                0x20000010   Data           4  sdcard.o(.data)
    totalnumber_bytes                        0x20000014   Data           4  sdcard.o(.data)
    stopcondition                            0x20000018   Data           4  sdcard.o(.data)
    transerror                               0x2000001c   Data           1  sdcard.o(.data)
    transend                                 0x20000020   Data           4  sdcard.o(.data)
    number_bytes                             0x20000024   Data           4  sdcard.o(.data)
    .data                                    0x20000028   Section        5  rs485.o(.data)
    .data                                    0x2000002d   Section        3  can.o(.data)
    .data                                    0x20000030   Section        2  i2c.o(.data)
    .data                                    0x20000034   Section       19  at24cxx.o(.data)
    .data                                    0x20000048   Section        4  system_gd32f4xx.o(.data)
    .data                                    0x2000004c   Section        4  clock.o(.data)
    rt_tick                                  0x2000004c   Data           4  clock.o(.data)
    .data                                    0x20000050   Section        8  idle.o(.data)
    _rt_thread_defunct                       0x20000050   Data           8  idle.o(.data)
    .data                                    0x20000058   Section        1  irq.o(.data)
    .data                                    0x2000005c   Section       56  kservice.o(.data)
    __rt_errno                               0x2000005c   Data           4  kservice.o(.data)
    rt_errno_strs                            0x20000060   Data          48  kservice.o(.data)
    system_heap                              0x20000090   Data           4  kservice.o(.data)
    .data                                    0x20000094   Section       80  object.o(.data)
    _object_container                        0x20000094   Data          80  object.o(.data)
    .data                                    0x200000e4   Section       13  scheduler.o(.data)
    rt_scheduler_lock_nest                   0x200000e8   Data           2  scheduler.o(.data)
    .data                                    0x200000f4   Section       12  timer.o(.data)
    _timer_list                              0x200000f4   Data           8  timer.o(.data)
    random_nr                                0x200000fc   Data           4  timer.o(.data)
    .data                                    0x20000100   Section       16  cpuport.o(.data)
    rt_exception_hook                        0x2000010c   Data           4  cpuport.o(.data)
    .data                                    0x20000110   Section       16  shell.o(.data)
    finsh_prompt_custom                      0x2000011c   Data           4  shell.o(.data)
    .data                                    0x20000120   Section        5  board.o(.data)
    .bss                                     0x20000128   Section      512  usart.o(.bss)
    .bss                                     0x20000328   Section       20  rs485.o(.bss)
    .bss                                     0x2000033c   Section       40  can.o(.bss)
    .bss                                     0x20000364   Section      376  idle.o(.bss)
    idle                                     0x20000364   Data         120  idle.o(.bss)
    rt_thread_stack                          0x200003dc   Data         256  idle.o(.bss)
    .bss                                     0x200004dc   Section      256  kservice.o(.bss)
    rt_log_buf                               0x200004dc   Data         256  kservice.o(.bss)
    .bss                                     0x200005dc   Section      256  scheduler.o(.bss)
    .bss                                     0x200006dc   Section      257  shell.o(.bss)
    finsh_prompt                             0x200006dc   Data         257  shell.o(.bss)
    .bss                                     0x200007dd   Section    15360  board.o(.bss)
    rt_heap                                  0x200007dd   Data       15360  board.o(.bss)
    STACK                                    0x200043e0   Section     1024  startup_gd32f407_427.o(STACK)

    Global Symbols

    Symbol Name                              Value     Ov Type        Size  Object(Section)

    BuildAttributes$$THM_ISAv4$E$P$D$K$B$S$7EM$VFPi3$EXTD16$VFPS$VFMA$PE$A:L22UL41UL21$X:L11$S22US41US21$IEEE1$IW$USESV6$~STKCKD$USESV7$~SHL$OSPACE$ROPI$EBA8$MICROLIB$REQ8$PRES8$EABIv2 0x00000000   Number         0  anon$$obj.o ABSOLUTE
    __ARM_use_no_argv                        0x00000000   Number         0  main.o ABSOLUTE
    _printf_a                                0x00000000   Number         0  stubs.o ABSOLUTE
    _printf_c                                0x00000000   Number         0  stubs.o ABSOLUTE
    _printf_charcount                        0x00000000   Number         0  stubs.o ABSOLUTE
    _printf_d                                0x00000000   Number         0  stubs.o ABSOLUTE
    _printf_e                                0x00000000   Number         0  stubs.o ABSOLUTE
    _printf_f                                0x00000000   Number         0  stubs.o ABSOLUTE
    _printf_flags                            0x00000000   Number         0  stubs.o ABSOLUTE
    _printf_fp_dec                           0x00000000   Number         0  stubs.o ABSOLUTE
    _printf_fp_hex                           0x00000000   Number         0  stubs.o ABSOLUTE
    _printf_g                                0x00000000   Number         0  stubs.o ABSOLUTE
    _printf_i                                0x00000000   Number         0  stubs.o ABSOLUTE
    _printf_int_dec                          0x00000000   Number         0  stubs.o ABSOLUTE
    _printf_l                                0x00000000   Number         0  stubs.o ABSOLUTE
    _printf_lc                               0x00000000   Number         0  stubs.o ABSOLUTE
    _printf_ll                               0x00000000   Number         0  stubs.o ABSOLUTE
    _printf_lld                              0x00000000   Number         0  stubs.o ABSOLUTE
    _printf_lli                              0x00000000   Number         0  stubs.o ABSOLUTE
    _printf_llo                              0x00000000   Number         0  stubs.o ABSOLUTE
    _printf_llu                              0x00000000   Number         0  stubs.o ABSOLUTE
    _printf_llx                              0x00000000   Number         0  stubs.o ABSOLUTE
    _printf_longlong_dec                     0x00000000   Number         0  stubs.o ABSOLUTE
    _printf_longlong_hex                     0x00000000   Number         0  stubs.o ABSOLUTE
    _printf_longlong_oct                     0x00000000   Number         0  stubs.o ABSOLUTE
    _printf_ls                               0x00000000   Number         0  stubs.o ABSOLUTE
    _printf_mbtowc                           0x00000000   Number         0  stubs.o ABSOLUTE
    _printf_n                                0x00000000   Number         0  stubs.o ABSOLUTE
    _printf_o                                0x00000000   Number         0  stubs.o ABSOLUTE
    _printf_p                                0x00000000   Number         0  stubs.o ABSOLUTE
    _printf_percent                          0x00000000   Number         0  stubs.o ABSOLUTE
    _printf_pre_padding                      0x00000000   Number         0  stubs.o ABSOLUTE
    _printf_return_value                     0x00000000   Number         0  stubs.o ABSOLUTE
    _printf_s                                0x00000000   Number         0  stubs.o ABSOLUTE
    _printf_sizespec                         0x00000000   Number         0  stubs.o ABSOLUTE
    _printf_str                              0x00000000   Number         0  stubs.o ABSOLUTE
    _printf_truncate_signed                  0x00000000   Number         0  stubs.o ABSOLUTE
    _printf_truncate_unsigned                0x00000000   Number         0  stubs.o ABSOLUTE
    _printf_u                                0x00000000   Number         0  stubs.o ABSOLUTE
    _printf_wc                               0x00000000   Number         0  stubs.o ABSOLUTE
    _printf_wctomb                           0x00000000   Number         0  stubs.o ABSOLUTE
    _printf_widthprec                        0x00000000   Number         0  stubs.o ABSOLUTE
    _printf_x                                0x00000000   Number         0  stubs.o ABSOLUTE
    __arm_fini_                               - Undefined Weak Reference
    __cpp_initialize__aeabi_                  - Undefined Weak Reference
    __cxa_finalize                            - Undefined Weak Reference
    __decompress                              - Undefined Weak Reference
    _clock_init                               - Undefined Weak Reference
    _microlib_exit                            - Undefined Weak Reference
    __Vectors_Size                           0x00000188   Number         0  startup_gd32f407_427.o ABSOLUTE
    __Vectors                                0x08000000   Data           4  startup_gd32f407_427.o(RESET)
    __Vectors_End                            0x08000188   Data           0  startup_gd32f407_427.o(RESET)
    __main                                   0x08000189   Thumb Code     0  entry.o(.ARM.Collect$$$$00000000)
    _main_stk                                0x08000189   Thumb Code     0  entry2.o(.ARM.Collect$$$$00000001)
    _main_scatterload                        0x0800018d   Thumb Code     0  entry5.o(.ARM.Collect$$$$00000004)
    __main_after_scatterload                 0x08000191   Thumb Code     0  entry5.o(.ARM.Collect$$$$00000004)
    _main_clock                              0x08000191   Thumb Code     0  entry7b.o(.ARM.Collect$$$$00000008)
    _main_cpp_init                           0x08000191   Thumb Code     0  entry8b.o(.ARM.Collect$$$$0000000A)
    _main_init                               0x08000191   Thumb Code     0  entry9a.o(.ARM.Collect$$$$0000000B)
    __rt_lib_shutdown_fini                   0x08000199   Thumb Code     0  entry12b.o(.ARM.Collect$$$$0000000E)
    __rt_final_cpp                           0x0800019d   Thumb Code     0  entry10a.o(.ARM.Collect$$$$0000000F)
    __rt_final_exit                          0x0800019d   Thumb Code     0  entry11a.o(.ARM.Collect$$$$00000011)
    Reset_Handler                            0x080001a1   Thumb Code     8  startup_gd32f407_427.o(.text)
    ADC_IRQHandler                           0x080001bb   Thumb Code     0  startup_gd32f407_427.o(.text)
    CAN0_EWMC_IRQHandler                     0x080001bb   Thumb Code     0  startup_gd32f407_427.o(.text)
    CAN0_RX1_IRQHandler                      0x080001bb   Thumb Code     0  startup_gd32f407_427.o(.text)
    CAN0_TX_IRQHandler                       0x080001bb   Thumb Code     0  startup_gd32f407_427.o(.text)
    CAN1_EWMC_IRQHandler                     0x080001bb   Thumb Code     0  startup_gd32f407_427.o(.text)
    CAN1_RX0_IRQHandler                      0x080001bb   Thumb Code     0  startup_gd32f407_427.o(.text)
    CAN1_RX1_IRQHandler                      0x080001bb   Thumb Code     0  startup_gd32f407_427.o(.text)
    CAN1_TX_IRQHandler                       0x080001bb   Thumb Code     0  startup_gd32f407_427.o(.text)
    DCI_IRQHandler                           0x080001bb   Thumb Code     0  startup_gd32f407_427.o(.text)
    DMA0_Channel0_IRQHandler                 0x080001bb   Thumb Code     0  startup_gd32f407_427.o(.text)
    DMA0_Channel1_IRQHandler                 0x080001bb   Thumb Code     0  startup_gd32f407_427.o(.text)
    DMA0_Channel2_IRQHandler                 0x080001bb   Thumb Code     0  startup_gd32f407_427.o(.text)
    DMA0_Channel3_IRQHandler                 0x080001bb   Thumb Code     0  startup_gd32f407_427.o(.text)
    DMA0_Channel4_IRQHandler                 0x080001bb   Thumb Code     0  startup_gd32f407_427.o(.text)
    DMA0_Channel5_IRQHandler                 0x080001bb   Thumb Code     0  startup_gd32f407_427.o(.text)
    DMA0_Channel6_IRQHandler                 0x080001bb   Thumb Code     0  startup_gd32f407_427.o(.text)
    DMA0_Channel7_IRQHandler                 0x080001bb   Thumb Code     0  startup_gd32f407_427.o(.text)
    DMA1_Channel0_IRQHandler                 0x080001bb   Thumb Code     0  startup_gd32f407_427.o(.text)
    DMA1_Channel1_IRQHandler                 0x080001bb   Thumb Code     0  startup_gd32f407_427.o(.text)
    DMA1_Channel2_IRQHandler                 0x080001bb   Thumb Code     0  startup_gd32f407_427.o(.text)
    DMA1_Channel3_IRQHandler                 0x080001bb   Thumb Code     0  startup_gd32f407_427.o(.text)
    DMA1_Channel4_IRQHandler                 0x080001bb   Thumb Code     0  startup_gd32f407_427.o(.text)
    DMA1_Channel5_IRQHandler                 0x080001bb   Thumb Code     0  startup_gd32f407_427.o(.text)
    DMA1_Channel6_IRQHandler                 0x080001bb   Thumb Code     0  startup_gd32f407_427.o(.text)
    DMA1_Channel7_IRQHandler                 0x080001bb   Thumb Code     0  startup_gd32f407_427.o(.text)
    ENET_IRQHandler                          0x080001bb   Thumb Code     0  startup_gd32f407_427.o(.text)
    ENET_WKUP_IRQHandler                     0x080001bb   Thumb Code     0  startup_gd32f407_427.o(.text)
    EXMC_IRQHandler                          0x080001bb   Thumb Code     0  startup_gd32f407_427.o(.text)
    EXTI0_IRQHandler                         0x080001bb   Thumb Code     0  startup_gd32f407_427.o(.text)
    EXTI10_15_IRQHandler                     0x080001bb   Thumb Code     0  startup_gd32f407_427.o(.text)
    EXTI1_IRQHandler                         0x080001bb   Thumb Code     0  startup_gd32f407_427.o(.text)
    EXTI2_IRQHandler                         0x080001bb   Thumb Code     0  startup_gd32f407_427.o(.text)
    EXTI3_IRQHandler                         0x080001bb   Thumb Code     0  startup_gd32f407_427.o(.text)
    EXTI4_IRQHandler                         0x080001bb   Thumb Code     0  startup_gd32f407_427.o(.text)
    EXTI5_9_IRQHandler                       0x080001bb   Thumb Code     0  startup_gd32f407_427.o(.text)
    FMC_IRQHandler                           0x080001bb   Thumb Code     0  startup_gd32f407_427.o(.text)
    FPU_IRQHandler                           0x080001bb   Thumb Code     0  startup_gd32f407_427.o(.text)
    I2C1_ER_IRQHandler                       0x080001bb   Thumb Code     0  startup_gd32f407_427.o(.text)
    I2C1_EV_IRQHandler                       0x080001bb   Thumb Code     0  startup_gd32f407_427.o(.text)
    I2C2_ER_IRQHandler                       0x080001bb   Thumb Code     0  startup_gd32f407_427.o(.text)
    I2C2_EV_IRQHandler                       0x080001bb   Thumb Code     0  startup_gd32f407_427.o(.text)
    LVD_IRQHandler                           0x080001bb   Thumb Code     0  startup_gd32f407_427.o(.text)
    RCU_CTC_IRQHandler                       0x080001bb   Thumb Code     0  startup_gd32f407_427.o(.text)
    RTC_Alarm_IRQHandler                     0x080001bb   Thumb Code     0  startup_gd32f407_427.o(.text)
    RTC_WKUP_IRQHandler                      0x080001bb   Thumb Code     0  startup_gd32f407_427.o(.text)
    SPI0_IRQHandler                          0x080001bb   Thumb Code     0  startup_gd32f407_427.o(.text)
    SPI1_IRQHandler                          0x080001bb   Thumb Code     0  startup_gd32f407_427.o(.text)
    SPI2_IRQHandler                          0x080001bb   Thumb Code     0  startup_gd32f407_427.o(.text)
    TAMPER_STAMP_IRQHandler                  0x080001bb   Thumb Code     0  startup_gd32f407_427.o(.text)
    TIMER0_BRK_TIMER8_IRQHandler             0x080001bb   Thumb Code     0  startup_gd32f407_427.o(.text)
    TIMER0_Channel_IRQHandler                0x080001bb   Thumb Code     0  startup_gd32f407_427.o(.text)
    TIMER0_TRG_CMT_TIMER10_IRQHandler        0x080001bb   Thumb Code     0  startup_gd32f407_427.o(.text)
    TIMER0_UP_TIMER9_IRQHandler              0x080001bb   Thumb Code     0  startup_gd32f407_427.o(.text)
    TIMER1_IRQHandler                        0x080001bb   Thumb Code     0  startup_gd32f407_427.o(.text)
    TIMER2_IRQHandler                        0x080001bb   Thumb Code     0  startup_gd32f407_427.o(.text)
    TIMER3_IRQHandler                        0x080001bb   Thumb Code     0  startup_gd32f407_427.o(.text)
    TIMER4_IRQHandler                        0x080001bb   Thumb Code     0  startup_gd32f407_427.o(.text)
    TIMER5_DAC_IRQHandler                    0x080001bb   Thumb Code     0  startup_gd32f407_427.o(.text)
    TIMER6_IRQHandler                        0x080001bb   Thumb Code     0  startup_gd32f407_427.o(.text)
    TIMER7_BRK_TIMER11_IRQHandler            0x080001bb   Thumb Code     0  startup_gd32f407_427.o(.text)
    TIMER7_Channel_IRQHandler                0x080001bb   Thumb Code     0  startup_gd32f407_427.o(.text)
    TIMER7_TRG_CMT_TIMER13_IRQHandler        0x080001bb   Thumb Code     0  startup_gd32f407_427.o(.text)
    TIMER7_UP_TIMER12_IRQHandler             0x080001bb   Thumb Code     0  startup_gd32f407_427.o(.text)
    TRNG_IRQHandler                          0x080001bb   Thumb Code     0  startup_gd32f407_427.o(.text)
    UART3_IRQHandler                         0x080001bb   Thumb Code     0  startup_gd32f407_427.o(.text)
    UART4_IRQHandler                         0x080001bb   Thumb Code     0  startup_gd32f407_427.o(.text)
    USART5_IRQHandler                        0x080001bb   Thumb Code     0  startup_gd32f407_427.o(.text)
    USBFS_IRQHandler                         0x080001bb   Thumb Code     0  startup_gd32f407_427.o(.text)
    USBFS_WKUP_IRQHandler                    0x080001bb   Thumb Code     0  startup_gd32f407_427.o(.text)
    USBHS_EP1_In_IRQHandler                  0x080001bb   Thumb Code     0  startup_gd32f407_427.o(.text)
    USBHS_EP1_Out_IRQHandler                 0x080001bb   Thumb Code     0  startup_gd32f407_427.o(.text)
    USBHS_IRQHandler                         0x080001bb   Thumb Code     0  startup_gd32f407_427.o(.text)
    USBHS_WKUP_IRQHandler                    0x080001bb   Thumb Code     0  startup_gd32f407_427.o(.text)
    WWDGT_IRQHandler                         0x080001bb   Thumb Code     0  startup_gd32f407_427.o(.text)
    rt_hw_interrupt_disable                  0x080001c5   Thumb Code     8  context_rvds.o(.text)
    rt_hw_interrupt_enable                   0x080001cd   Thumb Code     6  context_rvds.o(.text)
    rt_hw_context_switch                     0x080001d3   Thumb Code    32  context_rvds.o(.text)
    rt_hw_context_switch_interrupt           0x080001d3   Thumb Code     0  context_rvds.o(.text)
    PendSV_Handler                           0x080001f3   Thumb Code   108  context_rvds.o(.text)
    rt_hw_context_switch_to                  0x0800025f   Thumb Code    76  context_rvds.o(.text)
    rt_hw_interrupt_thread_switch            0x080002ab   Thumb Code     2  context_rvds.o(.text)
    HardFault_Handler                        0x080002ad   Thumb Code    56  context_rvds.o(.text)
    __aeabi_memset                           0x08000301   Thumb Code    14  memseta.o(.text)
    __aeabi_memset4                          0x08000301   Thumb Code     0  memseta.o(.text)
    __aeabi_memset8                          0x08000301   Thumb Code     0  memseta.o(.text)
    __aeabi_memclr                           0x0800030f   Thumb Code     4  memseta.o(.text)
    __aeabi_memclr4                          0x0800030f   Thumb Code     0  memseta.o(.text)
    __aeabi_memclr8                          0x0800030f   Thumb Code     0  memseta.o(.text)
    _memset$wrapper                          0x08000313   Thumb Code    18  memseta.o(.text)
    strcat                                   0x08000325   Thumb Code    24  strcat.o(.text)
    strncpy                                  0x0800033d   Thumb Code    24  strncpy.o(.text)
    strlen                                   0x08000355   Thumb Code    14  strlen.o(.text)
    strcmp                                   0x08000363   Thumb Code    28  strcmp.o(.text)
    strcpy                                   0x0800037f   Thumb Code    18  strcpy.o(.text)
    strncmp                                  0x08000391   Thumb Code    30  strncmp.o(.text)
    __scatterload                            0x080003b1   Thumb Code    28  init.o(.text)
    __scatterload_rt2                        0x080003b1   Thumb Code     0  init.o(.text)
    main                                     0x080003d5   Thumb Code    10  components.o(i.$Sub$$main)
    BusFault_Handler                         0x080003df   Thumb Code     4  gd32f4xx_it.o(i.BusFault_Handler)
    CAN0_RX0_IRQHandler                      0x080003e5   Thumb Code    50  can.o(i.CAN0_RX0_IRQHandler)
    DebugMon_Handler                         0x08000429   Thumb Code     4  gd32f4xx_it.o(i.DebugMon_Handler)
    I2C0_ER_IRQHandler                       0x0800042d   Thumb Code     8  i2c.o(i.I2C0_ER_IRQHandler)
    I2C0_EV_IRQHandler                       0x08000435   Thumb Code     8  i2c.o(i.I2C0_EV_IRQHandler)
    MemManage_Handler                        0x0800043d   Thumb Code     4  gd32f4xx_it.o(i.MemManage_Handler)
    NMI_Handler                              0x08000441   Thumb Code     4  gd32f4xx_it.o(i.NMI_Handler)
    SDIO_IRQHandler                          0x08000445   Thumb Code     8  sdcard.o(i.SDIO_IRQHandler)
    SVC_Handler                              0x0800044d   Thumb Code     4  gd32f4xx_it.o(i.SVC_Handler)
    SysTick_Handler                          0x08000451   Thumb Code    16  board.o(i.SysTick_Handler)
    SystemCoreClockUpdate                    0x08000461   Thumb Code   238  system_gd32f4xx.o(i.SystemCoreClockUpdate)
    SystemInit                               0x08000571   Thumb Code   364  system_gd32f4xx.o(i.SystemInit)
    USART0_IRQHandler                        0x080006ed   Thumb Code    56  board.o(i.USART0_IRQHandler)
    USART1_IRQHandler                        0x08000735   Thumb Code   102  rs485.o(i.USART1_IRQHandler)
    USART2_IRQHandler                        0x080007b5   Thumb Code   162  usart.o(i.USART2_IRQHandler)
    UsageFault_Handler                       0x08000875   Thumb Code     4  gd32f4xx_it.o(i.UsageFault_Handler)
    __rt_ffs                                 0x08000879   Thumb Code    70  kservice.o(i.__rt_ffs)
    __scatterload_copy                       0x080008c5   Thumb Code    14  handlers.o(i.__scatterload_copy)
    __scatterload_null                       0x080008d3   Thumb Code     2  handlers.o(i.__scatterload_null)
    __scatterload_zeroinit                   0x080008d5   Thumb Code    14  handlers.o(i.__scatterload_zeroinit)
    can_message_receive                      0x08000bf5   Thumb Code   228  gd32f4xx_can.o(i.can_message_receive)
    cmd_list                                 0x08000ced   Thumb Code   122  cmd.o(i.cmd_list)
    finsh_get_prompt                         0x08000e1d   Thumb Code    68  shell.o(i.finsh_get_prompt)
    finsh_getchar                            0x08000e79   Thumb Code     8  shell.o(i.finsh_getchar)
    finsh_set_prompt_mode                    0x08000e81   Thumb Code    22  shell.o(i.finsh_set_prompt_mode)
    finsh_system_function_init               0x08000e9d   Thumb Code    10  shell.o(i.finsh_system_function_init)
    finsh_system_init                        0x08000eb1   Thumb Code    98  shell.o(i.finsh_system_init)
    finsh_thread_entry                       0x08000f4d   Thumb Code   930  shell.o(i.finsh_thread_entry)
    gpio_af_set                              0x08001311   Thumb Code    94  gd32f4xx_gpio.o(i.gpio_af_set)
    gpio_bit_reset                           0x0800136f   Thumb Code     4  gd32f4xx_gpio.o(i.gpio_bit_reset)
    gpio_bit_set                             0x08001373   Thumb Code     4  gd32f4xx_gpio.o(i.gpio_bit_set)
    gpio_mode_set                            0x08001377   Thumb Code    78  gd32f4xx_gpio.o(i.gpio_mode_set)
    gpio_output_options_set                  0x080013c5   Thumb Code    66  gd32f4xx_gpio.o(i.gpio_output_options_set)
    i2c_ack_config                           0x08001489   Thumb Code    16  gd32f4xx_i2c.o(i.i2c_ack_config)
    i2c_data_receive                         0x08001499   Thumb Code     8  gd32f4xx_i2c.o(i.i2c_data_receive)
    i2c_data_transmit                        0x080014a1   Thumb Code     6  gd32f4xx_i2c.o(i.i2c_data_transmit)
    i2c_flag_get                             0x080014a7   Thumb Code    30  gd32f4xx_i2c.o(i.i2c_flag_get)
    i2c_interrupt_disable                    0x080014c5   Thumb Code    26  gd32f4xx_i2c.o(i.i2c_interrupt_disable)
    i2c_interrupt_flag_clear                 0x080014e1   Thumb Code    38  gd32f4xx_i2c.o(i.i2c_interrupt_flag_clear)
    i2c_interrupt_flag_get                   0x0800150d   Thumb Code    84  gd32f4xx_i2c.o(i.i2c_interrupt_flag_get)
    i2c_master_addressing                    0x08001569   Thumb Code    20  gd32f4xx_i2c.o(i.i2c_master_addressing)
    i2c_start_on_bus                         0x0800157d   Thumb Code    10  gd32f4xx_i2c.o(i.i2c_start_on_bus)
    i2c_stop_on_bus                          0x08001587   Thumb Code    10  gd32f4xx_i2c.o(i.i2c_stop_on_bus)
    i2cx_error_irq_handler                   0x08001591   Thumb Code   160  i2c.o(i.i2cx_error_irq_handler)
    i2cx_event_irq_handler                   0x08001651   Thumb Code   636  i2c.o(i.i2cx_event_irq_handler)
    led_init                                 0x08001901   Thumb Code    58  led.o(i.led_init)
    led_off                                  0x08001941   Thumb Code    14  led.o(i.led_off)
    led_on                                   0x08001955   Thumb Code    14  led.o(i.led_on)
    led_thread                               0x08001969   Thumb Code    32  led_thread.o(i.led_thread)
    list_mailbox                             0x08001a3d   Thumb Code   224  cmd.o(i.list_mailbox)
    list_sem                                 0x08001b99   Thumb Code   216  cmd.o(i.list_sem)
    list_thread                              0x08001cd1   Thumb Code   302  cmd.o(i.list_thread)
    list_timer                               0x08001ebd   Thumb Code   212  cmd.o(i.list_timer)
    $Super$$main                             0x08002065   Thumb Code    36  main.o(i.main)
    main_thread_entry                        0x08002099   Thumb Code    14  components.o(i.main_thread_entry)
    msh_auto_complete                        0x08002191   Thumb Code   120  msh.o(i.msh_auto_complete)
    msh_exec                                 0x08002215   Thumb Code    84  msh.o(i.msh_exec)
    msh_help                                 0x080022c1   Thumb Code    48  msh.o(i.msh_help)
    nvic_irq_enable                          0x08002415   Thumb Code   186  gd32f4xx_misc.o(i.nvic_irq_enable)
    nvic_priority_group_set                  0x080024d9   Thumb Code    10  gd32f4xx_misc.o(i.nvic_priority_group_set)
    rcu_clock_freq_get                       0x0800283d   Thumb Code   264  gd32f4xx_rcu.o(i.rcu_clock_freq_get)
    rcu_periph_clock_enable                  0x08002961   Thumb Code    32  gd32f4xx_rcu.o(i.rcu_periph_clock_enable)
    rcu_periph_reset_disable                 0x08002985   Thumb Code    32  gd32f4xx_rcu.o(i.rcu_periph_reset_disable)
    rcu_periph_reset_enable                  0x080029a9   Thumb Code    32  gd32f4xx_rcu.o(i.rcu_periph_reset_enable)
    rt_application_init                      0x080029cd   Thumb Code    34  components.o(i.rt_application_init)
    rt_calloc                                0x080029fd   Thumb Code    34  kservice.o(i.rt_calloc)
    rt_components_board_init                 0x08002a21   Thumb Code    20  components.o(i.rt_components_board_init)
    rt_components_init                       0x08002a3d   Thumb Code    20  components.o(i.rt_components_init)
    rt_enter_critical                        0x08002a99   Thumb Code    28  scheduler.o(i.rt_enter_critical)
    rt_exit_critical                         0x08002ab9   Thumb Code    60  scheduler.o(i.rt_exit_critical)
    rt_free                                  0x08002afd   Thumb Code    30  kservice.o(i.rt_free)
    rt_heap_begin_get                        0x08002b1d   Thumb Code     4  board.o(i.rt_heap_begin_get)
    rt_heap_end_get                          0x08002b25   Thumb Code     4  board.o(i.rt_heap_end_get)
    rt_hw_board_init                         0x08002b2d   Thumb Code   108  board.o(i.rt_hw_board_init)
    rt_hw_console_getchar                    0x08002ba5   Thumb Code    24  board.o(i.rt_hw_console_getchar)
    rt_hw_console_output                     0x08002bc5   Thumb Code    58  board.o(i.rt_hw_console_output)
    rt_hw_hard_fault_exception               0x08002c05   Thumb Code   216  cpuport.o(i.rt_hw_hard_fault_exception)
    rt_hw_stack_init                         0x08002e2d   Thumb Code    74  cpuport.o(i.rt_hw_stack_init)
    rt_interrupt_enter                       0x08002e7d   Thumb Code    26  irq.o(i.rt_interrupt_enter)
    rt_interrupt_leave                       0x08002e9d   Thumb Code    26  irq.o(i.rt_interrupt_leave)
    rt_kprintf                               0x08002ebd   Thumb Code    46  kservice.o(i.rt_kprintf)
    rt_malloc                                0x08002f85   Thumb Code    32  kservice.o(i.rt_malloc)
    rt_memcpy                                0x08002fa9   Thumb Code   124  kservice.o(i.rt_memcpy)
    rt_memmove                               0x08003025   Thumb Code    66  kservice.o(i.rt_memmove)
    rt_memset                                0x08003067   Thumb Code    72  kservice.o(i.rt_memset)
    rt_object_allocate                       0x080030af   Thumb Code    84  object.o(i.rt_object_allocate)
    rt_object_delete                         0x08003103   Thumb Code    36  object.o(i.rt_object_delete)
    rt_object_detach                         0x08003127   Thumb Code    30  object.o(i.rt_object_detach)
    rt_object_get_information                0x08003145   Thumb Code    36  object.o(i.rt_object_get_information)
    rt_object_init                           0x0800316d   Thumb Code    86  object.o(i.rt_object_init)
    rt_object_is_systemobject                0x080031c3   Thumb Code    18  object.o(i.rt_object_is_systemobject)
    rt_schedule                              0x080031d5   Thumb Code   262  scheduler.o(i.rt_schedule)
    rt_schedule_insert_thread                0x080032f1   Thumb Code   142  scheduler.o(i.rt_schedule_insert_thread)
    rt_schedule_remove_thread                0x0800338d   Thumb Code    76  scheduler.o(i.rt_schedule_remove_thread)
    rt_sem_init                              0x080033e1   Thumb Code    38  ipc.o(i.rt_sem_init)
    rt_show_version                          0x08003409   Thumb Code    42  kservice.o(i.rt_show_version)
    rt_smem_alloc                            0x080034cd   Thumb Code   276  mem.o(i.rt_smem_alloc)
    rt_smem_free                             0x080035e1   Thumb Code    58  mem.o(i.rt_smem_free)
    rt_smem_init                             0x0800361d   Thumb Code   172  mem.o(i.rt_smem_init)
    rt_sprintf                               0x0800370d   Thumb Code    34  kservice.o(i.rt_sprintf)
    rt_strerror                              0x08003731   Thumb Code    26  kservice.o(i.rt_strerror)
    rt_strlen                                0x08003751   Thumb Code    18  kservice.o(i.rt_strlen)
    rt_strncpy                               0x08003763   Thumb Code    52  kservice.o(i.rt_strncpy)
    rt_system_heap_init                      0x08003799   Thumb Code    40  kservice.o(i.rt_system_heap_init)
    rt_system_scheduler_init                 0x080037cd   Thumb Code    38  scheduler.o(i.rt_system_scheduler_init)
    rt_system_scheduler_start                0x08003801   Thumb Code    36  scheduler.o(i.rt_system_scheduler_start)
    rt_system_timer_init                     0x08003829   Thumb Code    24  timer.o(i.rt_system_timer_init)
    rt_system_timer_thread_init              0x08003845   Thumb Code     2  timer.o(i.rt_system_timer_thread_init)
    rt_thread_create                         0x08003847   Thumb Code    80  thread.o(i.rt_thread_create)
    rt_thread_defunct_dequeue                0x08003899   Thumb Code    56  idle.o(i.rt_thread_defunct_dequeue)
    rt_thread_defunct_enqueue                0x080038d5   Thumb Code    24  idle.o(i.rt_thread_defunct_enqueue)
    rt_thread_delay                          0x080038f1   Thumb Code    12  thread.o(i.rt_thread_delay)
    rt_thread_idle_init                      0x08003905   Thumb Code    82  idle.o(i.rt_thread_idle_init)
    rt_thread_init                           0x0800396d   Thumb Code    52  thread.o(i.rt_thread_init)
    rt_thread_resume                         0x080039a1   Thumb Code    60  thread.o(i.rt_thread_resume)
    rt_thread_self                           0x080039dd   Thumb Code     6  thread.o(i.rt_thread_self)
    rt_thread_sleep                          0x080039e9   Thumb Code    68  thread.o(i.rt_thread_sleep)
    rt_thread_startup                        0x08003a2d   Thumb Code    40  thread.o(i.rt_thread_startup)
    rt_thread_suspend                        0x08003a55   Thumb Code    72  thread.o(i.rt_thread_suspend)
    rt_tick_get                              0x08003a9d   Thumb Code     6  clock.o(i.rt_tick_get)
    rt_tick_increase                         0x08003aa9   Thumb Code    74  clock.o(i.rt_tick_increase)
    rt_timer_check                           0x08003af9   Thumb Code   160  timer.o(i.rt_timer_check)
    rt_timer_control                         0x08003b9d   Thumb Code   104  timer.o(i.rt_timer_control)
    rt_timer_detach                          0x08003c05   Thumb Code    40  timer.o(i.rt_timer_detach)
    rt_timer_init                            0x08003c2d   Thumb Code    46  timer.o(i.rt_timer_init)
    rt_timer_start                           0x08003c5d   Thumb Code   240  timer.o(i.rt_timer_start)
    rt_timer_stop                            0x08003d55   Thumb Code    48  timer.o(i.rt_timer_stop)
    rt_vsnprintf                             0x08003d85   Thumb Code   824  kservice.o(i.rt_vsnprintf)
    rt_vsprintf                              0x080040c5   Thumb Code    22  kservice.o(i.rt_vsprintf)
    rtthread_startup                         0x080040eb   Thumb Code    42  components.o(i.rtthread_startup)
    sd_interrupts_process                    0x08004115   Thumb Code   286  sdcard.o(i.sd_interrupts_process)
    sd_transfer_stop                         0x08004245   Thumb Code    36  sdcard.o(i.sd_transfer_stop)
    sdio_command_index_get                   0x08004269   Thumb Code     8  gd32f4xx_sdio.o(i.sdio_command_index_get)
    sdio_command_response_config             0x08004275   Thumb Code    52  gd32f4xx_sdio.o(i.sdio_command_response_config)
    sdio_csm_enable                          0x080042ad   Thumb Code    14  gd32f4xx_sdio.o(i.sdio_csm_enable)
    sdio_flag_clear                          0x080042c1   Thumb Code     6  gd32f4xx_sdio.o(i.sdio_flag_clear)
    sdio_interrupt_disable                   0x080042cd   Thumb Code    12  gd32f4xx_sdio.o(i.sdio_interrupt_disable)
    sdio_interrupt_flag_clear                0x080042dd   Thumb Code     6  gd32f4xx_sdio.o(i.sdio_interrupt_flag_clear)
    sdio_interrupt_flag_get                  0x080042e9   Thumb Code    16  gd32f4xx_sdio.o(i.sdio_interrupt_flag_get)
    sdio_response_get                        0x080042fd   Thumb Code    56  gd32f4xx_sdio.o(i.sdio_response_get)
    sdio_wait_type_set                       0x08004339   Thumb Code    22  gd32f4xx_sdio.o(i.sdio_wait_type_set)
    usart0_init                              0x08004615   Thumb Code   208  usart.o(i.usart0_init)
    usart_baudrate_set                       0x080046f1   Thumb Code   224  gd32f4xx_usart.o(i.usart_baudrate_set)
    usart_data_receive                       0x080047d9   Thumb Code    10  gd32f4xx_usart.o(i.usart_data_receive)
    usart_data_transmit                      0x080047e3   Thumb Code     8  gd32f4xx_usart.o(i.usart_data_transmit)
    usart_deinit                             0x080047ed   Thumb Code   210  gd32f4xx_usart.o(i.usart_deinit)
    usart_enable                             0x080048c9   Thumb Code    10  gd32f4xx_usart.o(i.usart_enable)
    usart_flag_clear                         0x080048d3   Thumb Code    52  gd32f4xx_usart.o(i.usart_flag_clear)
    usart_flag_get                           0x08004907   Thumb Code    30  gd32f4xx_usart.o(i.usart_flag_get)
    usart_hardware_flow_coherence_config     0x08004925   Thumb Code    24  gd32f4xx_usart.o(i.usart_hardware_flow_coherence_config)
    usart_hardware_flow_cts_config           0x0800493d   Thumb Code    20  gd32f4xx_usart.o(i.usart_hardware_flow_cts_config)
    usart_hardware_flow_rts_config           0x08004951   Thumb Code    20  gd32f4xx_usart.o(i.usart_hardware_flow_rts_config)
    usart_interrupt_enable                   0x08004965   Thumb Code    26  gd32f4xx_usart.o(i.usart_interrupt_enable)
    usart_interrupt_flag_clear               0x0800497f   Thumb Code    26  gd32f4xx_usart.o(i.usart_interrupt_flag_clear)
    usart_interrupt_flag_get                 0x08004999   Thumb Code    56  gd32f4xx_usart.o(i.usart_interrupt_flag_get)
    usart_parity_config                      0x080049d1   Thumb Code    16  gd32f4xx_usart.o(i.usart_parity_config)
    usart_receive_config                     0x080049e1   Thumb Code    16  gd32f4xx_usart.o(i.usart_receive_config)
    usart_send_data_num                      0x080049f1   Thumb Code    48  usart.o(i.usart_send_data_num)
    usart_stop_bit_set                       0x08004a21   Thumb Code    16  gd32f4xx_usart.o(i.usart_stop_bit_set)
    usart_transmit_config                    0x08004a31   Thumb Code    16  gd32f4xx_usart.o(i.usart_transmit_config)
    usart_word_length_set                    0x08004a41   Thumb Code    16  gd32f4xx_usart.o(i.usart_word_length_set)
    version                                  0x08004a51   Thumb Code    10  cmd.o(i.version)
    __lowest_bit_bitmap                      0x08004a5a   Data         256  kservice.o(.constdata)
    __fsym_clear_name                        0x08004c18   Data           6  cmd.o(.rodata.name)
    __fsym_clear_desc                        0x08004c1e   Data          26  cmd.o(.rodata.name)
    __fsym_version_name                      0x08004c38   Data           8  cmd.o(.rodata.name)
    __fsym_version_desc                      0x08004c40   Data          35  cmd.o(.rodata.name)
    __fsym_list_thread_name                  0x08004c63   Data          12  cmd.o(.rodata.name)
    __fsym_list_thread_desc                  0x08004c6f   Data          12  cmd.o(.rodata.name)
    __fsym_list_sem_name                     0x08004c7b   Data           9  cmd.o(.rodata.name)
    __fsym_list_sem_desc                     0x08004c84   Data          25  cmd.o(.rodata.name)
    __fsym_list_mailbox_name                 0x08004c9d   Data          13  cmd.o(.rodata.name)
    __fsym_list_mailbox_desc                 0x08004caa   Data          24  cmd.o(.rodata.name)
    __fsym_list_timer_name                   0x08004cc2   Data          11  cmd.o(.rodata.name)
    __fsym_list_timer_desc                   0x08004ccd   Data          21  cmd.o(.rodata.name)
    __fsym_list_name                         0x08004ce2   Data           5  cmd.o(.rodata.name)
    __fsym_list_desc                         0x08004ce7   Data          13  cmd.o(.rodata.name)
    __fsym_help_name                         0x08004cf4   Data           5  msh.o(.rodata.name)
    __fsym_help_desc                         0x08004cf9   Data          22  msh.o(.rodata.name)
    __rt_init_rti_start                      0x08004d10   Data           4  components.o(.rti_fn.0)
    __rt_init_rti_board_start                0x08004d14   Data           4  components.o(.rti_fn.0.end)
    __rt_init_uart_init                      0x08004d18   Data           4  board.o(.rti_fn.1)
    __rt_init_rti_board_end                  0x08004d1c   Data           4  components.o(.rti_fn.1.end)
    __rt_init_finsh_system_init              0x08004d20   Data           4  shell.o(.rti_fn.6)
    __rt_init_rti_end                        0x08004d24   Data           4  components.o(.rti_fn.6.end)
    FSymTab$$Base                            0x08004d28   Number         0  cmd.o(FSymTab)
    __fsym_clear                             0x08004d28   Data          12  cmd.o(FSymTab)
    __fsym_version                           0x08004d34   Data          12  cmd.o(FSymTab)
    __fsym_list_thread                       0x08004d40   Data          12  cmd.o(FSymTab)
    __fsym_list_sem                          0x08004d4c   Data          12  cmd.o(FSymTab)
    __fsym_list_mailbox                      0x08004d58   Data          12  cmd.o(FSymTab)
    __fsym_list_timer                        0x08004d64   Data          12  cmd.o(FSymTab)
    __fsym_list                              0x08004d70   Data          12  cmd.o(FSymTab)
    __fsym_help                              0x08004d7c   Data          12  msh.o(FSymTab)
    FSymTab$$Limit                           0x08004d88   Number         0  msh.o(FSymTab)
    Region$$Table$$Base                      0x08004d88   Number         0  anon$$obj.o(Region$$Table)
    Region$$Table$$Limit                     0x08004da8   Number         0  anon$$obj.o(Region$$Table)
    usart_rx_flag                            0x20000000   Data           2  usart.o(.data)
    usart_rx_num                             0x20000002   Data           2  usart.o(.data)
    sd_scr                                   0x20000004   Data           8  sdcard.o(.data)
    rx_num                                   0x20000028   Data           4  rs485.o(.data)
    receive_ok                               0x2000002c   Data           1  rs485.o(.data)
    transmit_mailbox                         0x2000002d   Data           1  can.o(.data)
    can0_receive_flag                        0x2000002e   Data           1  can.o(.data)
    can0_error_flag                          0x2000002f   Data           1  can.o(.data)
    i2c_read_process                         0x20000030   Data           1  i2c.o(.data)
    i2c_write_process                        0x20000031   Data           1  i2c.o(.data)
    eeprom_address                           0x20000034   Data           2  at24cxx.o(.data)
    i2c_write                                0x20000038   Data           4  at24cxx.o(.data)
    i2c_read                                 0x2000003c   Data           4  at24cxx.o(.data)
    i2c_nbytes                               0x20000040   Data           2  at24cxx.o(.data)
    i2c_write_dress                          0x20000042   Data           2  at24cxx.o(.data)
    i2c_read_dress                           0x20000044   Data           2  at24cxx.o(.data)
    i2c_process_flag                         0x20000046   Data           1  at24cxx.o(.data)
    SystemCoreClock                          0x20000048   Data           4  system_gd32f4xx.o(.data)
    rt_interrupt_nest                        0x20000058   Data           1  irq.o(.data)
    rt_thread_ready_priority_group           0x200000e4   Data           4  scheduler.o(.data)
    rt_current_thread                        0x200000ec   Data           4  scheduler.o(.data)
    rt_current_priority                      0x200000f0   Data           1  scheduler.o(.data)
    rt_interrupt_from_thread                 0x20000100   Data           4  cpuport.o(.data)
    rt_interrupt_to_thread                   0x20000104   Data           4  cpuport.o(.data)
    rt_thread_switch_interrupt_flag          0x20000108   Data           4  cpuport.o(.data)
    _syscall_table_begin                     0x20000110   Data           4  shell.o(.data)
    _syscall_table_end                       0x20000114   Data           4  shell.o(.data)
    shell                                    0x20000118   Data           4  shell.o(.data)
    rt_finsh_rx_buf                          0x20000120   Data           4  board.o(.data)
    rt_finsh_rx_flag                         0x20000124   Data           1  board.o(.data)
    usart_rx_buffer                          0x20000128   Data         512  usart.o(.bss)
    rs485_rx_buf                             0x20000328   Data          20  rs485.o(.bss)
    transmit_message                         0x2000033c   Data          20  can.o(.bss)
    receive_message                          0x20000350   Data          20  can.o(.bss)
    rt_thread_priority_table                 0x200005dc   Data         256  scheduler.o(.bss)
    __initial_sp                             0x200047e0   Data           0  startup_gd32f407_427.o(STACK)



==============================================================================

Memory Map of the image

  Image Entry point : 0x08000189

  Load Region LR_IROM1 (Base: 0x08000000, Size: 0x00004ed0, Max: 0x00300000, ABSOLUTE)

    Execution Region ER_IROM1 (Exec base: 0x08000000, Load base: 0x08000000, Size: 0x00004da8, Max: 0x00300000, ABSOLUTE)

    Exec Addr    Load Addr    Size         Type   Attr      Idx    E Section Name        Object

    0x08000000   0x08000000   0x00000188   Data   RO         6473    RESET               startup_gd32f407_427.o
    0x08000188   0x08000188   0x00000000   Code   RO         7921  * .ARM.Collect$$$$00000000  mc_w.l(entry.o)
    0x08000188   0x08000188   0x00000004   Code   RO         8233    .ARM.Collect$$$$00000001  mc_w.l(entry2.o)
    0x0800018c   0x0800018c   0x00000004   Code   RO         8236    .ARM.Collect$$$$00000004  mc_w.l(entry5.o)
    0x08000190   0x08000190   0x00000000   Code   RO         8238    .ARM.Collect$$$$00000008  mc_w.l(entry7b.o)
    0x08000190   0x08000190   0x00000000   Code   RO         8240    .ARM.Collect$$$$0000000A  mc_w.l(entry8b.o)
    0x08000190   0x08000190   0x00000008   Code   RO         8241    .ARM.Collect$$$$0000000B  mc_w.l(entry9a.o)
    0x08000198   0x08000198   0x00000004   Code   RO         8248    .ARM.Collect$$$$0000000E  mc_w.l(entry12b.o)
    0x0800019c   0x0800019c   0x00000000   Code   RO         8243    .ARM.Collect$$$$0000000F  mc_w.l(entry10a.o)
    0x0800019c   0x0800019c   0x00000000   Code   RO         8245    .ARM.Collect$$$$00000011  mc_w.l(entry11a.o)
    0x0800019c   0x0800019c   0x00000004   Code   RO         8234    .ARM.Collect$$$$00002712  mc_w.l(entry2.o)
    0x080001a0   0x080001a0   0x00000024   Code   RO         6474    .text               startup_gd32f407_427.o
    0x080001c4   0x080001c4   0x0000013c   Code   RO         7511    .text               context_rvds.o
    0x08000300   0x08000300   0x00000024   Code   RO         7956    .text               mc_w.l(memseta.o)
    0x08000324   0x08000324   0x00000018   Code   RO         7958    .text               mc_w.l(strcat.o)
    0x0800033c   0x0800033c   0x00000018   Code   RO         7960    .text               mc_w.l(strncpy.o)
    0x08000354   0x08000354   0x0000000e   Code   RO         7962    .text               mc_w.l(strlen.o)
    0x08000362   0x08000362   0x0000001c   Code   RO         7964    .text               mc_w.l(strcmp.o)
    0x0800037e   0x0800037e   0x00000012   Code   RO         7966    .text               mc_w.l(strcpy.o)
    0x08000390   0x08000390   0x0000001e   Code   RO         7968    .text               mc_w.l(strncmp.o)
    0x080003ae   0x080003ae   0x00000002   PAD
    0x080003b0   0x080003b0   0x00000024   Code   RO         8265    .text               mc_w.l(init.o)
    0x080003d4   0x080003d4   0x0000000a   Code   RO         6519    i.$Sub$$main        components.o
    0x080003de   0x080003de   0x00000004   Code   RO          207    i.BusFault_Handler  gd32f4xx_it.o
    0x080003e2   0x080003e2   0x00000002   PAD
    0x080003e4   0x080003e4   0x00000044   Code   RO          748    i.CAN0_RX0_IRQHandler  can.o
    0x08000428   0x08000428   0x00000004   Code   RO          208    i.DebugMon_Handler  gd32f4xx_it.o
    0x0800042c   0x0800042c   0x00000008   Code   RO          815    i.I2C0_ER_IRQHandler  i2c.o
    0x08000434   0x08000434   0x00000008   Code   RO          816    i.I2C0_EV_IRQHandler  i2c.o
    0x0800043c   0x0800043c   0x00000004   Code   RO          209    i.MemManage_Handler  gd32f4xx_it.o
    0x08000440   0x08000440   0x00000004   Code   RO          210    i.NMI_Handler       gd32f4xx_it.o
    0x08000444   0x08000444   0x00000008   Code   RO          440    i.SDIO_IRQHandler   sdcard.o
    0x0800044c   0x0800044c   0x00000004   Code   RO          211    i.SVC_Handler       gd32f4xx_it.o
    0x08000450   0x08000450   0x00000010   Code   RO         7833    i.SysTick_Handler   board.o
    0x08000460   0x08000460   0x00000110   Code   RO         6420    i.SystemCoreClockUpdate  system_gd32f4xx.o
    0x08000570   0x08000570   0x0000017c   Code   RO         6421    i.SystemInit        system_gd32f4xx.o
    0x080006ec   0x080006ec   0x00000048   Code   RO         7834    i.USART0_IRQHandler  board.o
    0x08000734   0x08000734   0x00000080   Code   RO          675    i.USART1_IRQHandler  rs485.o
    0x080007b4   0x080007b4   0x000000c0   Code   RO          342    i.USART2_IRQHandler  usart.o
    0x08000874   0x08000874   0x00000004   Code   RO          212    i.UsageFault_Handler  gd32f4xx_it.o
    0x08000878   0x08000878   0x0000004c   Code   RO         6818    i.__rt_ffs          kservice.o
    0x080008c4   0x080008c4   0x0000000e   Code   RO         8277    i.__scatterload_copy  mc_w.l(handlers.o)
    0x080008d2   0x080008d2   0x00000002   Code   RO         8278    i.__scatterload_null  mc_w.l(handlers.o)
    0x080008d4   0x080008d4   0x0000000e   Code   RO         8279    i.__scatterload_zeroinit  mc_w.l(handlers.o)
    0x080008e2   0x080008e2   0x0000000a   Code   RO         6819    i._heap_lock        kservice.o
    0x080008ec   0x080008ec   0x0000000a   Code   RO         6820    i._heap_unlock      kservice.o
    0x080008f6   0x080008f6   0x00000010   Code   RO         6648    i._ipc_object_init  ipc.o
    0x08000906   0x08000906   0x0000006c   Code   RO         7659    i._msh_exec_cmd     msh.o
    0x08000972   0x08000972   0x00000002   PAD
    0x08000974   0x08000974   0x00000028   Code   RO         7194    i._scheduler_get_highest_priority_thread  scheduler.o
    0x0800099c   0x0800099c   0x0000001c   Code   RO         6422    i._soft_delay_      system_gd32f4xx.o
    0x080009b8   0x080009b8   0x00000034   Code   RO         7276    i._thread_exit      thread.o
    0x080009ec   0x080009ec   0x00000080   Code   RO         7277    i._thread_init      thread.o
    0x08000a6c   0x08000a6c   0x0000002c   Code   RO         7278    i._thread_timeout   thread.o
    0x08000a98   0x08000a98   0x00000042   Code   RO         7399    i._timer_init       timer.o
    0x08000ada   0x08000ada   0x0000001c   Code   RO         7401    i._timer_remove     timer.o
    0x08000af6   0x08000af6   0x00000002   PAD
    0x08000af8   0x08000af8   0x000000fc   Code   RO         7515    i.bus_fault_track   cpuport.o
    0x08000bf4   0x08000bf4   0x000000e4   Code   RO         1250    i.can_message_receive  gd32f4xx_can.o
    0x08000cd8   0x08000cd8   0x00000014   Code   RO         7574    i.clear             cmd.o
    0x08000cec   0x08000cec   0x00000130   Code   RO         7575    i.cmd_list          cmd.o
    0x08000e1c   0x08000e1c   0x0000005c   Code   RO         7747    i.finsh_get_prompt  shell.o
    0x08000e78   0x08000e78   0x00000008   Code   RO         7749    i.finsh_getchar     shell.o
    0x08000e80   0x08000e80   0x0000001c   Code   RO         7752    i.finsh_set_prompt_mode  shell.o
    0x08000e9c   0x08000e9c   0x00000014   Code   RO         7753    i.finsh_system_function_init  shell.o
    0x08000eb0   0x08000eb0   0x0000009c   Code   RO         7754    i.finsh_system_init  shell.o
    0x08000f4c   0x08000f4c   0x000003c4   Code   RO         7755    i.finsh_thread_entry  shell.o
    0x08001310   0x08001310   0x0000005e   Code   RO         3393    i.gpio_af_set       gd32f4xx_gpio.o
    0x0800136e   0x0800136e   0x00000004   Code   RO         3394    i.gpio_bit_reset    gd32f4xx_gpio.o
    0x08001372   0x08001372   0x00000004   Code   RO         3395    i.gpio_bit_set      gd32f4xx_gpio.o
    0x08001376   0x08001376   0x0000004e   Code   RO         3401    i.gpio_mode_set     gd32f4xx_gpio.o
    0x080013c4   0x080013c4   0x00000042   Code   RO         3403    i.gpio_output_options_set  gd32f4xx_gpio.o
    0x08001406   0x08001406   0x00000002   PAD
    0x08001408   0x08001408   0x00000080   Code   RO         7516    i.hard_fault_track  cpuport.o
    0x08001488   0x08001488   0x00000010   Code   RO         3497    i.i2c_ack_config    gd32f4xx_i2c.o
    0x08001498   0x08001498   0x00000008   Code   RO         3502    i.i2c_data_receive  gd32f4xx_i2c.o
    0x080014a0   0x080014a0   0x00000006   Code   RO         3503    i.i2c_data_transmit  gd32f4xx_i2c.o
    0x080014a6   0x080014a6   0x0000001e   Code   RO         3513    i.i2c_flag_get      gd32f4xx_i2c.o
    0x080014c4   0x080014c4   0x0000001a   Code   RO         3514    i.i2c_interrupt_disable  gd32f4xx_i2c.o
    0x080014de   0x080014de   0x00000002   PAD
    0x080014e0   0x080014e0   0x0000002c   Code   RO         3516    i.i2c_interrupt_flag_clear  gd32f4xx_i2c.o
    0x0800150c   0x0800150c   0x0000005c   Code   RO         3517    i.i2c_interrupt_flag_get  gd32f4xx_i2c.o
    0x08001568   0x08001568   0x00000014   Code   RO         3518    i.i2c_master_addressing  gd32f4xx_i2c.o
    0x0800157c   0x0800157c   0x0000000a   Code   RO         3532    i.i2c_start_on_bus  gd32f4xx_i2c.o
    0x08001586   0x08001586   0x0000000a   Code   RO         3533    i.i2c_stop_on_bus   gd32f4xx_i2c.o
    0x08001590   0x08001590   0x000000c0   Code   RO          820    i.i2cx_error_irq_handler  i2c.o
    0x08001650   0x08001650   0x000002b0   Code   RO          821    i.i2cx_event_irq_handler  i2c.o
    0x08001900   0x08001900   0x00000040   Code   RO          307    i.led_init          led.o
    0x08001940   0x08001940   0x00000014   Code   RO          308    i.led_off           led.o
    0x08001954   0x08001954   0x00000014   Code   RO          309    i.led_on            led.o
    0x08001968   0x08001968   0x00000020   Code   RO         7903    i.led_thread        led_thread.o
    0x08001988   0x08001988   0x0000002a   Code   RO         7576    i.list_find_init    cmd.o
    0x080019b2   0x080019b2   0x00000088   Code   RO         7577    i.list_get_next     cmd.o
    0x08001a3a   0x08001a3a   0x00000002   PAD
    0x08001a3c   0x08001a3c   0x0000015c   Code   RO         7578    i.list_mailbox      cmd.o
    0x08001b98   0x08001b98   0x00000138   Code   RO         7579    i.list_sem          cmd.o
    0x08001cd0   0x08001cd0   0x000001ec   Code   RO         7580    i.list_thread       cmd.o
    0x08001ebc   0x08001ebc   0x000001a8   Code   RO         7581    i.list_timer        cmd.o
    0x08002064   0x08002064   0x00000034   Code   RO            3    i.main              main.o
    0x08002098   0x08002098   0x0000000e   Code   RO         6520    i.main_thread_entry  components.o
    0x080020a6   0x080020a6   0x00000002   PAD
    0x080020a8   0x080020a8   0x000000e8   Code   RO         7517    i.mem_manage_fault_track  cpuport.o
    0x08002190   0x08002190   0x00000084   Code   RO         7660    i.msh_auto_complete  msh.o
    0x08002214   0x08002214   0x0000006c   Code   RO         7661    i.msh_exec          msh.o
    0x08002280   0x08002280   0x00000040   Code   RO         7662    i.msh_get_cmd       msh.o
    0x080022c0   0x080022c0   0x00000064   Code   RO         7663    i.msh_help          msh.o
    0x08002324   0x08002324   0x000000f0   Code   RO         7664    i.msh_split         msh.o
    0x08002414   0x08002414   0x000000c4   Code   RO         3969    i.nvic_irq_enable   gd32f4xx_misc.o
    0x080024d8   0x080024d8   0x00000014   Code   RO         3970    i.nvic_priority_group_set  gd32f4xx_misc.o
    0x080024ec   0x080024ec   0x0000001c   Code   RO         7582    i.object_split      cmd.o
    0x08002508   0x08002508   0x00000066   Code   RO         7060    i.plug_holes        mem.o
    0x0800256e   0x0800256e   0x00000002   PAD
    0x08002570   0x08002570   0x00000198   Code   RO         6822    i.print_number      kservice.o
    0x08002708   0x08002708   0x00000084   Code   RO          445    i.r1_error_check    sdcard.o
    0x0800278c   0x0800278c   0x000000ae   Code   RO          446    i.r1_error_type_check  sdcard.o
    0x0800283a   0x0800283a   0x00000002   PAD
    0x0800283c   0x0800283c   0x00000124   Code   RO         4174    i.rcu_clock_freq_get  gd32f4xx_rcu.o
    0x08002960   0x08002960   0x00000024   Code   RO         4193    i.rcu_periph_clock_enable  gd32f4xx_rcu.o
    0x08002984   0x08002984   0x00000024   Code   RO         4196    i.rcu_periph_reset_disable  gd32f4xx_rcu.o
    0x080029a8   0x080029a8   0x00000024   Code   RO         4197    i.rcu_periph_reset_enable  gd32f4xx_rcu.o
    0x080029cc   0x080029cc   0x00000030   Code   RO         6521    i.rt_application_init  components.o
    0x080029fc   0x080029fc   0x00000022   Code   RO         6823    i.rt_calloc         kservice.o
    0x08002a1e   0x08002a1e   0x00000002   PAD
    0x08002a20   0x08002a20   0x0000001c   Code   RO         6522    i.rt_components_board_init  components.o
    0x08002a3c   0x08002a3c   0x0000001c   Code   RO         6523    i.rt_components_init  components.o
    0x08002a58   0x08002a58   0x0000003e   Code   RO         6599    i.rt_defunct_execute  idle.o
    0x08002a96   0x08002a96   0x00000002   PAD
    0x08002a98   0x08002a98   0x00000020   Code   RO         7196    i.rt_enter_critical  scheduler.o
    0x08002ab8   0x08002ab8   0x00000044   Code   RO         7197    i.rt_exit_critical  scheduler.o
    0x08002afc   0x08002afc   0x0000001e   Code   RO         6824    i.rt_free           kservice.o
    0x08002b1a   0x08002b1a   0x00000002   PAD
    0x08002b1c   0x08002b1c   0x00000008   Code   RO         7835    i.rt_heap_begin_get  board.o
    0x08002b24   0x08002b24   0x00000008   Code   RO         7836    i.rt_heap_end_get   board.o
    0x08002b2c   0x08002b2c   0x00000078   Code   RO         7837    i.rt_hw_board_init  board.o
    0x08002ba4   0x08002ba4   0x00000020   Code   RO         7838    i.rt_hw_console_getchar  board.o
    0x08002bc4   0x08002bc4   0x00000040   Code   RO         7839    i.rt_hw_console_output  board.o
    0x08002c04   0x08002c04   0x00000228   Code   RO         7521    i.rt_hw_hard_fault_exception  cpuport.o
    0x08002e2c   0x08002e2c   0x00000050   Code   RO         7522    i.rt_hw_stack_init  cpuport.o
    0x08002e7c   0x08002e7c   0x00000020   Code   RO         6791    i.rt_interrupt_enter  irq.o
    0x08002e9c   0x08002e9c   0x00000020   Code   RO         6793    i.rt_interrupt_leave  irq.o
    0x08002ebc   0x08002ebc   0x00000034   Code   RO         6829    i.rt_kprintf        kservice.o
    0x08002ef0   0x08002ef0   0x00000006   Code   RO         6649    i.rt_list_init      ipc.o
    0x08002ef6   0x08002ef6   0x00000006   Code   RO         7402    i.rt_list_init      timer.o
    0x08002efc   0x08002efc   0x0000000e   Code   RO         7113    i.rt_list_insert_after  object.o
    0x08002f0a   0x08002f0a   0x0000000e   Code   RO         7403    i.rt_list_insert_after  timer.o
    0x08002f18   0x08002f18   0x00000010   Code   RO         7404    i.rt_list_isempty   timer.o
    0x08002f28   0x08002f28   0x00000010   Code   RO         7583    i.rt_list_isempty   cmd.o
    0x08002f38   0x08002f38   0x00000014   Code   RO         7584    i.rt_list_len       cmd.o
    0x08002f4c   0x08002f4c   0x00000012   Code   RO         7114    i.rt_list_remove    object.o
    0x08002f5e   0x08002f5e   0x00000012   Code   RO         7279    i.rt_list_remove    thread.o
    0x08002f70   0x08002f70   0x00000012   Code   RO         7405    i.rt_list_remove    timer.o
    0x08002f82   0x08002f82   0x00000002   PAD
    0x08002f84   0x08002f84   0x00000024   Code   RO         6831    i.rt_malloc         kservice.o
    0x08002fa8   0x08002fa8   0x0000007c   Code   RO         6834    i.rt_memcpy         kservice.o
    0x08003024   0x08003024   0x00000042   Code   RO         6835    i.rt_memmove        kservice.o
    0x08003066   0x08003066   0x00000048   Code   RO         6837    i.rt_memset         kservice.o
    0x080030ae   0x080030ae   0x00000054   Code   RO         7115    i.rt_object_allocate  object.o
    0x08003102   0x08003102   0x00000024   Code   RO         7116    i.rt_object_delete  object.o
    0x08003126   0x08003126   0x0000001e   Code   RO         7117    i.rt_object_detach  object.o
    0x08003144   0x08003144   0x00000028   Code   RO         7119    i.rt_object_get_information  object.o
    0x0800316c   0x0800316c   0x00000056   Code   RO         7123    i.rt_object_init    object.o
    0x080031c2   0x080031c2   0x00000012   Code   RO         7124    i.rt_object_is_systemobject  object.o
    0x080031d4   0x080031d4   0x0000011c   Code   RO         7198    i.rt_schedule       scheduler.o
    0x080032f0   0x080032f0   0x0000009c   Code   RO         7199    i.rt_schedule_insert_thread  scheduler.o
    0x0800338c   0x0800338c   0x00000054   Code   RO         7200    i.rt_schedule_remove_thread  scheduler.o
    0x080033e0   0x080033e0   0x00000026   Code   RO         6665    i.rt_sem_init       ipc.o
    0x08003406   0x08003406   0x00000002   PAD
    0x08003408   0x08003408   0x000000c4   Code   RO         6840    i.rt_show_version   kservice.o
    0x080034cc   0x080034cc   0x00000114   Code   RO         7061    i.rt_smem_alloc     mem.o
    0x080035e0   0x080035e0   0x0000003a   Code   RO         7063    i.rt_smem_free      mem.o
    0x0800361a   0x0800361a   0x00000002   PAD
    0x0800361c   0x0800361c   0x000000f0   Code   RO         7064    i.rt_smem_init      mem.o
    0x0800370c   0x0800370c   0x00000022   Code   RO         6842    i.rt_sprintf        kservice.o
    0x0800372e   0x0800372e   0x00000002   PAD
    0x08003730   0x08003730   0x00000020   Code   RO         6847    i.rt_strerror       kservice.o
    0x08003750   0x08003750   0x00000012   Code   RO         6848    i.rt_strlen         kservice.o
    0x08003762   0x08003762   0x00000034   Code   RO         6850    i.rt_strncpy        kservice.o
    0x08003796   0x08003796   0x00000002   PAD
    0x08003798   0x08003798   0x00000034   Code   RO         6853    i.rt_system_heap_init  kservice.o
    0x080037cc   0x080037cc   0x00000034   Code   RO         7201    i.rt_system_scheduler_init  scheduler.o
    0x08003800   0x08003800   0x00000028   Code   RO         7202    i.rt_system_scheduler_start  scheduler.o
    0x08003828   0x08003828   0x0000001c   Code   RO         7406    i.rt_system_timer_init  timer.o
    0x08003844   0x08003844   0x00000002   Code   RO         7407    i.rt_system_timer_thread_init  timer.o
    0x08003846   0x08003846   0x00000050   Code   RO         7281    i.rt_thread_create  thread.o
    0x08003896   0x08003896   0x00000002   PAD
    0x08003898   0x08003898   0x0000003c   Code   RO         6600    i.rt_thread_defunct_dequeue  idle.o
    0x080038d4   0x080038d4   0x0000001c   Code   RO         6601    i.rt_thread_defunct_enqueue  idle.o
    0x080038f0   0x080038f0   0x0000000c   Code   RO         7282    i.rt_thread_delay   thread.o
    0x080038fc   0x080038fc   0x00000008   Code   RO         6602    i.rt_thread_idle_entry  idle.o
    0x08003904   0x08003904   0x00000068   Code   RO         6604    i.rt_thread_idle_init  idle.o
    0x0800396c   0x0800396c   0x00000034   Code   RO         7287    i.rt_thread_init    thread.o
    0x080039a0   0x080039a0   0x0000003c   Code   RO         7289    i.rt_thread_resume  thread.o
    0x080039dc   0x080039dc   0x0000000c   Code   RO         7290    i.rt_thread_self    thread.o
    0x080039e8   0x080039e8   0x00000044   Code   RO         7291    i.rt_thread_sleep   thread.o
    0x08003a2c   0x08003a2c   0x00000028   Code   RO         7292    i.rt_thread_startup  thread.o
    0x08003a54   0x08003a54   0x00000048   Code   RO         7293    i.rt_thread_suspend  thread.o
    0x08003a9c   0x08003a9c   0x0000000c   Code   RO         6479    i.rt_tick_get       clock.o
    0x08003aa8   0x08003aa8   0x00000050   Code   RO         6481    i.rt_tick_increase  clock.o
    0x08003af8   0x08003af8   0x000000a4   Code   RO         7408    i.rt_timer_check    timer.o
    0x08003b9c   0x08003b9c   0x00000068   Code   RO         7409    i.rt_timer_control  timer.o
    0x08003c04   0x08003c04   0x00000028   Code   RO         7412    i.rt_timer_detach   timer.o
    0x08003c2c   0x08003c2c   0x0000002e   Code   RO         7413    i.rt_timer_init     timer.o
    0x08003c5a   0x08003c5a   0x00000002   PAD
    0x08003c5c   0x08003c5c   0x000000f8   Code   RO         7415    i.rt_timer_start    timer.o
    0x08003d54   0x08003d54   0x00000030   Code   RO         7416    i.rt_timer_stop     timer.o
    0x08003d84   0x08003d84   0x00000340   Code   RO         6854    i.rt_vsnprintf      kservice.o
    0x080040c4   0x080040c4   0x00000016   Code   RO         6855    i.rt_vsprintf       kservice.o
    0x080040da   0x080040da   0x00000004   Code   RO         6524    i.rti_board_end     components.o
    0x080040de   0x080040de   0x00000004   Code   RO         6525    i.rti_board_start   components.o
    0x080040e2   0x080040e2   0x00000004   Code   RO         6526    i.rti_end           components.o
    0x080040e6   0x080040e6   0x00000004   Code   RO         6527    i.rti_start         components.o
    0x080040ea   0x080040ea   0x0000002a   Code   RO         6528    i.rtthread_startup  components.o
    0x08004114   0x08004114   0x00000130   Code   RO          465    i.sd_interrupts_process  sdcard.o
    0x08004244   0x08004244   0x00000024   Code   RO          476    i.sd_transfer_stop  sdcard.o
    0x08004268   0x08004268   0x0000000c   Code   RO         4737    i.sdio_command_index_get  gd32f4xx_sdio.o
    0x08004274   0x08004274   0x00000038   Code   RO         4738    i.sdio_command_response_config  gd32f4xx_sdio.o
    0x080042ac   0x080042ac   0x00000014   Code   RO         4740    i.sdio_csm_enable   gd32f4xx_sdio.o
    0x080042c0   0x080042c0   0x0000000c   Code   RO         4752    i.sdio_flag_clear   gd32f4xx_sdio.o
    0x080042cc   0x080042cc   0x00000010   Code   RO         4756    i.sdio_interrupt_disable  gd32f4xx_sdio.o
    0x080042dc   0x080042dc   0x0000000c   Code   RO         4758    i.sdio_interrupt_flag_clear  gd32f4xx_sdio.o
    0x080042e8   0x080042e8   0x00000014   Code   RO         4759    i.sdio_interrupt_flag_get  gd32f4xx_sdio.o
    0x080042fc   0x080042fc   0x0000003c   Code   RO         4767    i.sdio_response_get  gd32f4xx_sdio.o
    0x08004338   0x08004338   0x0000001c   Code   RO         4772    i.sdio_wait_type_set  gd32f4xx_sdio.o
    0x08004354   0x08004354   0x00000030   Code   RO         7756    i.shell_auto_complete  shell.o
    0x08004384   0x08004384   0x00000038   Code   RO         7585    i.show_wait_queue   cmd.o
    0x080043bc   0x080043bc   0x00000026   Code   RO         6856    i.skip_atoi         kservice.o
    0x080043e2   0x080043e2   0x00000020   Code   RO         7665    i.str_common        msh.o
    0x08004402   0x08004402   0x00000002   PAD
    0x08004404   0x08004404   0x00000110   Code   RO         6424    i.system_clock_168m_8m_hxtal  system_gd32f4xx.o
    0x08004514   0x08004514   0x00000008   Code   RO         6425    i.system_clock_config  system_gd32f4xx.o
    0x0800451c   0x0800451c   0x0000000e   Code   RO         7840    i.uart_init         board.o
    0x0800452a   0x0800452a   0x00000002   PAD
    0x0800452c   0x0800452c   0x000000e8   Code   RO         7523    i.usage_fault_track  cpuport.o
    0x08004614   0x08004614   0x000000dc   Code   RO          344    i.usart0_init       usart.o
    0x080046f0   0x080046f0   0x000000e8   Code   RO         6021    i.usart_baudrate_set  gd32f4xx_usart.o
    0x080047d8   0x080047d8   0x0000000a   Code   RO         6025    i.usart_data_receive  gd32f4xx_usart.o
    0x080047e2   0x080047e2   0x00000008   Code   RO         6026    i.usart_data_transmit  gd32f4xx_usart.o
    0x080047ea   0x080047ea   0x00000002   PAD
    0x080047ec   0x080047ec   0x000000dc   Code   RO         6027    i.usart_deinit      gd32f4xx_usart.o
    0x080048c8   0x080048c8   0x0000000a   Code   RO         6031    i.usart_enable      gd32f4xx_usart.o
    0x080048d2   0x080048d2   0x00000034   Code   RO         6032    i.usart_flag_clear  gd32f4xx_usart.o
    0x08004906   0x08004906   0x0000001e   Code   RO         6033    i.usart_flag_get    gd32f4xx_usart.o
    0x08004924   0x08004924   0x00000018   Code   RO         6037    i.usart_hardware_flow_coherence_config  gd32f4xx_usart.o
    0x0800493c   0x0800493c   0x00000014   Code   RO         6038    i.usart_hardware_flow_cts_config  gd32f4xx_usart.o
    0x08004950   0x08004950   0x00000014   Code   RO         6039    i.usart_hardware_flow_rts_config  gd32f4xx_usart.o
    0x08004964   0x08004964   0x0000001a   Code   RO         6041    i.usart_interrupt_enable  gd32f4xx_usart.o
    0x0800497e   0x0800497e   0x0000001a   Code   RO         6042    i.usart_interrupt_flag_clear  gd32f4xx_usart.o
    0x08004998   0x08004998   0x00000038   Code   RO         6043    i.usart_interrupt_flag_get  gd32f4xx_usart.o
    0x080049d0   0x080049d0   0x00000010   Code   RO         6056    i.usart_parity_config  gd32f4xx_usart.o
    0x080049e0   0x080049e0   0x00000010   Code   RO         6058    i.usart_receive_config  gd32f4xx_usart.o
    0x080049f0   0x080049f0   0x00000030   Code   RO          347    i.usart_send_data_num  usart.o
    0x08004a20   0x08004a20   0x00000010   Code   RO         6069    i.usart_stop_bit_set  gd32f4xx_usart.o
    0x08004a30   0x08004a30   0x00000010   Code   RO         6073    i.usart_transmit_config  gd32f4xx_usart.o
    0x08004a40   0x08004a40   0x00000010   Code   RO         6074    i.usart_word_length_set  gd32f4xx_usart.o
    0x08004a50   0x08004a50   0x0000000a   Code   RO         7586    i.version           cmd.o
    0x08004a5a   0x08004a5a   0x00000122   Data   RO         6858    .constdata          kservice.o
    0x08004b7c   0x08004b7c   0x00000058   Data   RO         6859    .conststring        kservice.o
    0x08004bd4   0x08004bd4   0x00000044   Data   RO         7587    .conststring        cmd.o
    0x08004c18   0x08004c18   0x000000dc   Data   RO         7588    .rodata.name        cmd.o
    0x08004cf4   0x08004cf4   0x0000001b   Data   RO         7666    .rodata.name        msh.o
    0x08004d0f   0x08004d0f   0x00000001   PAD
    0x08004d10   0x08004d10   0x00000004   Data   RO         6529    .rti_fn.0           components.o
    0x08004d14   0x08004d14   0x00000004   Data   RO         6530    .rti_fn.0.end       components.o
    0x08004d18   0x08004d18   0x00000004   Data   RO         7843    .rti_fn.1           board.o
    0x08004d1c   0x08004d1c   0x00000004   Data   RO         6531    .rti_fn.1.end       components.o
    0x08004d20   0x08004d20   0x00000004   Data   RO         7759    .rti_fn.6           shell.o
    0x08004d24   0x08004d24   0x00000004   Data   RO         6532    .rti_fn.6.end       components.o
    0x08004d28   0x08004d28   0x00000054   Data   RO         7589    FSymTab             cmd.o
    0x08004d7c   0x08004d7c   0x0000000c   Data   RO         7667    FSymTab             msh.o
    0x08004d88   0x08004d88   0x00000020   Data   RO         8275    Region$$Table       anon$$obj.o


    Execution Region RW_IRAM1 (Exec base: 0x20000000, Load base: 0x08004da8, Size: 0x000047e0, Max: 0x00020000, ABSOLUTE)

    Exec Addr    Load Addr    Size         Type   Attr      Idx    E Section Name        Object

    0x20000000   0x08004da8   0x00000004   Data   RW          349    .data               usart.o
    0x20000004   0x08004dac   0x00000024   Data   RW          478    .data               sdcard.o
    0x20000028   0x08004dd0   0x00000005   Data   RW          683    .data               rs485.o
    0x2000002d   0x08004dd5   0x00000003   Data   RW          756    .data               can.o
    0x20000030   0x08004dd8   0x00000002   Data   RW          822    .data               i2c.o
    0x20000032   0x08004dda   0x00000002   PAD
    0x20000034   0x08004ddc   0x00000013   Data   RW          892    .data               at24cxx.o
    0x20000047   0x08004def   0x00000001   PAD
    0x20000048   0x08004df0   0x00000004   Data   RW         6426    .data               system_gd32f4xx.o
    0x2000004c   0x08004df4   0x00000004   Data   RW         6483    .data               clock.o
    0x20000050   0x08004df8   0x00000008   Data   RW         6606    .data               idle.o
    0x20000058   0x08004e00   0x00000001   Data   RW         6794    .data               irq.o
    0x20000059   0x08004e01   0x00000003   PAD
    0x2000005c   0x08004e04   0x00000038   Data   RW         6860    .data               kservice.o
    0x20000094   0x08004e3c   0x00000050   Data   RW         7125    .data               object.o
    0x200000e4   0x08004e8c   0x0000000d   Data   RW         7204    .data               scheduler.o
    0x200000f1   0x08004e99   0x00000003   PAD
    0x200000f4   0x08004e9c   0x0000000c   Data   RW         7417    .data               timer.o
    0x20000100   0x08004ea8   0x00000010   Data   RW         7524    .data               cpuport.o
    0x20000110   0x08004eb8   0x00000010   Data   RW         7758    .data               shell.o
    0x20000120   0x08004ec8   0x00000005   Data   RW         7842    .data               board.o
    0x20000125   0x08004ecd   0x00000003   PAD
    0x20000128        -       0x00000200   Zero   RW          348    .bss                usart.o
    0x20000328        -       0x00000014   Zero   RW          682    .bss                rs485.o
    0x2000033c        -       0x00000028   Zero   RW          755    .bss                can.o
    0x20000364        -       0x00000178   Zero   RW         6605    .bss                idle.o
    0x200004dc        -       0x00000100   Zero   RW         6857    .bss                kservice.o
    0x200005dc        -       0x00000100   Zero   RW         7203    .bss                scheduler.o
    0x200006dc        -       0x00000101   Zero   RW         7757    .bss                shell.o
    0x200007dd        -       0x00003c00   Zero   RW         7841    .bss                board.o
    0x200043dd   0x08004ecd   0x00000003   PAD
    0x200043e0        -       0x00000400   Zero   RW         6471    STACK               startup_gd32f407_427.o


==============================================================================

Image component sizes


      Code (inc. data)   RO Data    RW Data    ZI Data      Debug   Object Name

         0          0          0         19          0       1084   at24cxx.o
       334         50          4          5      15360      32068   board.o
        68         18          0          3         40        896   can.o
        92         12          0          4          0       1753   clock.o
      2208        832        372          0          0      14693   cmd.o
       186         30         16          0          0       6240   components.o
       316         28          0          0          0        852   context_rvds.o
      1476        738          0         16          0       6634   cpuport.o
       228          0          0          0          0       1466   gd32f4xx_can.o
       246          0          0          0          0       3860   gd32f4xx_gpio.o
       262         14          0          0          0       6944   gd32f4xx_i2c.o
        24          0          0          0          0       2651   gd32f4xx_it.o
       216         20          0          0          0       1560   gd32f4xx_misc.o
       400         40          0          0          0       3892   gd32f4xx_rcu.o
       236         44          0          0          0       5868   gd32f4xx_sdio.o
       814         18          0          0          0      12758   gd32f4xx_usart.o
       896         98          0          2          0       2581   i2c.o
       262         30          0          8        376       6622   idle.o
        60          0          0          0          0       5054   ipc.o
        64         12          0          1          0       1870   irq.o
      2194        204        378         56        256      16994   kservice.o
       104         18          0          0          0       1322   led.o
        32          0          0          0          0        505   led_thread.o
        52         16          0          0          0      72177   main.o
       676         68          0          0          0       4834   mem.o
       784        134         39          0          0       7446   msh.o
       326          4          0         80          0       9020   object.o
       128         26          0          5         20       1161   rs485.o
       756         84          0         13        256       9476   scheduler.o
       654         30          0         36          0      10058   sdcard.o
      1316        146          4         16        257       7290   shell.o
        36          8        392          0       1024        920   startup_gd32f407_427.o
       960         64          0          4          0       5019   system_gd32f4xx.o
       638         14          0          0          0      10932   thread.o
       828         22          0         12          0      12468   timer.o
       460         42          0          4        512       2553   usart.o

    ----------------------------------------------------------------------
     18376       2864       1238        296      18104     291521   Object Totals
         0          0         32          0          0          0   (incl. Generated)
        44          0          1         12          3          0   (incl. Padding)

    ----------------------------------------------------------------------

      Code (inc. data)   RO Data    RW Data    ZI Data      Debug   Library Member Name

         0          0          0          0          0          0   entry.o
         0          0          0          0          0          0   entry10a.o
         0          0          0          0          0          0   entry11a.o
         4          0          0          0          0          0   entry12b.o
         8          4          0          0          0          0   entry2.o
         4          0          0          0          0          0   entry5.o
         0          0          0          0          0          0   entry7b.o
         0          0          0          0          0          0   entry8b.o
         8          4          0          0          0          0   entry9a.o
        30          0          0          0          0          0   handlers.o
        36          8          0          0          0         68   init.o
        36          0          0          0          0        108   memseta.o
        24          0          0          0          0         68   strcat.o
        28          0          0          0          0         76   strcmp.o
        18          0          0          0          0         68   strcpy.o
        14          0          0          0          0         68   strlen.o
        30          0          0          0          0         80   strncmp.o
        24          0          0          0          0         76   strncpy.o

    ----------------------------------------------------------------------
       266         16          0          0          0        612   Library Totals
         2          0          0          0          0          0   (incl. Padding)

    ----------------------------------------------------------------------

      Code (inc. data)   RO Data    RW Data    ZI Data      Debug   Library Name

       264         16          0          0          0        612   mc_w.l

    ----------------------------------------------------------------------
       266         16          0          0          0        612   Library Totals

    ----------------------------------------------------------------------

==============================================================================


      Code (inc. data)   RO Data    RW Data    ZI Data      Debug   

     18642       2880       1238        296      18104     271777   Grand Totals
     18642       2880       1238        296      18104     271777   ELF Image Totals
     18642       2880       1238        296          0          0   ROM Totals

==============================================================================

    Total RO  Size (Code + RO Data)                19880 (  19.41kB)
    Total RW  Size (RW Data + ZI Data)             18400 (  17.97kB)
    Total ROM Size (Code + RO Data + RW Data)      20176 (  19.70kB)

==============================================================================

