Component: ARM Compiler 5.06 update 7 (build 960) Tool: armlink [4d3601]

==============================================================================

Section Cross References

    main.o(i.main) refers to thread.o(i.rt_thread_create) for rt_thread_create
    main.o(i.main) refers to thread.o(i.rt_thread_startup) for rt_thread_startup
    main.o(i.main) refers to thread.o(i.rt_thread_delay) for rt_thread_delay
    main.o(i.main) refers to main.o(.data) for led_delay
    main.o(i.main) refers to led_thread.o(i.led_thread) for led_thread
    main.o(i.main) refers to wifi_thread_function.o(i.wifi_thread) for wifi_thread
    systick.o(i.delay_1ms) refers to systick.o(.data) for delay
    systick.o(i.delay_decrement) refers to systick.o(.data) for delay
    systick.o(i.systick_config) refers to systick.o(i.NVIC_SetPriority) for NVIC_SetPriority
    systick.o(i.systick_config) refers to system_gd32f4xx.o(.data) for SystemCoreClock
    led.o(i.led_init) refers to gd32f4xx_rcu.o(i.rcu_periph_clock_enable) for rcu_periph_clock_enable
    led.o(i.led_init) refers to gd32f4xx_gpio.o(i.gpio_mode_set) for gpio_mode_set
    led.o(i.led_init) refers to gd32f4xx_gpio.o(i.gpio_output_options_set) for gpio_output_options_set
    led.o(i.led_init) refers to gd32f4xx_gpio.o(i.gpio_bit_set) for gpio_bit_set
    led.o(i.led_off) refers to gd32f4xx_gpio.o(i.gpio_bit_set) for gpio_bit_set
    led.o(i.led_on) refers to gd32f4xx_gpio.o(i.gpio_bit_reset) for gpio_bit_reset
    usart.o(i.usart0_init) refers to gd32f4xx_rcu.o(i.rcu_periph_clock_enable) for rcu_periph_clock_enable
    usart.o(i.usart0_init) refers to gd32f4xx_gpio.o(i.gpio_af_set) for gpio_af_set
    usart.o(i.usart0_init) refers to gd32f4xx_gpio.o(i.gpio_mode_set) for gpio_mode_set
    usart.o(i.usart0_init) refers to gd32f4xx_gpio.o(i.gpio_output_options_set) for gpio_output_options_set
    usart.o(i.usart0_init) refers to gd32f4xx_usart.o(i.usart_deinit) for usart_deinit
    usart.o(i.usart0_init) refers to gd32f4xx_usart.o(i.usart_baudrate_set) for usart_baudrate_set
    usart.o(i.usart0_init) refers to gd32f4xx_usart.o(i.usart_parity_config) for usart_parity_config
    usart.o(i.usart0_init) refers to gd32f4xx_usart.o(i.usart_word_length_set) for usart_word_length_set
    usart.o(i.usart0_init) refers to gd32f4xx_usart.o(i.usart_stop_bit_set) for usart_stop_bit_set
    usart.o(i.usart0_init) refers to gd32f4xx_usart.o(i.usart_hardware_flow_rts_config) for usart_hardware_flow_rts_config
    usart.o(i.usart0_init) refers to gd32f4xx_usart.o(i.usart_hardware_flow_cts_config) for usart_hardware_flow_cts_config
    usart.o(i.usart0_init) refers to gd32f4xx_usart.o(i.usart_hardware_flow_coherence_config) for usart_hardware_flow_coherence_config
    usart.o(i.usart0_init) refers to gd32f4xx_usart.o(i.usart_receive_config) for usart_receive_config
    usart.o(i.usart0_init) refers to gd32f4xx_usart.o(i.usart_transmit_config) for usart_transmit_config
    usart.o(i.usart0_init) refers to gd32f4xx_usart.o(i.usart_interrupt_enable) for usart_interrupt_enable
    usart.o(i.usart0_init) refers to gd32f4xx_misc.o(i.nvic_irq_enable) for nvic_irq_enable
    usart.o(i.usart0_init) refers to gd32f4xx_usart.o(i.usart_enable) for usart_enable
    usart.o(i.usart2_init) refers to gd32f4xx_rcu.o(i.rcu_periph_clock_enable) for rcu_periph_clock_enable
    usart.o(i.usart2_init) refers to gd32f4xx_gpio.o(i.gpio_af_set) for gpio_af_set
    usart.o(i.usart2_init) refers to gd32f4xx_gpio.o(i.gpio_mode_set) for gpio_mode_set
    usart.o(i.usart2_init) refers to gd32f4xx_gpio.o(i.gpio_output_options_set) for gpio_output_options_set
    usart.o(i.usart2_init) refers to gd32f4xx_usart.o(i.usart_deinit) for usart_deinit
    usart.o(i.usart2_init) refers to gd32f4xx_usart.o(i.usart_baudrate_set) for usart_baudrate_set
    usart.o(i.usart2_init) refers to gd32f4xx_usart.o(i.usart_parity_config) for usart_parity_config
    usart.o(i.usart2_init) refers to gd32f4xx_usart.o(i.usart_word_length_set) for usart_word_length_set
    usart.o(i.usart2_init) refers to gd32f4xx_usart.o(i.usart_stop_bit_set) for usart_stop_bit_set
    usart.o(i.usart2_init) refers to gd32f4xx_usart.o(i.usart_hardware_flow_rts_config) for usart_hardware_flow_rts_config
    usart.o(i.usart2_init) refers to gd32f4xx_usart.o(i.usart_hardware_flow_cts_config) for usart_hardware_flow_cts_config
    usart.o(i.usart2_init) refers to gd32f4xx_usart.o(i.usart_hardware_flow_coherence_config) for usart_hardware_flow_coherence_config
    usart.o(i.usart2_init) refers to gd32f4xx_usart.o(i.usart_receive_config) for usart_receive_config
    usart.o(i.usart2_init) refers to gd32f4xx_usart.o(i.usart_transmit_config) for usart_transmit_config
    usart.o(i.usart2_init) refers to gd32f4xx_usart.o(i.usart_interrupt_enable) for usart_interrupt_enable
    usart.o(i.usart2_init) refers to gd32f4xx_misc.o(i.nvic_irq_enable) for nvic_irq_enable
    usart.o(i.usart2_init) refers to gd32f4xx_usart.o(i.usart_enable) for usart_enable
[...]
    i.rt_strlen                              0x080037d8   Section        0  kservice.o(i.rt_strlen)
    i.rt_strncpy                             0x080037ea   Section        0  kservice.o(i.rt_strncpy)
    i.rt_system_heap_init                    0x08003820   Section        0  kservice.o(i.rt_system_heap_init)
    i.rt_system_scheduler_init               0x08003854   Section        0  scheduler.o(i.rt_system_scheduler_init)
    i.rt_system_scheduler_start              0x08003888   Section        0  scheduler.o(i.rt_system_scheduler_start)
    i.rt_system_timer_init                   0x080038b0   Section        0  timer.o(i.rt_system_timer_init)
    i.rt_system_timer_thread_init            0x080038cc   Section        0  timer.o(i.rt_system_timer_thread_init)
    i.rt_thread_create                       0x080038ce   Section        0  thread.o(i.rt_thread_create)
    i.rt_thread_defunct_dequeue              0x08003920   Section        0  idle.o(i.rt_thread_defunct_dequeue)
    i.rt_thread_defunct_enqueue              0x0800395c   Section        0  idle.o(i.rt_thread_defunct_enqueue)
    i.rt_thread_delay                        0x08003978   Section        0  thread.o(i.rt_thread_delay)
    i.rt_thread_idle_entry                   0x08003984   Section        0  idle.o(i.rt_thread_idle_entry)
    rt_thread_idle_entry                     0x08003985   Thumb Code     8  idle.o(i.rt_thread_idle_entry)
    i.rt_thread_idle_init                    0x0800398c   Section        0  idle.o(i.rt_thread_idle_init)
    i.rt_thread_init                         0x080039f4   Section        0  thread.o(i.rt_thread_init)
    i.rt_thread_resume                       0x08003a28   Section        0  thread.o(i.rt_thread_resume)
    i.rt_thread_self                         0x08003a64   Section        0  thread.o(i.rt_thread_self)
    i.rt_thread_sleep                        0x08003a70   Section        0  thread.o(i.rt_thread_sleep)
    i.rt_thread_startup                      0x08003ab4   Section        0  thread.o(i.rt_thread_startup)
    i.rt_thread_suspend                      0x08003adc   Section        0  thread.o(i.rt_thread_suspend)
    i.rt_tick_get                            0x08003b24   Section        0  clock.o(i.rt_tick_get)
    i.rt_tick_increase                       0x08003b30   Section        0  clock.o(i.rt_tick_increase)
    i.rt_timer_check                         0x08003b80   Section        0  timer.o(i.rt_timer_check)
    i.rt_timer_control                       0x08003c24   Section        0  timer.o(i.rt_timer_control)
    i.rt_timer_detach                        0x08003c8c   Section        0  timer.o(i.rt_timer_detach)
    i.rt_timer_init                          0x08003cb4   Section        0  timer.o(i.rt_timer_init)
    i.rt_timer_start                         0x08003ce4   Section        0  timer.o(i.rt_timer_start)
    i.rt_timer_stop                          0x08003ddc   Section        0  timer.o(i.rt_timer_stop)
    i.rt_vsnprintf                           0x08003e0c   Section        0  kservice.o(i.rt_vsnprintf)
    i.rt_vsprintf                            0x0800414c   Section        0  kservice.o(i.rt_vsprintf)
    i.rti_board_end                          0x08004162   Section        0  components.o(i.rti_board_end)
    rti_board_end                            0x08004163   Thumb Code     4  components.o(i.rti_board_end)
    i.rti_board_start                        0x08004166   Section        0  components.o(i.rti_board_start)
    rti_board_start                          0x08004167   Thumb Code     4  components.o(i.rti_board_start)
    i.rti_end                                0x0800416a   Section        0  components.o(i.rti_end)
    rti_end                                  0x0800416b   Thumb Code     4  components.o(i.rti_end)
    i.rti_start                              0x0800416e   Section        0  components.o(i.rti_start)
    rti_start                                0x0800416f   Thumb Code     4  components.o(i.rti_start)
    i.rtthread_startup                       0x08004172   Section        0  components.o(i.rtthread_startup)
    i.sd_interrupts_process                  0x0800419c   Section        0  sdcard.o(i.sd_interrupts_process)
    i.sd_transfer_stop                       0x080042cc   Section        0  sdcard.o(i.sd_transfer_stop)
    i.sdio_command_index_get                 0x080042f0   Section        0  gd32f4xx_sdio.o(i.sdio_command_index_get)
    i.sdio_command_response_config           0x080042fc   Section        0  gd32f4xx_sdio.o(i.sdio_command_response_config)
    i.sdio_csm_enable                        0x08004334   Section        0  gd32f4xx_sdio.o(i.sdio_csm_enable)
    i.sdio_flag_clear                        0x08004348   Section        0  gd32f4xx_sdio.o(i.sdio_flag_clear)
    i.sdio_interrupt_disable                 0x08004354   Section        0  gd32f4xx_sdio.o(i.sdio_interrupt_disable)
    i.sdio_interrupt_flag_clear              0x08004364   Section        0  gd32f4xx_sdio.o(i.sdio_interrupt_flag_clear)
    i.sdio_interrupt_flag_get                0x08004370   Section        0  gd32f4xx_sdio.o(i.sdio_interrupt_flag_get)
    i.sdio_response_get                      0x08004384   Section        0  gd32f4xx_sdio.o(i.sdio_response_get)
    i.sdio_wait_type_set                     0x080043c0   Section        0  gd32f4xx_sdio.o(i.sdio_wait_type_set)
    i.shell_auto_complete                    0x080043dc   Section        0  shell.o(i.shell_auto_complete)
    shell_auto_complete                      0x080043dd   Thumb Code    34  shell.o(i.shell_auto_complete)
    i.show_wait_queue                        0x0800440c   Section        0  cmd.o(i.show_wait_queue)
    show_wait_queue                          0x0800440d   Thumb Code    42  cmd.o(i.show_wait_queue)
    i.skip_atoi                              0x08004444   Section        0  kservice.o(i.skip_atoi)
    skip_atoi                                0x08004445   Thumb Code    38  kservice.o(i.skip_atoi)
    i.str_common                             0x0800446a   Section        0  msh.o(i.str_common)
    str_common                               0x0800446b   Thumb Code    32  msh.o(i.str_common)
    i.system_clock_168m_8m_hxtal             0x0800448c   Section        0  system_gd32f4xx.o(i.system_clock_168m_8m_hxtal)
    system_clock_168m_8m_hxtal               0x0800448d   Thumb Code   258  system_gd32f4xx.o(i.system_clock_168m_8m_hxtal)
    i.system_clock_config                    0x0800459c   Section        0  system_gd32f4xx.o(i.system_clock_config)
    system_clock_config                      0x0800459d   Thumb Code     8  system_gd32f4xx.o(i.system_clock_config)
    i.uart_init                              0x080045a4   Section        0  board.o(i.uart_init)
    uart_init                                0x080045a5   Thumb Code    14  board.o(i.uart_init)
    i.usage_fault_track                      0x080045b4   Section        0  cpuport.o(i.usage_fault_track)
    usage_fault_track                        0x080045b5   Thumb Code   122  cpuport.o(i.usage_fault_track)
    i.usart0_init                            0x0800469c   Section        0  usart.o(i.usart0_init)
    i.usart2_init                            0x08004778   Section        0  usart.o(i.usart2_init)
    i.usart_baudrate_set                     0x08004858   Section        0  gd32f4xx_usart.o(i.usart_baudrate_set)
    i.usart_data_receive                     0x08004940   Section        0  gd32f4xx_usart.o(i.usart_data_receive)
    i.usart_data_transmit                    0x0800494a   Section        0  gd32f4xx_usart.o(i.usart_data_transmit)
    i.usart_deinit                           0x08004954   Section        0  gd32f4xx_usart.o(i.usart_deinit)
    i.usart_enable                           0x08004a30   Section        0  gd32f4xx_usart.o(i.usart_enable)
    i.usart_flag_clear                       0x08004a3a   Section        0  gd32f4xx_usart.o(i.usart_flag_clear)
    i.usart_flag_get                         0x08004a6e   Section        0  gd32f4xx_usart.o(i.usart_flag_get)
    i.usart_hardware_flow_coherence_config   0x08004a8c   Section        0  gd32f4xx_usart.o(i.usart_hardware_flow_coherence_config)
    i.usart_hardware_flow_cts_config         0x08004aa4   Section        0  gd32f4xx_usart.o(i.usart_hardware_flow_cts_config)
    i.usart_hardware_flow_rts_config         0x08004ab8   Section        0  gd32f4xx_usart.o(i.usart_hardware_flow_rts_config)
    i.usart_interrupt_enable                 0x08004acc   Section        0  gd32f4xx_usart.o(i.usart_interrupt_enable)
    i.usart_interrupt_flag_clear             0x08004ae6   Section        0  gd32f4xx_usart.o(i.usart_interrupt_flag_clear)
    i.usart_interrupt_flag_get               0x08004b00   Section        0  gd32f4xx_usart.o(i.usart_interrupt_flag_get)
    i.usart_parity_config                    0x08004b38   Section        0  gd32f4xx_usart.o(i.usart_parity_config)
    i.usart_receive_config                   0x08004b48   Section        0  gd32f4xx_usart.o(i.usart_receive_config)
    i.usart_send_data                        0x08004b58   Section        0  usart.o(i.usart_send_data)
    i.usart_send_data_num                    0x08004b80   Section        0  usart.o(i.usart_send_data_num)
    i.usart_stop_bit_set                     0x08004bb0   Section        0  gd32f4xx_usart.o(i.usart_stop_bit_set)
    i.usart_transmit_config                  0x08004bc0   Section        0  gd32f4xx_usart.o(i.usart_transmit_config)
    i.usart_word_length_set                  0x08004bd0   Section        0  gd32f4xx_usart.o(i.usart_word_length_set)
    i.version                                0x08004be0   Section        0  cmd.o(i.version)
    i.wifi_thread                            0x08004bec   Section        0  wifi_thread_function.o(i.wifi_thread)
    .constdata                               0x08004c80   Section      290  kservice.o(.constdata)
    small_digits                             0x08004d80   Data          17  kservice.o(.constdata)
    large_digits                             0x08004d91   Data          17  kservice.o(.constdata)
    .conststring                             0x08004da4   Section       88  kservice.o(.conststring)
    .conststring                             0x08004dfc   Section       68  cmd.o(.conststring)
    .rodata.name                             0x08004e40   Section      220  cmd.o(.rodata.name)
    .rodata.name                             0x08004f1c   Section       27  msh.o(.rodata.name)
    .rti_fn.0                                0x08004f38   Section        4  components.o(.rti_fn.0)
    __tagsym$$used                           0x08004f38   Number         0  components.o(.rti_fn.0)
    .rti_fn.0.end                            0x08004f3c   Section        4  components.o(.rti_fn.0.end)
    __tagsym$$used                           0x08004f3c   Number         0  components.o(.rti_fn.0.end)
    .rti_fn.1                                0x08004f40   Section        4  board.o(.rti_fn.1)
    __tagsym$$used                           0x08004f40   Number         0  board.o(.rti_fn.1)
    .rti_fn.1.end                            0x08004f44   Section        4  components.o(.rti_fn.1.end)
    __tagsym$$used                           0x08004f44   Number         0  components.o(.rti_fn.1.end)
    .rti_fn.6                                0x08004f48   Section        4  shell.o(.rti_fn.6)
    __tagsym$$used                           0x08004f48   Number         0  shell.o(.rti_fn.6)
    .rti_fn.6.end                            0x08004f4c   Section        4  components.o(.rti_fn.6.end)
    __tagsym$$used                           0x08004f4c   Number         0  components.o(.rti_fn.6.end)
    FSymTab                                  0x08004f50   Section       84  cmd.o(FSymTab)
    __tagsym$$used                           0x08004f50   Number         0  cmd.o(FSymTab)
    __tagsym$$used                           0x08004f5c   Number         0  cmd.o(FSymTab)
    __tagsym$$used                           0x08004f68   Number         0  cmd.o(FSymTab)
    __tagsym$$used                           0x08004f74   Number         0  cmd.o(FSymTab)
    __tagsym$$used                           0x08004f80   Number         0  cmd.o(FSymTab)
    __tagsym$$used                           0x08004f8c   Number         0  cmd.o(FSymTab)
    __tagsym$$used                           0x08004f98   Number         0  cmd.o(FSymTab)
    FSymTab                                  0x08004fa4   Section       12  msh.o(FSymTab)
    __tagsym$$used                           0x08004fa4   Number         0  msh.o(FSymTab)
    .data                                    0x20000000   Section        4  main.o(.data)
    led_delay                                0x20000000   Data           4  main.o(.data)
    .data                                    0x20000004   Section       36  sdcard.o(.data)
    cardtype                                 0x2000000c   Data           1  sdcard.o(.data)
    sd_rca                                   0x2000000e   Data           2  sdcard.o(.data)
    transmode                                0x20000010   Data           4  sdcard.o(.data)
    totalnumber_bytes                        0x20000014   Data           4  sdcard.o(.data)
    stopcondition                            0x20000018   Data           4  sdcard.o(.data)
    transerror                               0x2000001c   Data           1  sdcard.o(.data)
    transend                                 0x20000020   Data           4  sdcard.o(.data)
    number_bytes                             0x20000024   Data           4  sdcard.o(.data)
    .data                                    0x20000028   Section        5  rs485.o(.data)
    .data                                    0x2000002d   Section        3  can.o(.data)
    .data                                    0x20000030   Section        2  i2c.o(.data)
    .data                                    0x20000034   Section       19  at24cxx.o(.data)
    .data                                    0x20000048   Section        4  system_gd32f4xx.o(.data)
    .data                                    0x2000004c   Section        4  clock.o(.data)
    rt_tick                                  0x2000004c   Data           4  clock.o(.data)
    .data                                    0x20000050   Section        8  idle.o(.data)
    _rt_thread_defunct                       0x20000050   Data           8  idle.o(.data)
    .data                                    0x20000058   Section        1  irq.o(.data)
    .data                                    0x2000005c   Section       56  kservice.o(.data)
    __rt_errno                               0x2000005c   Data           4  kservice.o(.data)
    rt_errno_strs                            0x20000060   Data          48  kservice.o(.data)
    system_heap                              0x20000090   Data           4  kservice.o(.data)
    .data                                    0x20000094   Section       80  object.o(.data)
    _object_container                        0x20000094   Data          80  object.o(.data)
    .data                                    0x200000e4   Section       13  scheduler.o(.data)
    rt_scheduler_lock_nest                   0x200000e8   Data           2  scheduler.o(.data)
    .data                                    0x200000f4   Section       12  timer.o(.data)
    _timer_list                              0x200000f4   Data           8  timer.o(.data)
    random_nr                                0x200000fc   Data           4  timer.o(.data)
    .data                                    0x20000100   Section       16  cpuport.o(.data)
    rt_exception_hook                        0x2000010c   Data           4  cpuport.o(.data)
    .data                                    0x20000110   Section       16  shell.o(.data)
    finsh_prompt_custom                      0x2000011c   Data           4  shell.o(.data)
    .data                                    0x20000120   Section        9  board.o(.data)
    .data                                    0x2000012a   Section        4  wifi_thread_function.o(.data)
    .bss                                     0x20000130   Section       20  rs485.o(.bss)
    .bss                                     0x20000144   Section       40  can.o(.bss)
    .bss                                     0x2000016c   Section      392  idle.o(.bss)
    idle                                     0x2000016c   Data         136  idle.o(.bss)
    rt_thread_stack                          0x200001f4   Data         256  idle.o(.bss)
    .bss                                     0x200002f4   Section      256  kservice.o(.bss)
    rt_log_buf                               0x200002f4   Data         256  kservice.o(.bss)
    .bss                                     0x200003f4   Section      256  scheduler.o(.bss)
    .bss                                     0x200004f4   Section      257  shell.o(.bss)
    finsh_prompt                             0x200004f4   Data         257  shell.o(.bss)
    .bss                                     0x200005f5   Section    15360  board.o(.bss)
    rt_heap                                  0x200005f5   Data       15360  board.o(.bss)
    .bss                                     0x200041f5   Section      512  wifi_thread_function.o(.bss)
    STACK                                    0x200043f8   Section     1024  startup_gd32f407_427.o(STACK)

    Global Symbols

    Symbol Name                              Value     Ov Type        Size  Object(Section)

    BuildAttributes$$THM_ISAv4$E$P$D$K$B$S$7EM$VFPi3$EXTD16$VFPS$VFMA$PE$A:L22UL41UL21$X:L11$S22US41US21$IEEE1$IW$USESV6$~STKCKD$USESV7$~SHL$OSPACE$ROPI$EBA8$MICROLIB$REQ8$PRES8$EABIv2 0x00000000   Number         0  anon$$obj.o ABSOLUTE
    __ARM_use_no_argv                        0x00000000   Number         0  main.o ABSOLUTE
    _printf_a                                0x00000000   Number         0  stubs.o ABSOLUTE
    _printf_c                                0x00000000   Number         0  stubs.o ABSOLUTE
    _printf_charcount                        0x00000000   Number         0  stubs.o ABSOLUTE
    _printf_d                                0x00000000   Number         0  stubs.o ABSOLUTE
    _printf_e                                0x00000000   Number         0  stubs.o ABSOLUTE
    _printf_f                                0x00000000   Number         0  stubs.o ABSOLUTE
    _printf_flags                            0x00000000   Number         0  stubs.o ABSOLUTE
    _printf_fp_dec                           0x00000000   Number         0  stubs.o ABSOLUTE
    _printf_fp_hex                           0x00000000   Number         0  stubs.o ABSOLUTE
    _printf_g                                0x00000000   Number         0  stubs.o ABSOLUTE
    _printf_i                                0x00000000   Number         0  stubs.o ABSOLUTE
    _printf_int_dec                          0x00000000   Number         0  stubs.o ABSOLUTE
    _printf_l                                0x00000000   Number         0  stubs.o ABSOLUTE
    _printf_lc                               0x00000000   Number         0  stubs.o ABSOLUTE
    _printf_ll                               0x00000000   Number         0  stubs.o ABSOLUTE
    _printf_lld                              0x00000000   Number         0  stubs.o ABSOLUTE
    _printf_lli                              0x00000000   Number         0  stubs.o ABSOLUTE
    _printf_llo                              0x00000000   Number         0  stubs.o ABSOLUTE
    _printf_llu                              0x00000000   Number         0  stubs.o ABSOLUTE
    _printf_llx                              0x00000000   Number         0  stubs.o ABSOLUTE
    _printf_longlong_dec                     0x00000000   Number         0  stubs.o ABSOLUTE
    _printf_longlong_hex                     0x00000000   Number         0  stubs.o ABSOLUTE
    _printf_longlong_oct                     0x00000000   Number         0  stubs.o ABSOLUTE
    _printf_ls                               0x00000000   Number         0  stubs.o ABSOLUTE
    _printf_mbtowc                           0x00000000   Number         0  stubs.o ABSOLUTE
    _printf_n                                0x00000000   Number         0  stubs.o ABSOLUTE
    _printf_o                                0x00000000   Number         0  stubs.o ABSOLUTE
    _printf_p                                0x00000000   Number         0  stubs.o ABSOLUTE
    _printf_percent                          0x00000000   Number         0  stubs.o ABSOLUTE
    _printf_pre_padding                      0x00000000   Number         0  stubs.o ABSOLUTE
    _printf_return_value                     0x00000000   Number         0  stubs.o ABSOLUTE
    _printf_s                                0x00000000   Number         0  stubs.o ABSOLUTE
    _printf_sizespec                         0x00000000   Number         0  stubs.o ABSOLUTE
    _printf_str                              0x00000000   Number         0  stubs.o ABSOLUTE
    _printf_truncate_signed                  0x00000000   Number         0  stubs.o ABSOLUTE
    _printf_truncate_unsigned                0x00000000   Number         0  stubs.o ABSOLUTE
    _printf_u                                0x00000000   Number         0  stubs.o ABSOLUTE
    _printf_wc                               0x00000000   Number         0  stubs.o ABSOLUTE
    _printf_wctomb                           0x00000000   Number         0  stubs.o ABSOLUTE
    _printf_widthprec                        0x00000000   Number         0  stubs.o ABSOLUTE
    _printf_x                                0x00000000   Number         0  stubs.o ABSOLUTE
    __arm_fini_                               - Undefined Weak Reference
    __cpp_initialize__aeabi_                  - Undefined Weak Reference
    __cxa_finalize                            - Undefined Weak Reference
    _clock_init                               - Undefined Weak Reference
    _microlib_exit                            - Undefined Weak Reference
    __Vectors_Size                           0x00000188   Number         0  startup_gd32f407_427.o ABSOLUTE
    __Vectors                                0x08000000   Data           4  startup_gd32f407_427.o(RESET)
    __Vectors_End                            0x08000188   Data           0  startup_gd32f407_427.o(RESET)
    __main                                   0x08000189   Thumb Code     0  entry.o(.ARM.Collect$$$$00000000)
    _main_stk                                0x08000189   Thumb Code     0  entry2.o(.ARM.Collect$$$$00000001)
    _main_scatterload                        0x0800018d   Thumb Code     0  entry5.o(.ARM.Collect$$$$00000004)
    __main_after_scatterload                 0x08000191   Thumb Code     0  entry5.o(.ARM.Collect$$$$00000004)
    _main_clock                              0x08000191   Thumb Code     0  entry7b.o(.ARM.Collect$$$$00000008)
    _main_cpp_init                           0x08000191   Thumb Code     0  entry8b.o(.ARM.Collect$$$$0000000A)
    _main_init                               0x08000191   Thumb Code     0  entry9a.o(.ARM.Collect$$$$0000000B)
    __rt_lib_shutdown_fini                   0x08000199   Thumb Code     0  entry12b.o(.ARM.Collect$$$$0000000E)
    __rt_final_cpp                           0x0800019d   Thumb Code     0  entry10a.o(.ARM.Collect$$$$0000000F)
    __rt_final_exit                          0x0800019d   Thumb Code     0  entry11a.o(.ARM.Collect$$$$00000011)
    Reset_Handler                            0x080001a1   Thumb Code     8  startup_gd32f407_427.o(.text)
    ADC_IRQHandler                           0x080001bb   Thumb Code     0  startup_gd32f407_427.o(.text)
    CAN0_EWMC_IRQHandler                     0x080001bb   Thumb Code     0  startup_gd32f407_427.o(.text)
    CAN0_RX1_IRQHandler                      0x080001bb   Thumb Code     0  startup_gd32f407_427.o(.text)
    CAN0_TX_IRQHandler                       0x080001bb   Thumb Code     0  startup_gd32f407_427.o(.text)
    CAN1_EWMC_IRQHandler                     0x080001bb   Thumb Code     0  startup_gd32f407_427.o(.text)
    CAN1_RX0_IRQHandler                      0x080001bb   Thumb Code     0  startup_gd32f407_427.o(.text)
    CAN1_RX1_IRQHandler                      0x080001bb   Thumb Code     0  startup_gd32f407_427.o(.text)
    CAN1_TX_IRQHandler                       0x080001bb   Thumb Code     0  startup_gd32f407_427.o(.text)
    DCI_IRQHandler                           0x080001bb   Thumb Code     0  startup_gd32f407_427.o(.text)
    DMA0_Channel0_IRQHandler                 0x080001bb   Thumb Code     0  startup_gd32f407_427.o(.text)
    DMA0_Channel1_IRQHandler                 0x080001bb   Thumb Code     0  startup_gd32f407_427.o(.text)
    DMA0_Channel2_IRQHandler                 0x080001bb   Thumb Code     0  startup_gd32f407_427.o(.text)
    DMA0_Channel3_IRQHandler                 0x080001bb   Thumb Code     0  startup_gd32f407_427.o(.text)
    DMA0_Channel4_IRQHandler                 0x080001bb   Thumb Code     0  startup_gd32f407_427.o(.text)
    DMA0_Channel5_IRQHandler                 0x080001bb   Thumb Code     0  startup_gd32f407_427.o(.text)
    DMA0_Channel6_IRQHandler                 0x080001bb   Thumb Code     0  startup_gd32f407_427.o(.text)
    DMA0_Channel7_IRQHandler                 0x080001bb   Thumb Code     0  startup_gd32f407_427.o(.text)
    DMA1_Channel0_IRQHandler                 0x080001bb   Thumb Code     0  startup_gd32f407_427.o(.text)
    DMA1_Channel1_IRQHandler                 0x080001bb   Thumb Code     0  startup_gd32f407_427.o(.text)
    DMA1_Channel2_IRQHandler                 0x080001bb   Thumb Code     0  startup_gd32f407_427.o(.text)
    DMA1_Channel3_IRQHandler                 0x080001bb   Thumb Code     0  startup_gd32f407_427.o(.text)
    DMA1_Channel4_IRQHandler                 0x080001bb   Thumb Code     0  startup_gd32f407_427.o(.text)
    DMA1_Channel5_IRQHandler                 0x080001bb   Thumb Code     0  startup_gd32f407_427.o(.text)
    DMA1_Channel6_IRQHandler                 0x080001bb   Thumb Code     0  startup_gd32f407_427.o(.text)
    DMA1_Channel7_IRQHandler                 0x080001bb   Thumb Code     0  startup_gd32f407_427.o(.text)
    ENET_IRQHandler                          0x080001bb   Thumb Code     0  startup_gd32f407_427.o(.text)
    ENET_WKUP_IRQHandler                     0x080001bb   Thumb Code     0  startup_gd32f407_427.o(.text)
    EXMC_IRQHandler                          0x080001bb   Thumb Code     0  startup_gd32f407_427.o(.text)
    EXTI0_IRQHandler                         0x080001bb   Thumb Code     0  startup_gd32f407_427.o(.text)
    EXTI10_15_IRQHandler                     0x080001bb   Thumb Code     0  startup_gd32f407_427.o(.text)
    EXTI1_IRQHandler                         0x080001bb   Thumb Code     0  startup_gd32f407_427.o(.text)
    EXTI2_IRQHandler                         0x080001bb   Thumb Code     0  startup_gd32f407_427.o(.text)
    EXTI3_IRQHandler                         0x080001bb   Thumb Code     0  startup_gd32f407_427.o(.text)
    EXTI4_IRQHandler                         0x080001bb   Thumb Code     0  startup_gd32f407_427.o(.text)
    EXTI5_9_IRQHandler                       0x080001bb   Thumb Code     0  startup_gd32f407_427.o(.text)
    FMC_IRQHandler                           0x080001bb   Thumb Code     0  startup_gd32f407_427.o(.text)
    FPU_IRQHandler                           0x080001bb   Thumb Code     0  startup_gd32f407_427.o(.text)
    I2C1_ER_IRQHandler                       0x080001bb   Thumb Code     0  startup_gd32f407_427.o(.text)
    I2C1_EV_IRQHandler                       0x080001bb   Thumb Code     0  startup_gd32f407_427.o(.text)
    I2C2_ER_IRQHandler                       0x080001bb   Thumb Code     0  startup_gd32f407_427.o(.text)
    I2C2_EV_IRQHandler                       0x080001bb   Thumb Code     0  startup_gd32f407_427.o(.text)
    LVD_IRQHandler                           0x080001bb   Thumb Code     0  startup_gd32f407_427.o(.text)
    RCU_CTC_IRQHandler                       0x080001bb   Thumb Code     0  startup_gd32f407_427.o(.text)
    RTC_Alarm_IRQHandler                     0x080001bb   Thumb Code     0  startup_gd32f407_427.o(.text)
    RTC_WKUP_IRQHandler                      0x080001bb   Thumb Code     0  startup_gd32f407_427.o(.text)
    SPI0_IRQHandler                          0x080001bb   Thumb Code     0  startup_gd32f407_427.o(.text)
    SPI1_IRQHandler                          0x080001bb   Thumb Code     0  startup_gd32f407_427.o(.text)
    SPI2_IRQHandler                          0x080001bb   Thumb Code     0  startup_gd32f407_427.o(.text)
    TAMPER_STAMP_IRQHandler                  0x080001bb   Thumb Code     0  startup_gd32f407_427.o(.text)
    TIMER0_BRK_TIMER8_IRQHandler             0x080001bb   Thumb Code     0  startup_gd32f407_427.o(.text)
    TIMER0_Channel_IRQHandler                0x080001bb   Thumb Code     0  startup_gd32f407_427.o(.text)
    TIMER0_TRG_CMT_TIMER10_IRQHandler        0x080001bb   Thumb Code     0  startup_gd32f407_427.o(.text)
    TIMER0_UP_TIMER9_IRQHandler              0x080001bb   Thumb Code     0  startup_gd32f407_427.o(.text)
    TIMER1_IRQHandler                        0x080001bb   Thumb Code     0  startup_gd32f407_427.o(.text)
    TIMER2_IRQHandler                        0x080001bb   Thumb Code     0  startup_gd32f407_427.o(.text)
    TIMER3_IRQHandler                        0x080001bb   Thumb Code     0  startup_gd32f407_427.o(.text)
    TIMER4_IRQHandler                        0x080001bb   Thumb Code     0  startup_gd32f407_427.o(.text)
    TIMER5_DAC_IRQHandler                    0x080001bb   Thumb Code     0  startup_gd32f407_427.o(.text)
    TIMER6_IRQHandler                        0x080001bb   Thumb Code     0  startup_gd32f407_427.o(.text)
    TIMER7_BRK_TIMER11_IRQHandler            0x080001bb   Thumb Code     0  startup_gd32f407_427.o(.text)
    TIMER7_Channel_IRQHandler                0x080001bb   Thumb Code     0  startup_gd32f407_427.o(.text)
    TIMER7_TRG_CMT_TIMER13_IRQHandler        0x080001bb   Thumb Code     0  startup_gd32f407_427.o(.text)
    TIMER7_UP_TIMER12_IRQHandler             0x080001bb   Thumb Code     0  startup_gd32f407_427.o(.text)
    TRNG_IRQHandler                          0x080001bb   Thumb Code     0  startup_gd32f407_427.o(.text)
    UART3_IRQHandler                         0x080001bb   Thumb Code     0  startup_gd32f407_427.o(.text)
    UART4_IRQHandler                         0x080001bb   Thumb Code     0  startup_gd32f407_427.o(.text)
    USART5_IRQHandler                        0x080001bb   Thumb Code     0  startup_gd32f407_427.o(.text)
    USBFS_IRQHandler                         0x080001bb   Thumb Code     0  startup_gd32f407_427.o(.text)
    USBFS_WKUP_IRQHandler                    0x080001bb   Thumb Code     0  startup_gd32f407_427.o(.text)
    USBHS_EP1_In_IRQHandler                  0x080001bb   Thumb Code     0  startup_gd32f407_427.o(.text)
    USBHS_EP1_Out_IRQHandler                 0x080001bb   Thumb Code     0  startup_gd32f407_427.o(.text)
    USBHS_IRQHandler                         0x080001bb   Thumb Code     0  startup_gd32f407_427.o(.text)
    USBHS_WKUP_IRQHandler                    0x080001bb   Thumb Code     0  startup_gd32f407_427.o(.text)
    WWDGT_IRQHandler                         0x080001bb   Thumb Code     0  startup_gd32f407_427.o(.text)
    rt_hw_interrupt_disable                  0x080001c5   Thumb Code     8  context_rvds.o(.text)
    rt_hw_interrupt_enable                   0x080001cd   Thumb Code     6  context_rvds.o(.text)
    rt_hw_context_switch                     0x080001d3   Thumb Code    32  context_rvds.o(.text)
    rt_hw_context_switch_interrupt           0x080001d3   Thumb Code     0  context_rvds.o(.text)
    PendSV_Handler                           0x080001f3   Thumb Code   108  context_rvds.o(.text)
    rt_hw_context_switch_to                  0x0800025f   Thumb Code    76  context_rvds.o(.text)
    rt_hw_interrupt_thread_switch            0x080002ab   Thumb Code     2  context_rvds.o(.text)
    HardFault_Handler                        0x080002ad   Thumb Code    56  context_rvds.o(.text)
    strcat                                   0x08000301   Thumb Code    24  strcat.o(.text)
    strncpy                                  0x08000319   Thumb Code    24  strncpy.o(.text)
    strlen                                   0x08000331   Thumb Code    14  strlen.o(.text)
    strcmp                                   0x0800033f   Thumb Code    28  strcmp.o(.text)
    strcpy                                   0x0800035b   Thumb Code    18  strcpy.o(.text)
    strncmp                                  0x0800036d   Thumb Code    30  strncmp.o(.text)
    __scatterload                            0x0800038d   Thumb Code    28  init.o(.text)
    __scatterload_rt2                        0x0800038d   Thumb Code     0  init.o(.text)
    __decompress                             0x080003b1   Thumb Code     0  __dczerorl2.o(.text)
    __decompress1                            0x080003b1   Thumb Code    86  __dczerorl2.o(.text)
    main                                     0x08000407   Thumb Code    10  components.o(i.$Sub$$main)
    BusFault_Handler                         0x08000411   Thumb Code     4  gd32f4xx_it.o(i.BusFault_Handler)
    CAN0_RX0_IRQHandler                      0x08000415   Thumb Code    50  can.o(i.CAN0_RX0_IRQHandler)
    DebugMon_Handler                         0x08000459   Thumb Code     4  gd32f4xx_it.o(i.DebugMon_Handler)
    I2C0_ER_IRQHandler                       0x0800045d   Thumb Code     8  i2c.o(i.I2C0_ER_IRQHandler)
    I2C0_EV_IRQHandler                       0x08000465   Thumb Code     8  i2c.o(i.I2C0_EV_IRQHandler)
    MemManage_Handler                        0x0800046d   Thumb Code     4  gd32f4xx_it.o(i.MemManage_Handler)
    NMI_Handler                              0x08000471   Thumb Code     4  gd32f4xx_it.o(i.NMI_Handler)
    SDIO_IRQHandler                          0x08000475   Thumb Code     8  sdcard.o(i.SDIO_IRQHandler)
    SVC_Handler                              0x0800047d   Thumb Code     4  gd32f4xx_it.o(i.SVC_Handler)
    SysTick_Handler                          0x08000481   Thumb Code    26  board.o(i.SysTick_Handler)
    SystemCoreClockUpdate                    0x080004a1   Thumb Code   238  system_gd32f4xx.o(i.SystemCoreClockUpdate)
    SystemInit                               0x080005b1   Thumb Code   364  system_gd32f4xx.o(i.SystemInit)
    USART0_IRQHandler                        0x0800072d   Thumb Code    60  board.o(i.USART0_IRQHandler)
    USART1_IRQHandler                        0x08000779   Thumb Code   102  rs485.o(i.USART1_IRQHandler)
    USART2_IRQHandler                        0x080007f9   Thumb Code   148  wifi_thread_function.o(i.USART2_IRQHandler)
    UsageFault_Handler                       0x080008ad   Thumb Code     4  gd32f4xx_it.o(i.UsageFault_Handler)
    __rt_ffs                                 0x080008b1   Thumb Code    70  kservice.o(i.__rt_ffs)
    __scatterload_copy                       0x080008fd   Thumb Code    14  handlers.o(i.__scatterload_copy)
    __scatterload_null                       0x0800090b   Thumb Code     2  handlers.o(i.__scatterload_null)
    __scatterload_zeroinit                   0x0800090d   Thumb Code    14  handlers.o(i.__scatterload_zeroinit)
    can_message_receive                      0x08000c31   Thumb Code   228  gd32f4xx_can.o(i.can_message_receive)
    cmd_list                                 0x08000d29   Thumb Code   122  cmd.o(i.cmd_list)
    finsh_get_prompt                         0x08000e59   Thumb Code    68  shell.o(i.finsh_get_prompt)
    finsh_getchar                            0x08000eb5   Thumb Code     8  shell.o(i.finsh_getchar)
    finsh_set_prompt_mode                    0x08000ebd   Thumb Code    22  shell.o(i.finsh_set_prompt_mode)
    finsh_system_function_init               0x08000ed9   Thumb Code    10  shell.o(i.finsh_system_function_init)
    finsh_system_init                        0x08000eed   Thumb Code    98  shell.o(i.finsh_system_init)
    finsh_thread_entry                       0x08000f89   Thumb Code   930  shell.o(i.finsh_thread_entry)
    get_systick                              0x0800134d   Thumb Code     6  board.o(i.get_systick)
    gpio_af_set                              0x08001359   Thumb Code    94  gd32f4xx_gpio.o(i.gpio_af_set)
    gpio_bit_reset                           0x080013b7   Thumb Code     4  gd32f4xx_gpio.o(i.gpio_bit_reset)
    gpio_bit_set                             0x080013bb   Thumb Code     4  gd32f4xx_gpio.o(i.gpio_bit_set)
    gpio_mode_set                            0x080013bf   Thumb Code    78  gd32f4xx_gpio.o(i.gpio_mode_set)
    gpio_output_options_set                  0x0800140d   Thumb Code    66  gd32f4xx_gpio.o(i.gpio_output_options_set)
    i2c_ack_config                           0x080014d1   Thumb Code    16  gd32f4xx_i2c.o(i.i2c_ack_config)
    i2c_data_receive                         0x080014e1   Thumb Code     8  gd32f4xx_i2c.o(i.i2c_data_receive)
    i2c_data_transmit                        0x080014e9   Thumb Code     6  gd32f4xx_i2c.o(i.i2c_data_transmit)
    i2c_flag_get                             0x080014ef   Thumb Code    30  gd32f4xx_i2c.o(i.i2c_flag_get)
    i2c_interrupt_disable                    0x0800150d   Thumb Code    26  gd32f4xx_i2c.o(i.i2c_interrupt_disable)
    i2c_interrupt_flag_clear                 0x08001529   Thumb Code    38  gd32f4xx_i2c.o(i.i2c_interrupt_flag_clear)
    i2c_interrupt_flag_get                   0x08001555   Thumb Code    84  gd32f4xx_i2c.o(i.i2c_interrupt_flag_get)
    i2c_master_addressing                    0x080015b1   Thumb Code    20  gd32f4xx_i2c.o(i.i2c_master_addressing)
    i2c_start_on_bus                         0x080015c5   Thumb Code    10  gd32f4xx_i2c.o(i.i2c_start_on_bus)
    i2c_stop_on_bus                          0x080015cf   Thumb Code    10  gd32f4xx_i2c.o(i.i2c_stop_on_bus)
    i2cx_error_irq_handler                   0x080015d9   Thumb Code   160  i2c.o(i.i2cx_error_irq_handler)
    i2cx_event_irq_handler                   0x08001699   Thumb Code   636  i2c.o(i.i2cx_event_irq_handler)
    led_init                                 0x08001949   Thumb Code    58  led.o(i.led_init)
    led_off                                  0x08001989   Thumb Code    14  led.o(i.led_off)
    led_on                                   0x0800199d   Thumb Code    14  led.o(i.led_on)
    led_thread                               0x080019b1   Thumb Code    30  led_thread.o(i.led_thread)
    list_mailbox                             0x08001a81   Thumb Code   224  cmd.o(i.list_mailbox)
    list_sem                                 0x08001bdd   Thumb Code   216  cmd.o(i.list_sem)
    list_thread                              0x08001d15   Thumb Code   302  cmd.o(i.list_thread)
    list_timer                               0x08001f01   Thumb Code   212  cmd.o(i.list_timer)
    $Super$$main                             0x080020a9   Thumb Code    74  main.o(i.main)
    main_thread_entry                        0x08002119   Thumb Code    14  components.o(i.main_thread_entry)
    msh_auto_complete                        0x08002211   Thumb Code   120  msh.o(i.msh_auto_complete)
    msh_exec                                 0x08002295   Thumb Code    84  msh.o(i.msh_exec)
    msh_help                                 0x08002341   Thumb Code    48  msh.o(i.msh_help)
    nvic_irq_enable                          0x08002495   Thumb Code   186  gd32f4xx_misc.o(i.nvic_irq_enable)
    nvic_priority_group_set                  0x08002559   Thumb Code    10  gd32f4xx_misc.o(i.nvic_priority_group_set)
    rcu_clock_freq_get                       0x080028bd   Thumb Code   264  gd32f4xx_rcu.o(i.rcu_clock_freq_get)
    rcu_periph_clock_enable                  0x080029e1   Thumb Code    32  gd32f4xx_rcu.o(i.rcu_periph_clock_enable)
    rcu_periph_reset_disable                 0x08002a05   Thumb Code    32  gd32f4xx_rcu.o(i.rcu_periph_reset_disable)
    rcu_periph_reset_enable                  0x08002a29   Thumb Code    32  gd32f4xx_rcu.o(i.rcu_periph_reset_enable)
    rt_application_init                      0x08002a4d   Thumb Code    34  components.o(i.rt_application_init)
    rt_calloc                                0x08002a7d   Thumb Code    34  kservice.o(i.rt_calloc)
    rt_components_board_init                 0x08002aa1   Thumb Code    20  components.o(i.rt_components_board_init)
    rt_components_init                       0x08002abd   Thumb Code    20  components.o(i.rt_components_init)
    rt_enter_critical                        0x08002b19   Thumb Code    28  scheduler.o(i.rt_enter_critical)
    rt_exit_critical                         0x08002b39   Thumb Code    60  scheduler.o(i.rt_exit_critical)
    rt_free                                  0x08002b7d   Thumb Code    30  kservice.o(i.rt_free)
    rt_heap_begin_get                        0x08002b9d   Thumb Code     4  board.o(i.rt_heap_begin_get)
    rt_heap_end_get                          0x08002ba5   Thumb Code     4  board.o(i.rt_heap_end_get)
    rt_hw_board_init                         0x08002bad   Thumb Code   108  board.o(i.rt_hw_board_init)
    rt_hw_console_getchar                    0x08002c25   Thumb Code    24  board.o(i.rt_hw_console_getchar)
    rt_hw_console_output                     0x08002c45   Thumb Code    58  board.o(i.rt_hw_console_output)
    rt_hw_hard_fault_exception               0x08002c85   Thumb Code   216  cpuport.o(i.rt_hw_hard_fault_exception)
    rt_hw_stack_init                         0x08002ead   Thumb Code    74  cpuport.o(i.rt_hw_stack_init)
    rt_interrupt_enter                       0x08002efd   Thumb Code    26  irq.o(i.rt_interrupt_enter)
    rt_interrupt_leave                       0x08002f1d   Thumb Code    26  irq.o(i.rt_interrupt_leave)
    rt_kprintf                               0x08002f3d   Thumb Code    46  kservice.o(i.rt_kprintf)
    rt_malloc                                0x08003005   Thumb Code    32  kservice.o(i.rt_malloc)
    rt_memcpy                                0x08003029   Thumb Code   124  kservice.o(i.rt_memcpy)
    rt_memmove                               0x080030a5   Thumb Code    66  kservice.o(i.rt_memmove)
    rt_memset                                0x080030e7   Thumb Code    72  kservice.o(i.rt_memset)
    rt_object_allocate                       0x0800312f   Thumb Code    84  object.o(i.rt_object_allocate)
    rt_object_delete                         0x08003183   Thumb Code    36  object.o(i.rt_object_delete)
    rt_object_detach                         0x080031a7   Thumb Code    30  object.o(i.rt_object_detach)
    rt_object_get_information                0x080031c5   Thumb Code    36  object.o(i.rt_object_get_information)
    rt_object_init                           0x080031ed   Thumb Code    86  object.o(i.rt_object_init)
    rt_object_is_systemobject                0x08003243   Thumb Code    18  object.o(i.rt_object_is_systemobject)
    rt_schedule                              0x08003255   Thumb Code   262  scheduler.o(i.rt_schedule)
    rt_schedule_insert_thread                0x08003371   Thumb Code   142  scheduler.o(i.rt_schedule_insert_thread)
    rt_schedule_remove_thread                0x0800340d   Thumb Code    76  scheduler.o(i.rt_schedule_remove_thread)
    rt_sem_init                              0x08003461   Thumb Code    38  ipc.o(i.rt_sem_init)
    rt_show_version                          0x08003489   Thumb Code    42  kservice.o(i.rt_show_version)
    rt_smem_alloc                            0x08003555   Thumb Code   276  mem.o(i.rt_smem_alloc)
    rt_smem_free                             0x08003669   Thumb Code    58  mem.o(i.rt_smem_free)
    rt_smem_init                             0x080036a5   Thumb Code   172  mem.o(i.rt_smem_init)
    rt_sprintf                               0x08003795   Thumb Code    34  kservice.o(i.rt_sprintf)
    rt_strerror                              0x080037b9   Thumb Code    26  kservice.o(i.rt_strerror)
    rt_strlen                                0x080037d9   Thumb Code    18  kservice.o(i.rt_strlen)
    rt_strncpy                               0x080037eb   Thumb Code    52  kservice.o(i.rt_strncpy)
    rt_system_heap_init                      0x08003821   Thumb Code    40  kservice.o(i.rt_system_heap_init)
    rt_system_scheduler_init                 0x08003855   Thumb Code    38  scheduler.o(i.rt_system_scheduler_init)
    rt_system_scheduler_start                0x08003889   Thumb Code    36  scheduler.o(i.rt_system_scheduler_start)
    rt_system_timer_init                     0x080038b1   Thumb Code    24  timer.o(i.rt_system_timer_init)
    rt_system_timer_thread_init              0x080038cd   Thumb Code     2  timer.o(i.rt_system_timer_thread_init)
    rt_thread_create                         0x080038cf   Thumb Code    80  thread.o(i.rt_thread_create)
    rt_thread_defunct_dequeue                0x08003921   Thumb Code    56  idle.o(i.rt_thread_defunct_dequeue)
    rt_thread_defunct_enqueue                0x0800395d   Thumb Code    24  idle.o(i.rt_thread_defunct_enqueue)
    rt_thread_delay                          0x08003979   Thumb Code    12  thread.o(i.rt_thread_delay)
    rt_thread_idle_init                      0x0800398d   Thumb Code    82  idle.o(i.rt_thread_idle_init)
    rt_thread_init                           0x080039f5   Thumb Code    52  thread.o(i.rt_thread_init)
    rt_thread_resume                         0x08003a29   Thumb Code    60  thread.o(i.rt_thread_resume)
    rt_thread_self                           0x08003a65   Thumb Code     6  thread.o(i.rt_thread_self)
    rt_thread_sleep                          0x08003a71   Thumb Code    68  thread.o(i.rt_thread_sleep)
    rt_thread_startup                        0x08003ab5   Thumb Code    40  thread.o(i.rt_thread_startup)
    rt_thread_suspend                        0x08003add   Thumb Code    72  thread.o(i.rt_thread_suspend)
    rt_tick_get                              0x08003b25   Thumb Code     6  clock.o(i.rt_tick_get)
    rt_tick_increase                         0x08003b31   Thumb Code    74  clock.o(i.rt_tick_increase)
    rt_timer_check                           0x08003b81   Thumb Code   160  timer.o(i.rt_timer_check)
    rt_timer_control                         0x08003c25   Thumb Code   104  timer.o(i.rt_timer_control)
    rt_timer_detach                          0x08003c8d   Thumb Code    40  timer.o(i.rt_timer_detach)
    rt_timer_init                            0x08003cb5   Thumb Code    46  timer.o(i.rt_timer_init)
    rt_timer_start                           0x08003ce5   Thumb Code   240  timer.o(i.rt_timer_start)
    rt_timer_stop                            0x08003ddd   Thumb Code    48  timer.o(i.rt_timer_stop)
    rt_vsnprintf                             0x08003e0d   Thumb Code   824  kservice.o(i.rt_vsnprintf)
    rt_vsprintf                              0x0800414d   Thumb Code    22  kservice.o(i.rt_vsprintf)
    rtthread_startup                         0x08004173   Thumb Code    42  components.o(i.rtthread_startup)
    sd_interrupts_process                    0x0800419d   Thumb Code   286  sdcard.o(i.sd_interrupts_process)
    sd_transfer_stop                         0x080042cd   Thumb Code    36  sdcard.o(i.sd_transfer_stop)
    sdio_command_index_get                   0x080042f1   Thumb Code     8  gd32f4xx_sdio.o(i.sdio_command_index_get)
    sdio_command_response_config             0x080042fd   Thumb Code    52  gd32f4xx_sdio.o(i.sdio_command_response_config)
    sdio_csm_enable                          0x08004335   Thumb Code    14  gd32f4xx_sdio.o(i.sdio_csm_enable)
    sdio_flag_clear                          0x08004349   Thumb Code     6  gd32f4xx_sdio.o(i.sdio_flag_clear)
    sdio_interrupt_disable                   0x08004355   Thumb Code    12  gd32f4xx_sdio.o(i.sdio_interrupt_disable)
    sdio_interrupt_flag_clear                0x08004365   Thumb Code     6  gd32f4xx_sdio.o(i.sdio_interrupt_flag_clear)
    sdio_interrupt_flag_get                  0x08004371   Thumb Code    16  gd32f4xx_sdio.o(i.sdio_interrupt_flag_get)
    sdio_response_get                        0x08004385   Thumb Code    56  gd32f4xx_sdio.o(i.sdio_response_get)
    sdio_wait_type_set                       0x080043c1   Thumb Code    22  gd32f4xx_sdio.o(i.sdio_wait_type_set)
    usart0_init                              0x0800469d   Thumb Code   208  usart.o(i.usart0_init)
    usart2_init                              0x08004779   Thumb Code   216  usart.o(i.usart2_init)
    usart_baudrate_set                       0x08004859   Thumb Code   224  gd32f4xx_usart.o(i.usart_baudrate_set)
    usart_data_receive                       0x08004941   Thumb Code    10  gd32f4xx_usart.o(i.usart_data_receive)
    usart_data_transmit                      0x0800494b   Thumb Code     8  gd32f4xx_usart.o(i.usart_data_transmit)
    usart_deinit                             0x08004955   Thumb Code   210  gd32f4xx_usart.o(i.usart_deinit)
    usart_enable                             0x08004a31   Thumb Code    10  gd32f4xx_usart.o(i.usart_enable)
    usart_flag_clear                         0x08004a3b   Thumb Code    52  gd32f4xx_usart.o(i.usart_flag_clear)
    usart_flag_get                           0x08004a6f   Thumb Code    30  gd32f4xx_usart.o(i.usart_flag_get)
    usart_hardware_flow_coherence_config     0x08004a8d   Thumb Code    24  gd32f4xx_usart.o(i.usart_hardware_flow_coherence_config)
    usart_hardware_flow_cts_config           0x08004aa5   Thumb Code    20  gd32f4xx_usart.o(i.usart_hardware_flow_cts_config)
    usart_hardware_flow_rts_config           0x08004ab9   Thumb Code    20  gd32f4xx_usart.o(i.usart_hardware_flow_rts_config)
    usart_interrupt_enable                   0x08004acd   Thumb Code    26  gd32f4xx_usart.o(i.usart_interrupt_enable)
    usart_interrupt_flag_clear               0x08004ae7   Thumb Code    26  gd32f4xx_usart.o(i.usart_interrupt_flag_clear)
    usart_interrupt_flag_get                 0x08004b01   Thumb Code    56  gd32f4xx_usart.o(i.usart_interrupt_flag_get)
    usart_parity_config                      0x08004b39   Thumb Code    16  gd32f4xx_usart.o(i.usart_parity_config)
    usart_receive_config                     0x08004b49   Thumb Code    16  gd32f4xx_usart.o(i.usart_receive_config)
    usart_send_data                          0x08004b59   Thumb Code    40  usart.o(i.usart_send_data)
    usart_send_data_num                      0x08004b81   Thumb Code    48  usart.o(i.usart_send_data_num)
    usart_stop_bit_set                       0x08004bb1   Thumb Code    16  gd32f4xx_usart.o(i.usart_stop_bit_set)
    usart_transmit_config                    0x08004bc1   Thumb Code    16  gd32f4xx_usart.o(i.usart_transmit_config)
    usart_word_length_set                    0x08004bd1   Thumb Code    16  gd32f4xx_usart.o(i.usart_word_length_set)
    version                                  0x08004be1   Thumb Code    10  cmd.o(i.version)
    wifi_thread                              0x08004bed   Thumb Code    82  wifi_thread_function.o(i.wifi_thread)
    __lowest_bit_bitmap                      0x08004c80   Data         256  kservice.o(.constdata)
    __fsym_clear_name                        0x08004e40   Data           6  cmd.o(.rodata.name)
    __fsym_clear_desc                        0x08004e46   Data          26  cmd.o(.rodata.name)
    __fsym_version_name                      0x08004e60   Data           8  cmd.o(.rodata.name)
    __fsym_version_desc                      0x08004e68   Data          35  cmd.o(.rodata.name)
    __fsym_list_thread_name                  0x08004e8b   Data          12  cmd.o(.rodata.name)
    __fsym_list_thread_desc                  0x08004e97   Data          12  cmd.o(.rodata.name)
    __fsym_list_sem_name                     0x08004ea3   Data           9  cmd.o(.rodata.name)
    __fsym_list_sem_desc                     0x08004eac   Data          25  cmd.o(.rodata.name)
    __fsym_list_mailbox_name                 0x08004ec5   Data          13  cmd.o(.rodata.name)
    __fsym_list_mailbox_desc                 0x08004ed2   Data          24  cmd.o(.rodata.name)
    __fsym_list_timer_name                   0x08004eea   Data          11  cmd.o(.rodata.name)
    __fsym_list_timer_desc                   0x08004ef5   Data          21  cmd.o(.rodata.name)
    __fsym_list_name                         0x08004f0a   Data           5  cmd.o(.rodata.name)
    __fsym_list_desc                         0x08004f0f   Data          13  cmd.o(.rodata.name)
    __fsym_help_name                         0x08004f1c   Data           5  msh.o(.rodata.name)
    __fsym_help_desc                         0x08004f21   Data          22  msh.o(.rodata.name)
    __rt_init_rti_start                      0x08004f38   Data           4  components.o(.rti_fn.0)
    __rt_init_rti_board_start                0x08004f3c   Data           4  components.o(.rti_fn.0.end)
    __rt_init_uart_init                      0x08004f40   Data           4  board.o(.rti_fn.1)
    __rt_init_rti_board_end                  0x08004f44   Data           4  components.o(.rti_fn.1.end)
    __rt_init_finsh_system_init              0x08004f48   Data           4  shell.o(.rti_fn.6)
    __rt_init_rti_end                        0x08004f4c   Data           4  components.o(.rti_fn.6.end)
    FSymTab$$Base                            0x08004f50   Number         0  cmd.o(FSymTab)
    __fsym_clear                             0x08004f50   Data          12  cmd.o(FSymTab)
    __fsym_version                           0x08004f5c   Data          12  cmd.o(FSymTab)
    __fsym_list_thread                       0x08004f68   Data          12  cmd.o(FSymTab)
    __fsym_list_sem                          0x08004f74   Data          12  cmd.o(FSymTab)
    __fsym_list_mailbox                      0x08004f80   Data          12  cmd.o(FSymTab)
    __fsym_list_timer                        0x08004f8c   Data          12  cmd.o(FSymTab)
    __fsym_list                              0x08004f98   Data          12  cmd.o(FSymTab)
    __fsym_help                              0x08004fa4   Data          12  msh.o(FSymTab)
    FSymTab$$Limit                           0x08004fb0   Number         0  msh.o(FSymTab)
    Region$$Table$$Base                      0x08004fb0   Number         0  anon$$obj.o(Region$$Table)
    Region$$Table$$Limit                     0x08004fd0   Number         0  anon$$obj.o(Region$$Table)
    sd_scr                                   0x20000004   Data           8  sdcard.o(.data)
    rx_num                                   0x20000028   Data           4  rs485.o(.data)
    receive_ok                               0x2000002c   Data           1  rs485.o(.data)
    transmit_mailbox                         0x2000002d   Data           1  can.o(.data)
    can0_receive_flag                        0x2000002e   Data           1  can.o(.data)
    can0_error_flag                          0x2000002f   Data           1  can.o(.data)
    i2c_read_process                         0x20000030   Data           1  i2c.o(.data)
    i2c_write_process                        0x20000031   Data           1  i2c.o(.data)
    eeprom_address                           0x20000034   Data           2  at24cxx.o(.data)
    i2c_write                                0x20000038   Data           4  at24cxx.o(.data)
    i2c_read                                 0x2000003c   Data           4  at24cxx.o(.data)
    i2c_nbytes                               0x20000040   Data           2  at24cxx.o(.data)
    i2c_write_dress                          0x20000042   Data           2  at24cxx.o(.data)
    i2c_read_dress                           0x20000044   Data           2  at24cxx.o(.data)
    i2c_process_flag                         0x20000046   Data           1  at24cxx.o(.data)
    SystemCoreClock                          0x20000048   Data           4  system_gd32f4xx.o(.data)
    rt_interrupt_nest                        0x20000058   Data           1  irq.o(.data)
    rt_thread_ready_priority_group           0x200000e4   Data           4  scheduler.o(.data)
    rt_current_thread                        0x200000ec   Data           4  scheduler.o(.data)
    rt_current_priority                      0x200000f0   Data           1  scheduler.o(.data)
    rt_interrupt_from_thread                 0x20000100   Data           4  cpuport.o(.data)
    rt_interrupt_to_thread                   0x20000104   Data           4  cpuport.o(.data)
    rt_thread_switch_interrupt_flag          0x20000108   Data           4  cpuport.o(.data)
    _syscall_table_begin                     0x20000110   Data           4  shell.o(.data)
    _syscall_table_end                       0x20000114   Data           4  shell.o(.data)
    shell                                    0x20000118   Data           4  shell.o(.data)
    systick                                  0x20000120   Data           4  board.o(.data)
    rt_finsh_rx_buf                          0x20000124   Data           4  board.o(.data)
    rt_finsh_rx_flag                         0x20000128   Data           1  board.o(.data)
    usart_rx_flag                            0x2000012a   Data           2  wifi_thread_function.o(.data)
    usart_rx_num                             0x2000012c   Data           2  wifi_thread_function.o(.data)
    rs485_rx_buf                             0x20000130   Data          20  rs485.o(.bss)
    transmit_message                         0x20000144   Data          20  can.o(.bss)
    receive_message                          0x20000158   Data          20  can.o(.bss)
    rt_thread_priority_table                 0x200003f4   Data         256  scheduler.o(.bss)
    usart_rx_buffer                          0x200041f5   Data         512  wifi_thread_function.o(.bss)
    __initial_sp                             0x200047f8   Data           0  startup_gd32f407_427.o(STACK)



==============================================================================

Memory Map of the image

  Image Entry point : 0x08000189

  Load Region LR_IROM1 (Base: 0x08000000, Size: 0x00005100, Max: 0x00300000, ABSOLUTE, COMPRESSED[0x00005034])

    Execution Region ER_IROM1 (Exec base: 0x08000000, Load base: 0x08000000, Size: 0x00004fd0, Max: 0x00300000, ABSOLUTE)

    Exec Addr    Load Addr    Size         Type   Attr      Idx    E Section Name        Object

    0x08000000   0x08000000   0x00000188   Data   RO         6460    RESET               startup_gd32f407_427.o
    0x08000188   0x08000188   0x00000000   Code   RO         7944  * .ARM.Collect$$$$00000000  mc_w.l(entry.o)
    0x08000188   0x08000188   0x00000004   Code   RO         8254    .ARM.Collect$$$$00000001  mc_w.l(entry2.o)
    0x0800018c   0x0800018c   0x00000004   Code   RO         8257    .ARM.Collect$$$$00000004  mc_w.l(entry5.o)
    0x08000190   0x08000190   0x00000000   Code   RO         8259    .ARM.Collect$$$$00000008  mc_w.l(entry7b.o)
    0x08000190   0x08000190   0x00000000   Code   RO         8261    .ARM.Collect$$$$0000000A  mc_w.l(entry8b.o)
    0x08000190   0x08000190   0x00000008   Code   RO         8262    .ARM.Collect$$$$0000000B  mc_w.l(entry9a.o)
    0x08000198   0x08000198   0x00000004   Code   RO         8269    .ARM.Collect$$$$0000000E  mc_w.l(entry12b.o)
    0x0800019c   0x0800019c   0x00000000   Code   RO         8264    .ARM.Collect$$$$0000000F  mc_w.l(entry10a.o)
    0x0800019c   0x0800019c   0x00000000   Code   RO         8266    .ARM.Collect$$$$00000011  mc_w.l(entry11a.o)
    0x0800019c   0x0800019c   0x00000004   Code   RO         8255    .ARM.Collect$$$$00002712  mc_w.l(entry2.o)
    0x080001a0   0x080001a0   0x00000024   Code   RO         6461    .text               startup_gd32f407_427.o
    0x080001c4   0x080001c4   0x0000013c   Code   RO         7498    .text               context_rvds.o
    0x08000300   0x08000300   0x00000018   Code   RO         7979    .text               mc_w.l(strcat.o)
    0x08000318   0x08000318   0x00000018   Code   RO         7981    .text               mc_w.l(strncpy.o)
    0x08000330   0x08000330   0x0000000e   Code   RO         7983    .text               mc_w.l(strlen.o)
    0x0800033e   0x0800033e   0x0000001c   Code   RO         7985    .text               mc_w.l(strcmp.o)
    0x0800035a   0x0800035a   0x00000012   Code   RO         7987    .text               mc_w.l(strcpy.o)
    0x0800036c   0x0800036c   0x0000001e   Code   RO         7989    .text               mc_w.l(strncmp.o)
    0x0800038a   0x0800038a   0x00000002   PAD
    0x0800038c   0x0800038c   0x00000024   Code   RO         8288    .text               mc_w.l(init.o)
    0x080003b0   0x080003b0   0x00000056   Code   RO         8308    .text               mc_w.l(__dczerorl2.o)
    0x08000406   0x08000406   0x0000000a   Code   RO         6506    i.$Sub$$main        components.o
    0x08000410   0x08000410   0x00000004   Code   RO          210    i.BusFault_Handler  gd32f4xx_it.o
    0x08000414   0x08000414   0x00000044   Code   RO          735    i.CAN0_RX0_IRQHandler  can.o
    0x08000458   0x08000458   0x00000004   Code   RO          211    i.DebugMon_Handler  gd32f4xx_it.o
    0x0800045c   0x0800045c   0x00000008   Code   RO          802    i.I2C0_ER_IRQHandler  i2c.o
    0x08000464   0x08000464   0x00000008   Code   RO          803    i.I2C0_EV_IRQHandler  i2c.o
    0x0800046c   0x0800046c   0x00000004   Code   RO          212    i.MemManage_Handler  gd32f4xx_it.o
    0x08000470   0x08000470   0x00000004   Code   RO          213    i.NMI_Handler       gd32f4xx_it.o
    0x08000474   0x08000474   0x00000008   Code   RO          424    i.SDIO_IRQHandler   sdcard.o
    0x0800047c   0x0800047c   0x00000004   Code   RO          214    i.SVC_Handler       gd32f4xx_it.o
    0x08000480   0x08000480   0x00000020   Code   RO         7820    i.SysTick_Handler   board.o
    0x080004a0   0x080004a0   0x00000110   Code   RO         6407    i.SystemCoreClockUpdate  system_gd32f4xx.o
    0x080005b0   0x080005b0   0x0000017c   Code   RO         6408    i.SystemInit        system_gd32f4xx.o
    0x0800072c   0x0800072c   0x0000004c   Code   RO         7821    i.USART0_IRQHandler  board.o
    0x08000778   0x08000778   0x00000080   Code   RO          659    i.USART1_IRQHandler  rs485.o
    0x080007f8   0x080007f8   0x000000b4   Code   RO         7916    i.USART2_IRQHandler  wifi_thread_function.o
    0x080008ac   0x080008ac   0x00000004   Code   RO          215    i.UsageFault_Handler  gd32f4xx_it.o
    0x080008b0   0x080008b0   0x0000004c   Code   RO         6805    i.__rt_ffs          kservice.o
    0x080008fc   0x080008fc   0x0000000e   Code   RO         8302    i.__scatterload_copy  mc_w.l(handlers.o)
    0x0800090a   0x0800090a   0x00000002   Code   RO         8303    i.__scatterload_null  mc_w.l(handlers.o)
    0x0800090c   0x0800090c   0x0000000e   Code   RO         8304    i.__scatterload_zeroinit  mc_w.l(handlers.o)
    0x0800091a   0x0800091a   0x0000000a   Code   RO         6806    i._heap_lock        kservice.o
    0x08000924   0x08000924   0x0000000a   Code   RO         6807    i._heap_unlock      kservice.o
    0x0800092e   0x0800092e   0x00000010   Code   RO         6635    i._ipc_object_init  ipc.o
    0x0800093e   0x0800093e   0x0000006c   Code   RO         7646    i._msh_exec_cmd     msh.o
    0x080009aa   0x080009aa   0x00000002   PAD
    0x080009ac   0x080009ac   0x00000028   Code   RO         7181    i._scheduler_get_highest_priority_thread  scheduler.o
    0x080009d4   0x080009d4   0x0000001c   Code   RO         6409    i._soft_delay_      system_gd32f4xx.o
    0x080009f0   0x080009f0   0x00000034   Code   RO         7263    i._thread_exit      thread.o
    0x08000a24   0x08000a24   0x00000084   Code   RO         7264    i._thread_init      thread.o
    0x08000aa8   0x08000aa8   0x0000002c   Code   RO         7265    i._thread_timeout   thread.o
    0x08000ad4   0x08000ad4   0x00000042   Code   RO         7386    i._timer_init       timer.o
    0x08000b16   0x08000b16   0x0000001c   Code   RO         7388    i._timer_remove     timer.o
    0x08000b32   0x08000b32   0x00000002   PAD
    0x08000b34   0x08000b34   0x000000fc   Code   RO         7502    i.bus_fault_track   cpuport.o
    0x08000c30   0x08000c30   0x000000e4   Code   RO         1237    i.can_message_receive  gd32f4xx_can.o
    0x08000d14   0x08000d14   0x00000014   Code   RO         7561    i.clear             cmd.o
    0x08000d28   0x08000d28   0x00000130   Code   RO         7562    i.cmd_list          cmd.o
    0x08000e58   0x08000e58   0x0000005c   Code   RO         7734    i.finsh_get_prompt  shell.o
    0x08000eb4   0x08000eb4   0x00000008   Code   RO         7736    i.finsh_getchar     shell.o
    0x08000ebc   0x08000ebc   0x0000001c   Code   RO         7739    i.finsh_set_prompt_mode  shell.o
    0x08000ed8   0x08000ed8   0x00000014   Code   RO         7740    i.finsh_system_function_init  shell.o
    0x08000eec   0x08000eec   0x0000009c   Code   RO         7741    i.finsh_system_init  shell.o
    0x08000f88   0x08000f88   0x000003c4   Code   RO         7742    i.finsh_thread_entry  shell.o
    0x0800134c   0x0800134c   0x0000000c   Code   RO         7822    i.get_systick       board.o
    0x08001358   0x08001358   0x0000005e   Code   RO         3380    i.gpio_af_set       gd32f4xx_gpio.o
    0x080013b6   0x080013b6   0x00000004   Code   RO         3381    i.gpio_bit_reset    gd32f4xx_gpio.o
    0x080013ba   0x080013ba   0x00000004   Code   RO         3382    i.gpio_bit_set      gd32f4xx_gpio.o
    0x080013be   0x080013be   0x0000004e   Code   RO         3388    i.gpio_mode_set     gd32f4xx_gpio.o
    0x0800140c   0x0800140c   0x00000042   Code   RO         3390    i.gpio_output_options_set  gd32f4xx_gpio.o
    0x0800144e   0x0800144e   0x00000002   PAD
    0x08001450   0x08001450   0x00000080   Code   RO         7503    i.hard_fault_track  cpuport.o
    0x080014d0   0x080014d0   0x00000010   Code   RO         3484    i.i2c_ack_config    gd32f4xx_i2c.o
    0x080014e0   0x080014e0   0x00000008   Code   RO         3489    i.i2c_data_receive  gd32f4xx_i2c.o
    0x080014e8   0x080014e8   0x00000006   Code   RO         3490    i.i2c_data_transmit  gd32f4xx_i2c.o
    0x080014ee   0x080014ee   0x0000001e   Code   RO         3500    i.i2c_flag_get      gd32f4xx_i2c.o
    0x0800150c   0x0800150c   0x0000001a   Code   RO         3501    i.i2c_interrupt_disable  gd32f4xx_i2c.o
    0x08001526   0x08001526   0x00000002   PAD
    0x08001528   0x08001528   0x0000002c   Code   RO         3503    i.i2c_interrupt_flag_clear  gd32f4xx_i2c.o
    0x08001554   0x08001554   0x0000005c   Code   RO         3504    i.i2c_interrupt_flag_get  gd32f4xx_i2c.o
    0x080015b0   0x080015b0   0x00000014   Code   RO         3505    i.i2c_master_addressing  gd32f4xx_i2c.o
    0x080015c4   0x080015c4   0x0000000a   Code   RO         3519    i.i2c_start_on_bus  gd32f4xx_i2c.o
    0x080015ce   0x080015ce   0x0000000a   Code   RO         3520    i.i2c_stop_on_bus   gd32f4xx_i2c.o
    0x080015d8   0x080015d8   0x000000c0   Code   RO          807    i.i2cx_error_irq_handler  i2c.o
    0x08001698   0x08001698   0x000002b0   Code   RO          808    i.i2cx_event_irq_handler  i2c.o
    0x08001948   0x08001948   0x00000040   Code   RO          307    i.led_init          led.o
    0x08001988   0x08001988   0x00000014   Code   RO          308    i.led_off           led.o
    0x0800199c   0x0800199c   0x00000014   Code   RO          309    i.led_on            led.o
    0x080019b0   0x080019b0   0x0000001e   Code   RO         7896    i.led_thread        led_thread.o
    0x080019ce   0x080019ce   0x0000002a   Code   RO         7563    i.list_find_init    cmd.o
    0x080019f8   0x080019f8   0x00000088   Code   RO         7564    i.list_get_next     cmd.o
    0x08001a80   0x08001a80   0x0000015c   Code   RO         7565    i.list_mailbox      cmd.o
    0x08001bdc   0x08001bdc   0x00000138   Code   RO         7566    i.list_sem          cmd.o
    0x08001d14   0x08001d14   0x000001ec   Code   RO         7567    i.list_thread       cmd.o
    0x08001f00   0x08001f00   0x000001a8   Code   RO         7568    i.list_timer        cmd.o
    0x080020a8   0x080020a8   0x00000070   Code   RO            3    i.main              main.o
    0x08002118   0x08002118   0x0000000e   Code   RO         6507    i.main_thread_entry  components.o
    0x08002126   0x08002126   0x00000002   PAD
    0x08002128   0x08002128   0x000000e8   Code   RO         7504    i.mem_manage_fault_track  cpuport.o
    0x08002210   0x08002210   0x00000084   Code   RO         7647    i.msh_auto_complete  msh.o
    0x08002294   0x08002294   0x0000006c   Code   RO         7648    i.msh_exec          msh.o
    0x08002300   0x08002300   0x00000040   Code   RO         7649    i.msh_get_cmd       msh.o
    0x08002340   0x08002340   0x00000064   Code   RO         7650    i.msh_help          msh.o
    0x080023a4   0x080023a4   0x000000f0   Code   RO         7651    i.msh_split         msh.o
    0x08002494   0x08002494   0x000000c4   Code   RO         3956    i.nvic_irq_enable   gd32f4xx_misc.o
    0x08002558   0x08002558   0x00000014   Code   RO         3957    i.nvic_priority_group_set  gd32f4xx_misc.o
    0x0800256c   0x0800256c   0x0000001c   Code   RO         7569    i.object_split      cmd.o
    0x08002588   0x08002588   0x00000066   Code   RO         7047    i.plug_holes        mem.o
    0x080025ee   0x080025ee   0x00000002   PAD
    0x080025f0   0x080025f0   0x00000198   Code   RO         6809    i.print_number      kservice.o
    0x08002788   0x08002788   0x00000084   Code   RO          429    i.r1_error_check    sdcard.o
    0x0800280c   0x0800280c   0x000000ae   Code   RO          430    i.r1_error_type_check  sdcard.o
    0x080028ba   0x080028ba   0x00000002   PAD
    0x080028bc   0x080028bc   0x00000124   Code   RO         4161    i.rcu_clock_freq_get  gd32f4xx_rcu.o
    0x080029e0   0x080029e0   0x00000024   Code   RO         4180    i.rcu_periph_clock_enable  gd32f4xx_rcu.o
    0x08002a04   0x08002a04   0x00000024   Code   RO         4183    i.rcu_periph_reset_disable  gd32f4xx_rcu.o
    0x08002a28   0x08002a28   0x00000024   Code   RO         4184    i.rcu_periph_reset_enable  gd32f4xx_rcu.o
    0x08002a4c   0x08002a4c   0x00000030   Code   RO         6508    i.rt_application_init  components.o
    0x08002a7c   0x08002a7c   0x00000022   Code   RO         6810    i.rt_calloc         kservice.o
    0x08002a9e   0x08002a9e   0x00000002   PAD
    0x08002aa0   0x08002aa0   0x0000001c   Code   RO         6509    i.rt_components_board_init  components.o
    0x08002abc   0x08002abc   0x0000001c   Code   RO         6510    i.rt_components_init  components.o
    0x08002ad8   0x08002ad8   0x00000040   Code   RO         6586    i.rt_defunct_execute  idle.o
    0x08002b18   0x08002b18   0x00000020   Code   RO         7183    i.rt_enter_critical  scheduler.o
    0x08002b38   0x08002b38   0x00000044   Code   RO         7184    i.rt_exit_critical  scheduler.o
    0x08002b7c   0x08002b7c   0x0000001e   Code   RO         6811    i.rt_free           kservice.o
    0x08002b9a   0x08002b9a   0x00000002   PAD
    0x08002b9c   0x08002b9c   0x00000008   Code   RO         7823    i.rt_heap_begin_get  board.o
    0x08002ba4   0x08002ba4   0x00000008   Code   RO         7824    i.rt_heap_end_get   board.o
    0x08002bac   0x08002bac   0x00000078   Code   RO         7825    i.rt_hw_board_init  board.o
    0x08002c24   0x08002c24   0x00000020   Code   RO         7826    i.rt_hw_console_getchar  board.o
    0x08002c44   0x08002c44   0x00000040   Code   RO         7827    i.rt_hw_console_output  board.o
    0x08002c84   0x08002c84   0x00000228   Code   RO         7508    i.rt_hw_hard_fault_exception  cpuport.o
    0x08002eac   0x08002eac   0x00000050   Code   RO         7509    i.rt_hw_stack_init  cpuport.o
    0x08002efc   0x08002efc   0x00000020   Code   RO         6778    i.rt_interrupt_enter  irq.o
    0x08002f1c   0x08002f1c   0x00000020   Code   RO         6780    i.rt_interrupt_leave  irq.o
    0x08002f3c   0x08002f3c   0x00000034   Code   RO         6816    i.rt_kprintf        kservice.o
    0x08002f70   0x08002f70   0x00000006   Code   RO         6636    i.rt_list_init      ipc.o
    0x08002f76   0x08002f76   0x00000006   Code   RO         7389    i.rt_list_init      timer.o
    0x08002f7c   0x08002f7c   0x0000000e   Code   RO         7100    i.rt_list_insert_after  object.o
    0x08002f8a   0x08002f8a   0x0000000e   Code   RO         7390    i.rt_list_insert_after  timer.o
    0x08002f98   0x08002f98   0x00000010   Code   RO         7391    i.rt_list_isempty   timer.o
    0x08002fa8   0x08002fa8   0x00000010   Code   RO         7570    i.rt_list_isempty   cmd.o
    0x08002fb8   0x08002fb8   0x00000014   Code   RO         7571    i.rt_list_len       cmd.o
    0x08002fcc   0x08002fcc   0x00000012   Code   RO         7101    i.rt_list_remove    object.o
    0x08002fde   0x08002fde   0x00000012   Code   RO         7266    i.rt_list_remove    thread.o
    0x08002ff0   0x08002ff0   0x00000012   Code   RO         7392    i.rt_list_remove    timer.o
    0x08003002   0x08003002   0x00000002   PAD
    0x08003004   0x08003004   0x00000024   Code   RO         6818    i.rt_malloc         kservice.o
    0x08003028   0x08003028   0x0000007c   Code   RO         6821    i.rt_memcpy         kservice.o
    0x080030a4   0x080030a4   0x00000042   Code   RO         6822    i.rt_memmove        kservice.o
    0x080030e6   0x080030e6   0x00000048   Code   RO         6824    i.rt_memset         kservice.o
    0x0800312e   0x0800312e   0x00000054   Code   RO         7102    i.rt_object_allocate  object.o
    0x08003182   0x08003182   0x00000024   Code   RO         7103    i.rt_object_delete  object.o
    0x080031a6   0x080031a6   0x0000001e   Code   RO         7104    i.rt_object_detach  object.o
    0x080031c4   0x080031c4   0x00000028   Code   RO         7106    i.rt_object_get_information  object.o
    0x080031ec   0x080031ec   0x00000056   Code   RO         7110    i.rt_object_init    object.o
    0x08003242   0x08003242   0x00000012   Code   RO         7111    i.rt_object_is_systemobject  object.o
    0x08003254   0x08003254   0x0000011c   Code   RO         7185    i.rt_schedule       scheduler.o
    0x08003370   0x08003370   0x0000009c   Code   RO         7186    i.rt_schedule_insert_thread  scheduler.o
    0x0800340c   0x0800340c   0x00000054   Code   RO         7187    i.rt_schedule_remove_thread  scheduler.o
    0x08003460   0x08003460   0x00000026   Code   RO         6652    i.rt_sem_init       ipc.o
    0x08003486   0x08003486   0x00000002   PAD
    0x08003488   0x08003488   0x000000cc   Code   RO         6827    i.rt_show_version   kservice.o
    0x08003554   0x08003554   0x00000114   Code   RO         7048    i.rt_smem_alloc     mem.o
    0x08003668   0x08003668   0x0000003a   Code   RO         7050    i.rt_smem_free      mem.o
    0x080036a2   0x080036a2   0x00000002   PAD
    0x080036a4   0x080036a4   0x000000f0   Code   RO         7051    i.rt_smem_init      mem.o
    0x08003794   0x08003794   0x00000022   Code   RO         6829    i.rt_sprintf        kservice.o
    0x080037b6   0x080037b6   0x00000002   PAD
    0x080037b8   0x080037b8   0x00000020   Code   RO         6834    i.rt_strerror       kservice.o
    0x080037d8   0x080037d8   0x00000012   Code   RO         6835    i.rt_strlen         kservice.o
    0x080037ea   0x080037ea   0x00000034   Code   RO         6837    i.rt_strncpy        kservice.o
    0x0800381e   0x0800381e   0x00000002   PAD
    0x08003820   0x08003820   0x00000034   Code   RO         6840    i.rt_system_heap_init  kservice.o
    0x08003854   0x08003854   0x00000034   Code   RO         7188    i.rt_system_scheduler_init  scheduler.o
    0x08003888   0x08003888   0x00000028   Code   RO         7189    i.rt_system_scheduler_start  scheduler.o
    0x080038b0   0x080038b0   0x0000001c   Code   RO         7393    i.rt_system_timer_init  timer.o
    0x080038cc   0x080038cc   0x00000002   Code   RO         7394    i.rt_system_timer_thread_init  timer.o
    0x080038ce   0x080038ce   0x00000050   Code   RO         7268    i.rt_thread_create  thread.o
    0x0800391e   0x0800391e   0x00000002   PAD
    0x08003920   0x08003920   0x0000003c   Code   RO         6587    i.rt_thread_defunct_dequeue  idle.o
    0x0800395c   0x0800395c   0x0000001c   Code   RO         6588    i.rt_thread_defunct_enqueue  idle.o
    0x08003978   0x08003978   0x0000000c   Code   RO         7269    i.rt_thread_delay   thread.o
    0x08003984   0x08003984   0x00000008   Code   RO         6589    i.rt_thread_idle_entry  idle.o
    0x0800398c   0x0800398c   0x00000068   Code   RO         6591    i.rt_thread_idle_init  idle.o
    0x080039f4   0x080039f4   0x00000034   Code   RO         7274    i.rt_thread_init    thread.o
    0x08003a28   0x08003a28   0x0000003c   Code   RO         7276    i.rt_thread_resume  thread.o
    0x08003a64   0x08003a64   0x0000000c   Code   RO         7277    i.rt_thread_self    thread.o
    0x08003a70   0x08003a70   0x00000044   Code   RO         7278    i.rt_thread_sleep   thread.o
    0x08003ab4   0x08003ab4   0x00000028   Code   RO         7279    i.rt_thread_startup  thread.o
    0x08003adc   0x08003adc   0x00000048   Code   RO         7280    i.rt_thread_suspend  thread.o
    0x08003b24   0x08003b24   0x0000000c   Code   RO         6466    i.rt_tick_get       clock.o
    0x08003b30   0x08003b30   0x00000050   Code   RO         6468    i.rt_tick_increase  clock.o
    0x08003b80   0x08003b80   0x000000a4   Code   RO         7395    i.rt_timer_check    timer.o
    0x08003c24   0x08003c24   0x00000068   Code   RO         7396    i.rt_timer_control  timer.o
    0x08003c8c   0x08003c8c   0x00000028   Code   RO         7399    i.rt_timer_detach   timer.o
    0x08003cb4   0x08003cb4   0x0000002e   Code   RO         7400    i.rt_timer_init     timer.o
    0x08003ce2   0x08003ce2   0x00000002   PAD
    0x08003ce4   0x08003ce4   0x000000f8   Code   RO         7402    i.rt_timer_start    timer.o
    0x08003ddc   0x08003ddc   0x00000030   Code   RO         7403    i.rt_timer_stop     timer.o
    0x08003e0c   0x08003e0c   0x00000340   Code   RO         6841    i.rt_vsnprintf      kservice.o
    0x0800414c   0x0800414c   0x00000016   Code   RO         6842    i.rt_vsprintf       kservice.o
    0x08004162   0x08004162   0x00000004   Code   RO         6511    i.rti_board_end     components.o
    0x08004166   0x08004166   0x00000004   Code   RO         6512    i.rti_board_start   components.o
    0x0800416a   0x0800416a   0x00000004   Code   RO         6513    i.rti_end           components.o
    0x0800416e   0x0800416e   0x00000004   Code   RO         6514    i.rti_start         components.o
    0x08004172   0x08004172   0x0000002a   Code   RO         6515    i.rtthread_startup  components.o
    0x0800419c   0x0800419c   0x00000130   Code   RO          449    i.sd_interrupts_process  sdcard.o
    0x080042cc   0x080042cc   0x00000024   Code   RO          460    i.sd_transfer_stop  sdcard.o
    0x080042f0   0x080042f0   0x0000000c   Code   RO         4724    i.sdio_command_index_get  gd32f4xx_sdio.o
    0x080042fc   0x080042fc   0x00000038   Code   RO         4725    i.sdio_command_response_config  gd32f4xx_sdio.o
    0x08004334   0x08004334   0x00000014   Code   RO         4727    i.sdio_csm_enable   gd32f4xx_sdio.o
    0x08004348   0x08004348   0x0000000c   Code   RO         4739    i.sdio_flag_clear   gd32f4xx_sdio.o
    0x08004354   0x08004354   0x00000010   Code   RO         4743    i.sdio_interrupt_disable  gd32f4xx_sdio.o
    0x08004364   0x08004364   0x0000000c   Code   RO         4745    i.sdio_interrupt_flag_clear  gd32f4xx_sdio.o
    0x08004370   0x08004370   0x00000014   Code   RO         4746    i.sdio_interrupt_flag_get  gd32f4xx_sdio.o
    0x08004384   0x08004384   0x0000003c   Code   RO         4754    i.sdio_response_get  gd32f4xx_sdio.o
    0x080043c0   0x080043c0   0x0000001c   Code   RO         4759    i.sdio_wait_type_set  gd32f4xx_sdio.o
    0x080043dc   0x080043dc   0x00000030   Code   RO         7743    i.shell_auto_complete  shell.o
    0x0800440c   0x0800440c   0x00000038   Code   RO         7572    i.show_wait_queue   cmd.o
    0x08004444   0x08004444   0x00000026   Code   RO         6843    i.skip_atoi         kservice.o
    0x0800446a   0x0800446a   0x00000020   Code   RO         7652    i.str_common        msh.o
    0x0800448a   0x0800448a   0x00000002   PAD
    0x0800448c   0x0800448c   0x00000110   Code   RO         6411    i.system_clock_168m_8m_hxtal  system_gd32f4xx.o
    0x0800459c   0x0800459c   0x00000008   Code   RO         6412    i.system_clock_config  system_gd32f4xx.o
    0x080045a4   0x080045a4   0x0000000e   Code   RO         7828    i.uart_init         board.o
    0x080045b2   0x080045b2   0x00000002   PAD
    0x080045b4   0x080045b4   0x000000e8   Code   RO         7510    i.usage_fault_track  cpuport.o
    0x0800469c   0x0800469c   0x000000dc   Code   RO          342    i.usart0_init       usart.o
    0x08004778   0x08004778   0x000000e0   Code   RO          343    i.usart2_init       usart.o
    0x08004858   0x08004858   0x000000e8   Code   RO         6008    i.usart_baudrate_set  gd32f4xx_usart.o
    0x08004940   0x08004940   0x0000000a   Code   RO         6012    i.usart_data_receive  gd32f4xx_usart.o
    0x0800494a   0x0800494a   0x00000008   Code   RO         6013    i.usart_data_transmit  gd32f4xx_usart.o
    0x08004952   0x08004952   0x00000002   PAD
    0x08004954   0x08004954   0x000000dc   Code   RO         6014    i.usart_deinit      gd32f4xx_usart.o
    0x08004a30   0x08004a30   0x0000000a   Code   RO         6018    i.usart_enable      gd32f4xx_usart.o
    0x08004a3a   0x08004a3a   0x00000034   Code   RO         6019    i.usart_flag_clear  gd32f4xx_usart.o
    0x08004a6e   0x08004a6e   0x0000001e   Code   RO         6020    i.usart_flag_get    gd32f4xx_usart.o
    0x08004a8c   0x08004a8c   0x00000018   Code   RO         6024    i.usart_hardware_flow_coherence_config  gd32f4xx_usart.o
    0x08004aa4   0x08004aa4   0x00000014   Code   RO         6025    i.usart_hardware_flow_cts_config  gd32f4xx_usart.o
    0x08004ab8   0x08004ab8   0x00000014   Code   RO         6026    i.usart_hardware_flow_rts_config  gd32f4xx_usart.o
    0x08004acc   0x08004acc   0x0000001a   Code   RO         6028    i.usart_interrupt_enable  gd32f4xx_usart.o
    0x08004ae6   0x08004ae6   0x0000001a   Code   RO         6029    i.usart_interrupt_flag_clear  gd32f4xx_usart.o
    0x08004b00   0x08004b00   0x00000038   Code   RO         6030    i.usart_interrupt_flag_get  gd32f4xx_usart.o
    0x08004b38   0x08004b38   0x00000010   Code   RO         6043    i.usart_parity_config  gd32f4xx_usart.o
    0x08004b48   0x08004b48   0x00000010   Code   RO         6045    i.usart_receive_config  gd32f4xx_usart.o
    0x08004b58   0x08004b58   0x00000028   Code   RO          344    i.usart_send_data   usart.o
    0x08004b80   0x08004b80   0x00000030   Code   RO          345    i.usart_send_data_num  usart.o
    0x08004bb0   0x08004bb0   0x00000010   Code   RO         6056    i.usart_stop_bit_set  gd32f4xx_usart.o
    0x08004bc0   0x08004bc0   0x00000010   Code   RO         6060    i.usart_transmit_config  gd32f4xx_usart.o
    0x08004bd0   0x08004bd0   0x00000010   Code   RO         6061    i.usart_word_length_set  gd32f4xx_usart.o
    0x08004be0   0x08004be0   0x0000000a   Code   RO         7573    i.version           cmd.o
    0x08004bea   0x08004bea   0x00000002   PAD
    0x08004bec   0x08004bec   0x00000094   Code   RO         7917    i.wifi_thread       wifi_thread_function.o
    0x08004c80   0x08004c80   0x00000122   Data   RO         6845    .constdata          kservice.o
    0x08004da2   0x08004da2   0x00000002   PAD
    0x08004da4   0x08004da4   0x00000058   Data   RO         6846    .conststring        kservice.o
    0x08004dfc   0x08004dfc   0x00000044   Data   RO         7574    .conststring        cmd.o
    0x08004e40   0x08004e40   0x000000dc   Data   RO         7575    .rodata.name        cmd.o
    0x08004f1c   0x08004f1c   0x0000001b   Data   RO         7653    .rodata.name        msh.o
    0x08004f37   0x08004f37   0x00000001   PAD
    0x08004f38   0x08004f38   0x00000004   Data   RO         6516    .rti_fn.0           components.o
    0x08004f3c   0x08004f3c   0x00000004   Data   RO         6517    .rti_fn.0.end       components.o
    0x08004f40   0x08004f40   0x00000004   Data   RO         7831    .rti_fn.1           board.o
    0x08004f44   0x08004f44   0x00000004   Data   RO         6518    .rti_fn.1.end       components.o
    0x08004f48   0x08004f48   0x00000004   Data   RO         7746    .rti_fn.6           shell.o
    0x08004f4c   0x08004f4c   0x00000004   Data   RO         6519    .rti_fn.6.end       components.o
    0x08004f50   0x08004f50   0x00000054   Data   RO         7576    FSymTab             cmd.o
    0x08004fa4   0x08004fa4   0x0000000c   Data   RO         7654    FSymTab             msh.o
    0x08004fb0   0x08004fb0   0x00000020   Data   RO         8300    Region$$Table       anon$$obj.o


    Execution Region RW_IRAM1 (Exec base: 0x20000000, Load base: 0x08004fd0, Size: 0x000047f8, Max: 0x00020000, ABSOLUTE, COMPRESSED[0x00000064])

    Exec Addr    Load Addr    Size         Type   Attr      Idx    E Section Name        Object

    0x20000000   COMPRESSED   0x00000004   Data   RW            4    .data               main.o
    0x20000004   COMPRESSED   0x00000024   Data   RW          462    .data               sdcard.o
    0x20000028   COMPRESSED   0x00000005   Data   RW          667    .data               rs485.o
    0x2000002d   COMPRESSED   0x00000003   Data   RW          743    .data               can.o
    0x20000030   COMPRESSED   0x00000002   Data   RW          809    .data               i2c.o
    0x20000032   COMPRESSED   0x00000002   PAD
    0x20000034   COMPRESSED   0x00000013   Data   RW          879    .data               at24cxx.o
    0x20000047   COMPRESSED   0x00000001   PAD
    0x20000048   COMPRESSED   0x00000004   Data   RW         6413    .data               system_gd32f4xx.o
    0x2000004c   COMPRESSED   0x00000004   Data   RW         6470    .data               clock.o
    0x20000050   COMPRESSED   0x00000008   Data   RW         6593    .data               idle.o
    0x20000058   COMPRESSED   0x00000001   Data   RW         6781    .data               irq.o
    0x20000059   COMPRESSED   0x00000003   PAD
    0x2000005c   COMPRESSED   0x00000038   Data   RW         6847    .data               kservice.o
    0x20000094   COMPRESSED   0x00000050   Data   RW         7112    .data               object.o
    0x200000e4   COMPRESSED   0x0000000d   Data   RW         7191    .data               scheduler.o
    0x200000f1   COMPRESSED   0x00000003   PAD
    0x200000f4   COMPRESSED   0x0000000c   Data   RW         7404    .data               timer.o
    0x20000100   COMPRESSED   0x00000010   Data   RW         7511    .data               cpuport.o
    0x20000110   COMPRESSED   0x00000010   Data   RW         7745    .data               shell.o
    0x20000120   COMPRESSED   0x00000009   Data   RW         7830    .data               board.o
    0x20000129   COMPRESSED   0x00000001   PAD
    0x2000012a   COMPRESSED   0x00000004   Data   RW         7919    .data               wifi_thread_function.o
    0x2000012e   COMPRESSED   0x00000002   PAD
    0x20000130        -       0x00000014   Zero   RW          666    .bss                rs485.o
    0x20000144        -       0x00000028   Zero   RW          742    .bss                can.o
    0x2000016c        -       0x00000188   Zero   RW         6592    .bss                idle.o
    0x200002f4        -       0x00000100   Zero   RW         6844    .bss                kservice.o
    0x200003f4        -       0x00000100   Zero   RW         7190    .bss                scheduler.o
    0x200004f4        -       0x00000101   Zero   RW         7744    .bss                shell.o
    0x200005f5        -       0x00003c00   Zero   RW         7829    .bss                board.o
    0x200041f5        -       0x00000200   Zero   RW         7918    .bss                wifi_thread_function.o
    0x200043f5   COMPRESSED   0x00000003   PAD
    0x200043f8        -       0x00000400   Zero   RW         6458    STACK               startup_gd32f407_427.o


==============================================================================

Image component sizes


      Code (inc. data)   RO Data    RW Data    ZI Data      Debug   Object Name

         0          0          0         19          0       1084   at24cxx.o
       366         62          4          9      15360      32618   board.o
        68         18          0          3         40        896   can.o
        92         12          0          4          0       1753   clock.o
      2208        832        372          0          0      14693   cmd.o
       186         30         16          0          0       6240   components.o
       316         28          0          0          0        852   context_rvds.o
      1476        738          0         16          0       6634   cpuport.o
       228          0          0          0          0       1466   gd32f4xx_can.o
       246          0          0          0          0       3860   gd32f4xx_gpio.o
       262         14          0          0          0       6944   gd32f4xx_i2c.o
        24          0          0          0          0       2651   gd32f4xx_it.o
       216         20          0          0          0       1560   gd32f4xx_misc.o
       400         40          0          0          0       3892   gd32f4xx_rcu.o
       236         44          0          0          0       5868   gd32f4xx_sdio.o
       814         18          0          0          0      12758   gd32f4xx_usart.o
       896         98          0          2          0       2581   i2c.o
       264         30          0          8        392       6626   idle.o
        60          0          0          0          0       5054   ipc.o
        64         12          0          1          0       1870   irq.o
      2202        212        378         56        256      17002   kservice.o
       104         18          0          0          0       1322   led.o
        30          0          0          0          0        521   led_thread.o
       112         38          0          4          0      72293   main.o
       676         68          0          0          0       4834   mem.o
       784        134         39          0          0       7446   msh.o
       326          4          0         80          0       9020   object.o
       128         26          0          5         20       1161   rs485.o
       756         84          0         13        256       9476   scheduler.o
       654         30          0         36          0      10058   sdcard.o
      1316        146          4         16        257       7290   shell.o
        36          8        392          0       1024        920   startup_gd32f407_427.o
       960         64          0          4          0       5019   system_gd32f4xx.o
       642         16          0          0          0      10936   thread.o
       828         22          0         12          0      12468   timer.o
       532         20          0          0          0       2812   usart.o
       328         98          0          4        512       1899   wifi_thread_function.o

    ----------------------------------------------------------------------
     18876       2984       1240        304      18120     294377   Object Totals
         0          0         32          0          0          0   (incl. Generated)
        40          0          3         12          3          0   (incl. Padding)

    ----------------------------------------------------------------------

      Code (inc. data)   RO Data    RW Data    ZI Data      Debug   Library Member Name

        86          0          0          0          0          0   __dczerorl2.o
         0          0          0          0          0          0   entry.o
         0          0          0          0          0          0   entry10a.o
         0          0          0          0          0          0   entry11a.o
         4          0          0          0          0          0   entry12b.o
         8          4          0          0          0          0   entry2.o
         4          0          0          0          0          0   entry5.o
         0          0          0          0          0          0   entry7b.o
         0          0          0          0          0          0   entry8b.o
         8          4          0          0          0          0   entry9a.o
        30          0          0          0          0          0   handlers.o
        36          8          0          0          0         68   init.o
        24          0          0          0          0         68   strcat.o
        28          0          0          0          0         76   strcmp.o
        18          0          0          0          0         68   strcpy.o
        14          0          0          0          0         68   strlen.o
        30          0          0          0          0         80   strncmp.o
        24          0          0          0          0         76   strncpy.o

    ----------------------------------------------------------------------
       316         16          0          0          0        504   Library Totals
         2          0          0          0          0          0   (incl. Padding)

    ----------------------------------------------------------------------

      Code (inc. data)   RO Data    RW Data    ZI Data      Debug   Library Name

       314         16          0          0          0        504   mc_w.l

    ----------------------------------------------------------------------
       316         16          0          0          0        504   Library Totals

    ----------------------------------------------------------------------

==============================================================================


      Code (inc. data)   RO Data    RW Data    ZI Data      Debug   

     19192       3000       1240        304      18120     274257   Grand Totals
     19192       3000       1240        100      18120     274257   ELF Image Totals (compressed)
     19192       3000       1240        100          0          0   ROM Totals

==============================================================================

    Total RO  Size (Code + RO Data)                20432 (  19.95kB)
    Total RW  Size (RW Data + ZI Data)             18424 (  17.99kB)
    Total ROM Size (Code + RO Data + RW Data)      20532 (  20.05kB)

==============================================================================

